Archive member included to satisfy reference by file (symbol)

/Users/jewoolee/STM32CubeIDE/workspace_1.16.0/Lab3_final/Core/Lib/libarm_cortexM4lf_math.a(arm_sin_f32.o)
                              ./Core/Src/main.o (arm_sin_f32)
/Users/jewoolee/STM32CubeIDE/workspace_1.16.0/Lab3_final/Core/Lib/libarm_cortexM4lf_math.a(arm_common_tables.o)
                              /Users/jewoolee/STM32CubeIDE/workspace_1.16.0/Lab3_final/Core/Lib/libarm_cortexM4lf_math.a(arm_sin_f32.o) (sinTable_f32)
/Applications/STM32CubeIDE.app/Contents/Eclipse/plugins/com.st.stm32cube.ide.mcu.externaltools.gnu-tools-for-stm32.12.3.rel1.macos64_1.0.200.202406191456/tools/bin/../lib/gcc/arm-none-eabi/12.3.1/../../../../arm-none-eabi/lib/thumb/v7e-m+fp/hard/libc_nano.a(libc_a-exit.o)
                              /Applications/STM32CubeIDE.app/Contents/Eclipse/plugins/com.st.stm32cube.ide.mcu.externaltools.gnu-tools-for-stm32.12.3.rel1.macos64_1.0.200.202406191456/tools/bin/../lib/gcc/arm-none-eabi/12.3.1/../../../../arm-none-eabi/lib/thumb/v7e-m+fp/hard/crt0.o (exit)
/Applications/STM32CubeIDE.app/Contents/Eclipse/plugins/com.st.stm32cube.ide.mcu.externaltools.gnu-tools-for-stm32.12.3.rel1.macos64_1.0.200.202406191456/tools/bin/../lib/gcc/arm-none-eabi/12.3.1/../../../../arm-none-eabi/lib/thumb/v7e-m+fp/hard/libc_nano.a(libc_a-findfp.o)
                              /Applications/STM32CubeIDE.app/Contents/Eclipse/plugins/com.st.stm32cube.ide.mcu.externaltools.gnu-tools-for-stm32.12.3.rel1.macos64_1.0.200.202406191456/tools/bin/../lib/gcc/arm-none-eabi/12.3.1/../../../../arm-none-eabi/lib/thumb/v7e-m+fp/hard/libc_nano.a(libc_a-exit.o) (__stdio_exit_handler)
/Applications/STM32CubeIDE.app/Contents/Eclipse/plugins/com.st.stm32cube.ide.mcu.externaltools.gnu-tools-for-stm32.12.3.rel1.macos64_1.0.200.202406191456/tools/bin/../lib/gcc/arm-none-eabi/12.3.1/../../../../arm-none-eabi/lib/thumb/v7e-m+fp/hard/libc_nano.a(libc_a-fwalk.o)
                              /Applications/STM32CubeIDE.app/Contents/Eclipse/plugins/com.st.stm32cube.ide.mcu.externaltools.gnu-tools-for-stm32.12.3.rel1.macos64_1.0.200.202406191456/tools/bin/../lib/gcc/arm-none-eabi/12.3.1/../../../../arm-none-eabi/lib/thumb/v7e-m+fp/hard/libc_nano.a(libc_a-findfp.o) (_fwalk_sglue)
/Applications/STM32CubeIDE.app/Contents/Eclipse/plugins/com.st.stm32cube.ide.mcu.externaltools.gnu-tools-for-stm32.12.3.rel1.macos64_1.0.200.202406191456/tools/bin/../lib/gcc/arm-none-eabi/12.3.1/../../../../arm-none-eabi/lib/thumb/v7e-m+fp/hard/libc_nano.a(libc_a-memset.o)
                              /Applications/STM32CubeIDE.app/Contents/Eclipse/plugins/com.st.stm32cube.ide.mcu.externaltools.gnu-tools-for-stm32.12.3.rel1.macos64_1.0.200.202406191456/tools/bin/../lib/gcc/arm-none-eabi/12.3.1/../../../../arm-none-eabi/lib/thumb/v7e-m+fp/hard/crt0.o (memset)
/Applications/STM32CubeIDE.app/Contents/Eclipse/plugins/com.st.stm32cube.ide.mcu.externaltools.gnu-tools-for-stm32.12.3.rel1.macos64_1.0.200.202406191456/tools/bin/../lib/gcc/arm-none-eabi/12.3.1/../../../../arm-none-eabi/lib/thumb/v7e-m+fp/hard/libc_nano.a(libc_a-impure.o)
                              /Applications/STM32CubeIDE.app/Contents/Eclipse/plugins/com.st.stm32cube.ide.mcu.externaltools.gnu-tools-for-stm32.12.3.rel1.macos64_1.0.200.202406191456/tools/bin/../lib/gcc/arm-none-eabi/12.3.1/../../../../arm-none-eabi/lib/thumb/v7e-m+fp/hard/libc_nano.a(libc_a-findfp.o) (_impure_data)
/Applications/STM32CubeIDE.app/Contents/Eclipse/plugins/com.st.stm32cube.ide.mcu.externaltools.gnu-tools-for-stm32.12.3.rel1.macos64_1.0.200.202406191456/tools/bin/../lib/gcc/arm-none-eabi/12.3.1/../../../../arm-none-eabi/lib/thumb/v7e-m+fp/hard/libc_nano.a(libc_a-errno.o)
                              ./Core/Src/syscalls.o (__errno)
/Applications/STM32CubeIDE.app/Contents/Eclipse/plugins/com.st.stm32cube.ide.mcu.externaltools.gnu-tools-for-stm32.12.3.rel1.macos64_1.0.200.202406191456/tools/bin/../lib/gcc/arm-none-eabi/12.3.1/../../../../arm-none-eabi/lib/thumb/v7e-m+fp/hard/libc_nano.a(libc_a-init.o)
                              /Applications/STM32CubeIDE.app/Contents/Eclipse/plugins/com.st.stm32cube.ide.mcu.externaltools.gnu-tools-for-stm32.12.3.rel1.macos64_1.0.200.202406191456/tools/bin/../lib/gcc/arm-none-eabi/12.3.1/../../../../arm-none-eabi/lib/thumb/v7e-m+fp/hard/crt0.o (__libc_init_array)
/Applications/STM32CubeIDE.app/Contents/Eclipse/plugins/com.st.stm32cube.ide.mcu.externaltools.gnu-tools-for-stm32.12.3.rel1.macos64_1.0.200.202406191456/tools/bin/../lib/gcc/arm-none-eabi/12.3.1/../../../../arm-none-eabi/lib/thumb/v7e-m+fp/hard/libc_nano.a(libc_a-lock.o)
                              /Applications/STM32CubeIDE.app/Contents/Eclipse/plugins/com.st.stm32cube.ide.mcu.externaltools.gnu-tools-for-stm32.12.3.rel1.macos64_1.0.200.202406191456/tools/bin/../lib/gcc/arm-none-eabi/12.3.1/../../../../arm-none-eabi/lib/thumb/v7e-m+fp/hard/libc_nano.a(libc_a-findfp.o) (__retarget_lock_init_recursive)
[...]
Memory Configuration

Name             Origin             Length             Attributes
RAM              0x20000000         0x000a0000         xrw
RAM2             0x10000000         0x00010000         xrw
RAM3             0x20040000         0x00060000         xrw
FLASH            0x08000000         0x00200000         xr
*default*        0x00000000         0xffffffff

Linker script and memory map

LOAD /Applications/STM32CubeIDE.app/Contents/Eclipse/plugins/com.st.stm32cube.ide.mcu.externaltools.gnu-tools-for-stm32.12.3.rel1.macos64_1.0.200.202406191456/tools/bin/../lib/gcc/arm-none-eabi/12.3.1/thumb/v7e-m+fp/hard/crti.o
LOAD /Applications/STM32CubeIDE.app/Contents/Eclipse/plugins/com.st.stm32cube.ide.mcu.externaltools.gnu-tools-for-stm32.12.3.rel1.macos64_1.0.200.202406191456/tools/bin/../lib/gcc/arm-none-eabi/12.3.1/thumb/v7e-m+fp/hard/crtbegin.o
LOAD /Applications/STM32CubeIDE.app/Contents/Eclipse/plugins/com.st.stm32cube.ide.mcu.externaltools.gnu-tools-for-stm32.12.3.rel1.macos64_1.0.200.202406191456/tools/bin/../lib/gcc/arm-none-eabi/12.3.1/../../../../arm-none-eabi/lib/thumb/v7e-m+fp/hard/crt0.o
LOAD ./Core/Src/main.o
LOAD ./Core/Src/stm32l4xx_hal_msp.o
LOAD ./Core/Src/stm32l4xx_it.o
LOAD ./Core/Src/syscalls.o
LOAD ./Core/Src/sysmem.o
LOAD ./Core/Src/system_stm32l4xx.o
LOAD ./Core/Startup/startup_stm32l4s5vitx.o
LOAD ./Drivers/STM32L4xx_HAL_Driver/Src/stm32l4xx_hal.o
LOAD ./Drivers/STM32L4xx_HAL_Driver/Src/stm32l4xx_hal_cortex.o
LOAD ./Drivers/STM32L4xx_HAL_Driver/Src/stm32l4xx_hal_dac.o
LOAD ./Drivers/STM32L4xx_HAL_Driver/Src/stm32l4xx_hal_dac_ex.o
LOAD ./Drivers/STM32L4xx_HAL_Driver/Src/stm32l4xx_hal_dma.o
LOAD ./Drivers/STM32L4xx_HAL_Driver/Src/stm32l4xx_hal_dma_ex.o
LOAD ./Drivers/STM32L4xx_HAL_Driver/Src/stm32l4xx_hal_exti.o
LOAD ./Drivers/STM32L4xx_HAL_Driver/Src/stm32l4xx_hal_flash.o
LOAD ./Drivers/STM32L4xx_HAL_Driver/Src/stm32l4xx_hal_flash_ex.o
LOAD ./Drivers/STM32L4xx_HAL_Driver/Src/stm32l4xx_hal_flash_ramfunc.o
LOAD ./Drivers/STM32L4xx_HAL_Driver/Src/stm32l4xx_hal_gpio.o
LOAD ./Drivers/STM32L4xx_HAL_Driver/Src/stm32l4xx_hal_i2c.o
LOAD ./Drivers/STM32L4xx_HAL_Driver/Src/stm32l4xx_hal_i2c_ex.o
LOAD ./Drivers/STM32L4xx_HAL_Driver/Src/stm32l4xx_hal_pwr.o
LOAD ./Drivers/STM32L4xx_HAL_Driver/Src/stm32l4xx_hal_pwr_ex.o
LOAD ./Drivers/STM32L4xx_HAL_Driver/Src/stm32l4xx_hal_rcc.o
LOAD ./Drivers/STM32L4xx_HAL_Driver/Src/stm32l4xx_hal_rcc_ex.o
LOAD ./Drivers/STM32L4xx_HAL_Driver/Src/stm32l4xx_hal_tim.o
LOAD ./Drivers/STM32L4xx_HAL_Driver/Src/stm32l4xx_hal_tim_ex.o
LOAD /Users/jewoolee/STM32CubeIDE/workspace_1.16.0/Lab3_final/Core/Lib/libarm_cortexM4lf_math.a
START GROUP
LOAD /Applications/STM32CubeIDE.app/Contents/Eclipse/plugins/com.st.stm32cube.ide.mcu.externaltools.gnu-tools-for-stm32.12.3.rel1.macos64_1.0.200.202406191456/tools/bin/../lib/gcc/arm-none-eabi/12.3.1/../../../../arm-none-eabi/lib/thumb/v7e-m+fp/hard/libc_nano.a
LOAD /Applications/STM32CubeIDE.app/Contents/Eclipse/plugins/com.st.stm32cube.ide.mcu.externaltools.gnu-tools-for-stm32.12.3.rel1.macos64_1.0.200.202406191456/tools/bin/../lib/gcc/arm-none-eabi/12.3.1/../../../../arm-none-eabi/lib/thumb/v7e-m+fp/hard/libm.a
END GROUP
START GROUP
LOAD /Applications/STM32CubeIDE.app/Contents/Eclipse/plugins/com.st.stm32cube.ide.mcu.externaltools.gnu-tools-for-stm32.12.3.rel1.macos64_1.0.200.202406191456/tools/bin/../lib/gcc/arm-none-eabi/12.3.1/thumb/v7e-m+fp/hard/libgcc.a
LOAD /Applications/STM32CubeIDE.app/Contents/Eclipse/plugins/com.st.stm32cube.ide.mcu.externaltools.gnu-tools-for-stm32.12.3.rel1.macos64_1.0.200.202406191456/tools/bin/../lib/gcc/arm-none-eabi/12.3.1/../../../../arm-none-eabi/lib/thumb/v7e-m+fp/hard/libc_nano.a
END GROUP
START GROUP
LOAD /Applications/STM32CubeIDE.app/Contents/Eclipse/plugins/com.st.stm32cube.ide.mcu.externaltools.gnu-tools-for-stm32.12.3.rel1.macos64_1.0.200.202406191456/tools/bin/../lib/gcc/arm-none-eabi/12.3.1/thumb/v7e-m+fp/hard/libgcc.a
LOAD /Applications/STM32CubeIDE.app/Contents/Eclipse/plugins/com.st.stm32cube.ide.mcu.externaltools.gnu-tools-for-stm32.12.3.rel1.macos64_1.0.200.202406191456/tools/bin/../lib/gcc/arm-none-eabi/12.3.1/../../../../arm-none-eabi/lib/thumb/v7e-m+fp/hard/libc_nano.a
LOAD /Applications/STM32CubeIDE.app/Contents/Eclipse/plugins/com.st.stm32cube.ide.mcu.externaltools.gnu-tools-for-stm32.12.3.rel1.macos64_1.0.200.202406191456/tools/bin/../lib/gcc/arm-none-eabi/12.3.1/../../../../arm-none-eabi/lib/thumb/v7e-m+fp/hard/libnosys.a
END GROUP
START GROUP
LOAD /Applications/STM32CubeIDE.app/Contents/Eclipse/plugins/com.st.stm32cube.ide.mcu.externaltools.gnu-tools-for-stm32.12.3.rel1.macos64_1.0.200.202406191456/tools/bin/../lib/gcc/arm-none-eabi/12.3.1/thumb/v7e-m+fp/hard/libgcc.a
LOAD /Applications/STM32CubeIDE.app/Contents/Eclipse/plugins/com.st.stm32cube.ide.mcu.externaltools.gnu-tools-for-stm32.12.3.rel1.macos64_1.0.200.202406191456/tools/bin/../lib/gcc/arm-none-eabi/12.3.1/../../../../arm-none-eabi/lib/thumb/v7e-m+fp/hard/libc_nano.a
LOAD /Applications/STM32CubeIDE.app/Contents/Eclipse/plugins/com.st.stm32cube.ide.mcu.externaltools.gnu-tools-for-stm32.12.3.rel1.macos64_1.0.200.202406191456/tools/bin/../lib/gcc/arm-none-eabi/12.3.1/../../../../arm-none-eabi/lib/thumb/v7e-m+fp/hard/libnosys.a
END GROUP
LOAD /Applications/STM32CubeIDE.app/Contents/Eclipse/plugins/com.st.stm32cube.ide.mcu.externaltools.gnu-tools-for-stm32.12.3.rel1.macos64_1.0.200.202406191456/tools/bin/../lib/gcc/arm-none-eabi/12.3.1/thumb/v7e-m+fp/hard/crtend.o
LOAD /Applications/STM32CubeIDE.app/Contents/Eclipse/plugins/com.st.stm32cube.ide.mcu.externaltools.gnu-tools-for-stm32.12.3.rel1.macos64_1.0.200.202406191456/tools/bin/../lib/gcc/arm-none-eabi/12.3.1/thumb/v7e-m+fp/hard/crtn.o
                0x200a0000                        _estack = (ORIGIN (RAM) + LENGTH (RAM))
                0x00000200                        _Min_Heap_Size = 0x200
                0x00000400                        _Min_Stack_Size = 0x400

.isr_vector     0x08000000      0x1bc
                0x08000000                        . = ALIGN (0x4)
 *(.isr_vector)
 .isr_vector    0x08000000      0x1bc ./Core/Startup/startup_stm32l4s5vitx.o
                0x08000000                g_pfnVectors
                0x080001bc                        . = ALIGN (0x4)

.text           0x080001c0     0x3c40
                0x080001c0                        . = ALIGN (0x4)
 *(.text)
 .text          0x080001c0       0x40 /Applications/STM32CubeIDE.app/Contents/Eclipse/plugins/com.st.stm32cube.ide.mcu.externaltools.gnu-tools-for-stm32.12.3.rel1.macos64_1.0.200.202406191456/tools/bin/../lib/gcc/arm-none-eabi/12.3.1/thumb/v7e-m+fp/hard/crtbegin.o
 .text          0x08000200      0x254 /Applications/STM32CubeIDE.app/Contents/Eclipse/plugins/com.st.stm32cube.ide.mcu.externaltools.gnu-tools-for-stm32.12.3.rel1.macos64_1.0.200.202406191456/tools/bin/../lib/gcc/arm-none-eabi/12.3.1/thumb/v7e-m+fp/hard/libgcc.a(_arm_muldf3.o)
                0x08000200                __aeabi_dmul
                0x08000200                __muldf3
 .text          0x08000454      0x378 /Applications/STM32CubeIDE.app/Contents/Eclipse/plugins/com.st.stm32cube.ide.mcu.externaltools.gnu-tools-for-stm32.12.3.rel1.macos64_1.0.200.202406191456/tools/bin/../lib/gcc/arm-none-eabi/12.3.1/thumb/v7e-m+fp/hard/libgcc.a(_arm_addsubdf3.o)
                0x08000454                __aeabi_drsub
                0x0800045c                __subdf3
                0x0800045c                __aeabi_dsub
                0x08000460                __aeabi_dadd
                0x08000460                __adddf3
                0x080006d8                __aeabi_ui2d
                0x080006d8                __floatunsidf
                0x080006f8                __floatsidf
                0x080006f8                __aeabi_i2d
                0x0800071c                __extendsfdf2
                0x0800071c                __aeabi_f2d
                0x08000760                __aeabi_ul2d
                0x08000760                __floatundidf
                0x08000770                __aeabi_l2d
                0x08000770                __floatdidf
 .text          0x080007cc       0xa0 /Applications/STM32CubeIDE.app/Contents/Eclipse/plugins/com.st.stm32cube.ide.mcu.externaltools.gnu-tools-for-stm32.12.3.rel1.macos64_1.0.200.202406191456/tools/bin/../lib/gcc/arm-none-eabi/12.3.1/thumb/v7e-m+fp/hard/libgcc.a(_arm_truncdfsf2.o)
                0x080007cc                __aeabi_d2f
                0x080007cc                __truncdfsf2
 *(.text*)
 .text.main     0x0800086c       0x64 ./Core/Src/main.o
                0x0800086c                main
 .text.SystemClock_Config
                0x080008d0       0xa2 ./Core/Src/main.o
                0x080008d0                SystemClock_Config
 *fill*         0x08000972        0x2 
 .text.MX_DAC1_Init
                0x08000974       0x68 ./Core/Src/main.o
 .text.MX_TIM2_Init
                0x080009dc       0x9c ./Core/Src/main.o
 .text.MX_DMA_Init
                0x08000a78       0x54 ./Core/Src/main.o
 .text.MX_GPIO_Init
                0x08000acc       0xc8 ./Core/Src/main.o
 *fill*         0x08000b94        0x4 
 .text.generate_sine
                0x08000b98      0x160 ./Core/Src/main.o
                0x08000b98                generate_sine
 .text.HAL_TIM_PeriodElapsedCallback
                0x08000cf8       0x80 ./Core/Src/main.o
                0x08000cf8                HAL_TIM_PeriodElapsedCallback
 .text.HAL_GPIO_EXTI_Callback
                0x08000d78       0x9c ./Core/Src/main.o
                0x08000d78                HAL_GPIO_EXTI_Callback
 .text.Error_Handler
                0x08000e14        0xc ./Core/Src/main.o
                0x08000e14                Error_Handler
 .text.HAL_MspInit
                0x08000e20       0x48 ./Core/Src/stm32l4xx_hal_msp.o
                0x08000e20                HAL_MspInit
 .text.HAL_DAC_MspInit
                0x08000e68       0xe8 ./Core/Src/stm32l4xx_hal_msp.o
                0x08000e68                HAL_DAC_MspInit
 .text.HAL_TIM_Base_MspInit
                0x08000f50       0x48 ./Core/Src/stm32l4xx_hal_msp.o
                0x08000f50                HAL_TIM_Base_MspInit
 .text.NMI_Handler
                0x08000f98        0x8 ./Core/Src/stm32l4xx_it.o
                0x08000f98                NMI_Handler
 .text.HardFault_Handler
                0x08000fa0        0x8 ./Core/Src/stm32l4xx_it.o
                0x08000fa0                HardFault_Handler
 .text.MemManage_Handler
                0x08000fa8        0x8 ./Core/Src/stm32l4xx_it.o
                0x08000fa8                MemManage_Handler
 .text.BusFault_Handler
                0x08000fb0        0x8 ./Core/Src/stm32l4xx_it.o
                0x08000fb0                BusFault_Handler
 .text.UsageFault_Handler
                0x08000fb8        0x8 ./Core/Src/stm32l4xx_it.o
                0x08000fb8                UsageFault_Handler
 .text.SVC_Handler
                0x08000fc0        0xe ./Core/Src/stm32l4xx_it.o
                0x08000fc0                SVC_Handler
 .text.DebugMon_Handler
                0x08000fce        0xe ./Core/Src/stm32l4xx_it.o
                0x08000fce                DebugMon_Handler
 .text.PendSV_Handler
                0x08000fdc        0xe ./Core/Src/stm32l4xx_it.o
                0x08000fdc                PendSV_Handler
 .text.SysTick_Handler
                0x08000fea        0xc ./Core/Src/stm32l4xx_it.o
                0x08000fea                SysTick_Handler
 *fill*         0x08000ff6        0x2 
 .text.DMA1_Channel1_IRQHandler
                0x08000ff8       0x14 ./Core/Src/stm32l4xx_it.o
                0x08000ff8                DMA1_Channel1_IRQHandler
 .text.TIM2_IRQHandler
                0x0800100c       0x14 ./Core/Src/stm32l4xx_it.o
                0x0800100c                TIM2_IRQHandler
 .text.EXTI15_10_IRQHandler
                0x08001020       0x10 ./Core/Src/stm32l4xx_it.o
                0x08001020                EXTI15_10_IRQHandler
 .text.TIM6_DAC_IRQHandler
                0x08001030       0x14 ./Core/Src/stm32l4xx_it.o
                0x08001030                TIM6_DAC_IRQHandler
 .text.SystemInit
                0x08001044       0x24 ./Core/Src/system_stm32l4xx.o
                0x08001044                SystemInit
 .text.Reset_Handler
                0x08001068       0x50 ./Core/Startup/startup_stm32l4s5vitx.o
                0x08001068                Reset_Handler
 .text.Default_Handler
                0x080010b8        0x2 ./Core/Startup/startup_stm32l4s5vitx.o
                0x080010b8                TIM1_BRK_TIM15_IRQHandler
                0x080010b8                EXTI2_IRQHandler
                0x080010b8                TIM8_TRG_COM_IRQHandler
                0x080010b8                TIM8_CC_IRQHandler
                0x080010b8                TIM1_CC_IRQHandler
                0x080010b8                TSC_IRQHandler
                0x080010b8                TAMP_STAMP_IRQHandler
                0x080010b8                EXTI3_IRQHandler
                0x080010b8                LPTIM2_IRQHandler
                0x080010b8                DFSDM1_FLT1_IRQHandler
                0x080010b8                GFXMMU_IRQHandler
                0x080010b8                I2C3_ER_IRQHandler
                0x080010b8                DFSDM1_FLT2_IRQHandler
                0x080010b8                EXTI0_IRQHandler
                0x080010b8                I2C2_EV_IRQHandler
                0x080010b8                CAN1_RX0_IRQHandler
                0x080010b8                FPU_IRQHandler
                0x080010b8                TIM1_UP_TIM16_IRQHandler
                0x080010b8                LTDC_ER_IRQHandler
                0x080010b8                SPI1_IRQHandler
                0x080010b8                OCTOSPI1_IRQHandler
                0x080010b8                DCMI_IRQHandler
                0x080010b8                TIM8_UP_IRQHandler
                0x080010b8                OCTOSPI2_IRQHandler
                0x080010b8                DMA2_Channel2_IRQHandler
                0x080010b8                DMA1_Channel4_IRQHandler
                0x080010b8                SAI2_IRQHandler
                0x080010b8                ADC1_IRQHandler
                0x080010b8                DFSDM1_FLT3_IRQHandler
                0x080010b8                USART3_IRQHandler
                0x080010b8                DMA1_Channel7_IRQHandler
                0x080010b8                CAN1_RX1_IRQHandler
                0x080010b8                UART5_IRQHandler
                0x080010b8                TIM4_IRQHandler
                0x080010b8                DMA2_Channel1_IRQHandler
                0x080010b8                I2C1_EV_IRQHandler
                0x080010b8                DMAMUX1_OVR_IRQHandler
                0x080010b8                DMA1_Channel6_IRQHandler
                0x080010b8                UART4_IRQHandler
                0x080010b8                DMA2_Channel4_IRQHandler
                0x080010b8                TIM3_IRQHandler
                0x080010b8                RCC_IRQHandler
                0x080010b8                Default_Handler
                0x080010b8                DMA2_Channel7_IRQHandler
                0x080010b8                TIM7_IRQHandler
                0x080010b8                SDMMC1_IRQHandler
                0x080010b8                TIM5_IRQHandler
                0x080010b8                I2C3_EV_IRQHandler
                0x080010b8                EXTI9_5_IRQHandler
                0x080010b8                RTC_WKUP_IRQHandler
                0x080010b8                LTDC_IRQHandler
                0x080010b8                PVD_PVM_IRQHandler
                0x080010b8                SPI2_IRQHandler
                0x080010b8                CAN1_TX_IRQHandler
                0x080010b8                DMA2_Channel5_IRQHandler
                0x080010b8                DMA1_Channel5_IRQHandler
                0x080010b8                EXTI4_IRQHandler
                0x080010b8                RNG_IRQHandler
                0x080010b8                TIM1_TRG_COM_TIM17_IRQHandler
                0x080010b8                DMA1_Channel3_IRQHandler
                0x080010b8                COMP_IRQHandler
                0x080010b8                HASH_CRS_IRQHandler
                0x080010b8                WWDG_IRQHandler
                0x080010b8                I2C4_EV_IRQHandler
                0x080010b8                LPUART1_IRQHandler
                0x080010b8                DMA2_Channel6_IRQHandler
                0x080010b8                DMA2D_IRQHandler
                0x080010b8                EXTI1_IRQHandler
                0x080010b8                AES_IRQHandler
                0x080010b8                USART2_IRQHandler
                0x080010b8                DFSDM1_FLT0_IRQHandler
                0x080010b8                I2C2_ER_IRQHandler
                0x080010b8                DMA1_Channel2_IRQHandler
                0x080010b8                TIM8_BRK_IRQHandler
                0x080010b8                CAN1_SCE_IRQHandler
                0x080010b8                FLASH_IRQHandler
                0x080010b8                USART1_IRQHandler
                0x080010b8                OTG_FS_IRQHandler
                0x080010b8                SPI3_IRQHandler
                0x080010b8                I2C1_ER_IRQHandler
                0x080010b8                FMC_IRQHandler
                0x080010b8                LPTIM1_IRQHandler
                0x080010b8                I2C4_ER_IRQHandler
                0x080010b8                SAI1_IRQHandler
                0x080010b8                DMA2_Channel3_IRQHandler
                0x080010b8                RTC_Alarm_IRQHandler
 .text.HAL_Init
                0x080010ba       0x30 ./Drivers/STM32L4xx_HAL_Driver/Src/stm32l4xx_hal.o
                0x080010ba                HAL_Init
 *fill*         0x080010ea        0x2 
 .text.HAL_InitTick
                0x080010ec       0x78 ./Drivers/STM32L4xx_HAL_Driver/Src/stm32l4xx_hal.o
                0x080010ec                HAL_InitTick
 .text.HAL_IncTick
                0x08001164       0x28 ./Drivers/STM32L4xx_HAL_Driver/Src/stm32l4xx_hal.o
                0x08001164                HAL_IncTick
 .text.HAL_GetTick
                0x0800118c       0x18 ./Drivers/STM32L4xx_HAL_Driver/Src/stm32l4xx_hal.o
                0x0800118c                HAL_GetTick
 .text.HAL_Delay
                0x080011a4       0x48 ./Drivers/STM32L4xx_HAL_Driver/Src/stm32l4xx_hal.o
                0x080011a4                HAL_Delay
 .text.__NVIC_SetPriorityGrouping
                0x080011ec       0x48 ./Drivers/STM32L4xx_HAL_Driver/Src/stm32l4xx_hal_cortex.o
 .text.__NVIC_GetPriorityGrouping
                0x08001234       0x1c ./Drivers/STM32L4xx_HAL_Driver/Src/stm32l4xx_hal_cortex.o
 .text.__NVIC_EnableIRQ
                0x08001250       0x3c ./Drivers/STM32L4xx_HAL_Driver/Src/stm32l4xx_hal_cortex.o
 .text.__NVIC_SetPriority
                0x0800128c       0x54 ./Drivers/STM32L4xx_HAL_Driver/Src/stm32l4xx_hal_cortex.o
 .text.NVIC_EncodePriority
                0x080012e0       0x66 ./Drivers/STM32L4xx_HAL_Driver/Src/stm32l4xx_hal_cortex.o
 *fill*         0x08001346        0x2 
 .text.SysTick_Config
                0x08001348       0x44 ./Drivers/STM32L4xx_HAL_Driver/Src/stm32l4xx_hal_cortex.o
 .text.HAL_NVIC_SetPriorityGrouping
                0x0800138c       0x16 ./Drivers/STM32L4xx_HAL_Driver/Src/stm32l4xx_hal_cortex.o
                0x0800138c                HAL_NVIC_SetPriorityGrouping
 .text.HAL_NVIC_SetPriority
                0x080013a2       0x38 ./Drivers/STM32L4xx_HAL_Driver/Src/stm32l4xx_hal_cortex.o
                0x080013a2                HAL_NVIC_SetPriority
 .text.HAL_NVIC_EnableIRQ
                0x080013da       0x1c ./Drivers/STM32L4xx_HAL_Driver/Src/stm32l4xx_hal_cortex.o
                0x080013da                HAL_NVIC_EnableIRQ
 .text.HAL_SYSTICK_Config
                0x080013f6       0x18 ./Drivers/STM32L4xx_HAL_Driver/Src/stm32l4xx_hal_cortex.o
                0x080013f6                HAL_SYSTICK_Config
 .text.HAL_DAC_Init
                0x0800140e       0x44 ./Drivers/STM32L4xx_HAL_Driver/Src/stm32l4xx_hal_dac.o
                0x0800140e                HAL_DAC_Init
 *fill*         0x08001452        0x2 
 .text.HAL_DAC_Start_DMA
                0x08001454      0x198 ./Drivers/STM32L4xx_HAL_Driver/Src/stm32l4xx_hal_dac.o
                0x08001454                HAL_DAC_Start_DMA
 .text.HAL_DAC_Stop_DMA
                0x080015ec       0x8a ./Drivers/STM32L4xx_HAL_Driver/Src/stm32l4xx_hal_dac.o
                0x080015ec                HAL_DAC_Stop_DMA
 .text.HAL_DAC_IRQHandler
                0x08001676       0xb4 ./Drivers/STM32L4xx_HAL_Driver/Src/stm32l4xx_hal_dac.o
                0x08001676                HAL_DAC_IRQHandler
 .text.HAL_DAC_SetValue
                0x0800172a       0x4a ./Drivers/STM32L4xx_HAL_Driver/Src/stm32l4xx_hal_dac.o
                0x0800172a                HAL_DAC_SetValue
 .text.HAL_DAC_ConvCpltCallbackCh1
                0x08001774       0x14 ./Drivers/STM32L4xx_HAL_Driver/Src/stm32l4xx_hal_dac.o
                0x08001774                HAL_DAC_ConvCpltCallbackCh1
 .text.HAL_DAC_ConvHalfCpltCallbackCh1
                0x08001788       0x14 ./Drivers/STM32L4xx_HAL_Driver/Src/stm32l4xx_hal_dac.o
                0x08001788                HAL_DAC_ConvHalfCpltCallbackCh1
 .text.HAL_DAC_ErrorCallbackCh1
                0x0800179c       0x14 ./Drivers/STM32L4xx_HAL_Driver/Src/stm32l4xx_hal_dac.o
                0x0800179c                HAL_DAC_ErrorCallbackCh1
 .text.HAL_DAC_DMAUnderrunCallbackCh1
                0x080017b0       0x14 ./Drivers/STM32L4xx_HAL_Driver/Src/stm32l4xx_hal_dac.o
                0x080017b0                HAL_DAC_DMAUnderrunCallbackCh1
 .text.HAL_DAC_ConfigChannel
                0x080017c4      0x298 ./Drivers/STM32L4xx_HAL_Driver/Src/stm32l4xx_hal_dac.o
                0x080017c4                HAL_DAC_ConfigChannel
 .text.DAC_DMAConvCpltCh1
                0x08001a5c       0x22 ./Drivers/STM32L4xx_HAL_Driver/Src/stm32l4xx_hal_dac.o
                0x08001a5c                DAC_DMAConvCpltCh1
 .text.DAC_DMAHalfConvCpltCh1
                0x08001a7e       0x1c ./Drivers/STM32L4xx_HAL_Driver/Src/stm32l4xx_hal_dac.o
                0x08001a7e                DAC_DMAHalfConvCpltCh1
 .text.DAC_DMAErrorCh1
                0x08001a9a       0x2e ./Drivers/STM32L4xx_HAL_Driver/Src/stm32l4xx_hal_dac.o
                0x08001a9a                DAC_DMAErrorCh1
 .text.HAL_DACEx_ConvCpltCallbackCh2
                0x08001ac8       0x14 ./Drivers/STM32L4xx_HAL_Driver/Src/stm32l4xx_hal_dac_ex.o
                0x08001ac8                HAL_DACEx_ConvCpltCallbackCh2
 .text.HAL_DACEx_ConvHalfCpltCallbackCh2
                0x08001adc       0x14 ./Drivers/STM32L4xx_HAL_Driver/Src/stm32l4xx_hal_dac_ex.o
                0x08001adc                HAL_DACEx_ConvHalfCpltCallbackCh2
 .text.HAL_DACEx_ErrorCallbackCh2
                0x08001af0       0x14 ./Drivers/STM32L4xx_HAL_Driver/Src/stm32l4xx_hal_dac_ex.o
                0x08001af0                HAL_DACEx_ErrorCallbackCh2
 .text.HAL_DACEx_DMAUnderrunCallbackCh2
                0x08001b04       0x14 ./Drivers/STM32L4xx_HAL_Driver/Src/stm32l4xx_hal_dac_ex.o
                0x08001b04                HAL_DACEx_DMAUnderrunCallbackCh2
 .text.DAC_DMAConvCpltCh2
                0x08001b18       0x22 ./Drivers/STM32L4xx_HAL_Driver/Src/stm32l4xx_hal_dac_ex.o
                0x08001b18                DAC_DMAConvCpltCh2
 .text.DAC_DMAHalfConvCpltCh2
                0x08001b3a       0x1c ./Drivers/STM32L4xx_HAL_Driver/Src/stm32l4xx_hal_dac_ex.o
                0x08001b3a                DAC_DMAHalfConvCpltCh2
 .text.DAC_DMAErrorCh2
                0x08001b56       0x2e ./Drivers/STM32L4xx_HAL_Driver/Src/stm32l4xx_hal_dac_ex.o
                0x08001b56                DAC_DMAErrorCh2
 .text.HAL_DMA_Init
                0x08001b84      0x150 ./Drivers/STM32L4xx_HAL_Driver/Src/stm32l4xx_hal_dma.o
                0x08001b84                HAL_DMA_Init
 .text.HAL_DMA_Start_IT
                0x08001cd4       0xf6 ./Drivers/STM32L4xx_HAL_Driver/Src/stm32l4xx_hal_dma.o
                0x08001cd4                HAL_DMA_Start_IT
 .text.HAL_DMA_Abort
                0x08001dca       0xb8 ./Drivers/STM32L4xx_HAL_Driver/Src/stm32l4xx_hal_dma.o
                0x08001dca                HAL_DMA_Abort
 .text.HAL_DMA_IRQHandler
                0x08001e82      0x15e ./Drivers/STM32L4xx_HAL_Driver/Src/stm32l4xx_hal_dma.o
                0x08001e82                HAL_DMA_IRQHandler
 .text.DMA_SetConfig
                0x08001fe0       0x7c ./Drivers/STM32L4xx_HAL_Driver/Src/stm32l4xx_hal_dma.o
 .text.DMA_CalcDMAMUXChannelBaseAndMask
                0x0800205c       0x7c ./Drivers/STM32L4xx_HAL_Driver/Src/stm32l4xx_hal_dma.o
 .text.DMA_CalcDMAMUXRequestGenBaseAndMask
                0x080020d8       0x48 ./Drivers/STM32L4xx_HAL_Driver/Src/stm32l4xx_hal_dma.o
 .text.HAL_GPIO_Init
                0x08002120      0x324 ./Drivers/STM32L4xx_HAL_Driver/Src/stm32l4xx_hal_gpio.o
                0x08002120                HAL_GPIO_Init
 .text.HAL_GPIO_WritePin
                0x08002444       0x30 ./Drivers/STM32L4xx_HAL_Driver/Src/stm32l4xx_hal_gpio.o
                0x08002444                HAL_GPIO_WritePin
 .text.HAL_GPIO_TogglePin
                0x08002474       0x34 ./Drivers/STM32L4xx_HAL_Driver/Src/stm32l4xx_hal_gpio.o
                0x08002474                HAL_GPIO_TogglePin
 .text.HAL_GPIO_EXTI_IRQHandler
                0x080024a8       0x30 ./Drivers/STM32L4xx_HAL_Driver/Src/stm32l4xx_hal_gpio.o
                0x080024a8                HAL_GPIO_EXTI_IRQHandler
 .text.HAL_PWREx_GetVoltageRange
                0x080024d8       0x40 ./Drivers/STM32L4xx_HAL_Driver/Src/stm32l4xx_hal_pwr_ex.o
                0x080024d8                HAL_PWREx_GetVoltageRange
 .text.HAL_PWREx_ControlVoltageScaling
                0x08002518      0x148 ./Drivers/STM32L4xx_HAL_Driver/Src/stm32l4xx_hal_pwr_ex.o
                0x08002518                HAL_PWREx_ControlVoltageScaling
 .text.HAL_RCC_OscConfig
                0x08002660      0x834 ./Drivers/STM32L4xx_HAL_Driver/Src/stm32l4xx_hal_rcc.o
                0x08002660                HAL_RCC_OscConfig
 .text.HAL_RCC_ClockConfig
                0x08002e94      0x274 ./Drivers/STM32L4xx_HAL_Driver/Src/stm32l4xx_hal_rcc.o
                0x08002e94                HAL_RCC_ClockConfig
 .text.HAL_RCC_GetSysClockFreq
                0x08003108      0x118 ./Drivers/STM32L4xx_HAL_Driver/Src/stm32l4xx_hal_rcc.o
                0x08003108                HAL_RCC_GetSysClockFreq
 .text.HAL_RCC_GetHCLKFreq
                0x08003220       0x18 ./Drivers/STM32L4xx_HAL_Driver/Src/stm32l4xx_hal_rcc.o
                0x08003220                HAL_RCC_GetHCLKFreq
 .text.RCC_SetFlashLatencyFromMSIRange
                0x08003238       0xb4 ./Drivers/STM32L4xx_HAL_Driver/Src/stm32l4xx_hal_rcc.o
 .text.RCC_GetSysClockFreqFromPLLSource
                0x080032ec       0xcc ./Drivers/STM32L4xx_HAL_Driver/Src/stm32l4xx_hal_rcc.o
 .text.HAL_TIM_Base_Init
                0x080033b8       0xae ./Drivers/STM32L4xx_HAL_Driver/Src/stm32l4xx_hal_tim.o
                0x080033b8                HAL_TIM_Base_Init
 *fill*         0x08003466        0x2 
 .text.HAL_TIM_Base_Start_IT
                0x08003468       0xe0 ./Drivers/STM32L4xx_HAL_Driver/Src/stm32l4xx_hal_tim.o
                0x08003468                HAL_TIM_Base_Start_IT
 .text.HAL_TIM_IRQHandler
                0x08003548      0x20e ./Drivers/STM32L4xx_HAL_Driver/Src/stm32l4xx_hal_tim.o
                0x08003548                HAL_TIM_IRQHandler
 .text.HAL_TIM_ConfigClockSource
                0x08003756      0x192 ./Drivers/STM32L4xx_HAL_Driver/Src/stm32l4xx_hal_tim.o
                0x08003756                HAL_TIM_ConfigClockSource
 .text.HAL_TIM_OC_DelayElapsedCallback
                0x080038e8       0x14 ./Drivers/STM32L4xx_HAL_Driver/Src/stm32l4xx_hal_tim.o
                0x080038e8                HAL_TIM_OC_DelayElapsedCallback
 .text.HAL_TIM_IC_CaptureCallback
                0x080038fc       0x14 ./Drivers/STM32L4xx_HAL_Driver/Src/stm32l4xx_hal_tim.o
                0x080038fc                HAL_TIM_IC_CaptureCallback
 .text.HAL_TIM_PWM_PulseFinishedCallback
                0x08003910       0x14 ./Drivers/STM32L4xx_HAL_Driver/Src/stm32l4xx_hal_tim.o
                0x08003910                HAL_TIM_PWM_PulseFinishedCallback
 .text.HAL_TIM_TriggerCallback
                0x08003924       0x14 ./Drivers/STM32L4xx_HAL_Driver/Src/stm32l4xx_hal_tim.o
                0x08003924                HAL_TIM_TriggerCallback
 .text.TIM_Base_SetConfig
                0x08003938      0x14c ./Drivers/STM32L4xx_HAL_Driver/Src/stm32l4xx_hal_tim.o
                0x08003938                TIM_Base_SetConfig
 .text.TIM_TI1_ConfigInputStage
                0x08003a84       0x5e ./Drivers/STM32L4xx_HAL_Driver/Src/stm32l4xx_hal_tim.o
 .text.TIM_TI2_ConfigInputStage
                0x08003ae2       0x60 ./Drivers/STM32L4xx_HAL_Driver/Src/stm32l4xx_hal_tim.o
 .text.TIM_ITRx_SetConfig
                0x08003b42       0x36 ./Drivers/STM32L4xx_HAL_Driver/Src/stm32l4xx_hal_tim.o
 .text.TIM_ETR_SetConfig
                0x08003b78       0x40 ./Drivers/STM32L4xx_HAL_Driver/Src/stm32l4xx_hal_tim.o
                0x08003b78                TIM_ETR_SetConfig
 .text.HAL_TIMEx_MasterConfigSynchronization
                0x08003bb8      0x110 ./Drivers/STM32L4xx_HAL_Driver/Src/stm32l4xx_hal_tim_ex.o
                0x08003bb8                HAL_TIMEx_MasterConfigSynchronization
 .text.HAL_TIMEx_CommutCallback
                0x08003cc8       0x14 ./Drivers/STM32L4xx_HAL_Driver/Src/stm32l4xx_hal_tim_ex.o
                0x08003cc8                HAL_TIMEx_CommutCallback
 .text.HAL_TIMEx_BreakCallback
                0x08003cdc       0x14 ./Drivers/STM32L4xx_HAL_Driver/Src/stm32l4xx_hal_tim_ex.o
                0x08003cdc                HAL_TIMEx_BreakCallback
 .text.HAL_TIMEx_Break2Callback
                0x08003cf0       0x14 ./Drivers/STM32L4xx_HAL_Driver/Src/stm32l4xx_hal_tim_ex.o
                0x08003cf0                HAL_TIMEx_Break2Callback
 .text.arm_sin_f32
                0x08003d04       0x8c /Users/jewoolee/STM32CubeIDE/workspace_1.16.0/Lab3_final/Core/Lib/libarm_cortexM4lf_math.a(arm_sin_f32.o)
                0x08003d04                arm_sin_f32
 .text.memset   0x08003d90       0x10 /Applications/STM32CubeIDE.app/Contents/Eclipse/plugins/com.st.stm32cube.ide.mcu.externaltools.gnu-tools-for-stm32.12.3.rel1.macos64_1.0.200.202406191456/tools/bin/../lib/gcc/arm-none-eabi/12.3.1/../../../../arm-none-eabi/lib/thumb/v7e-m+fp/hard/libc_nano.a(libc_a-memset.o)
                0x08003d90                memset
 .text.__libc_init_array
                0x08003da0       0x48 /Applications/STM32CubeIDE.app/Contents/Eclipse/plugins/com.st.stm32cube.ide.mcu.externaltools.gnu-tools-for-stm32.12.3.rel1.macos64_1.0.200.202406191456/tools/bin/../lib/gcc/arm-none-eabi/12.3.1/../../../../arm-none-eabi/lib/thumb/v7e-m+fp/hard/libc_nano.a(libc_a-init.o)
                0x08003da0                __libc_init_array
 *(.glue_7)
 .glue_7        0x08003de8        0x0 linker stubs
 *(.glue_7t)
 .glue_7t       0x08003de8        0x0 linker stubs
 *(.eh_frame)
 .eh_frame      0x08003de8        0x0 /Applications/STM32CubeIDE.app/Contents/Eclipse/plugins/com.st.stm32cube.ide.mcu.externaltools.gnu-tools-for-stm32.12.3.rel1.macos64_1.0.200.202406191456/tools/bin/../lib/gcc/arm-none-eabi/12.3.1/thumb/v7e-m+fp/hard/crtbegin.o
 *(.init)
 .init          0x08003de8        0x4 /Applications/STM32CubeIDE.app/Contents/Eclipse/plugins/com.st.stm32cube.ide.mcu.externaltools.gnu-tools-for-stm32.12.3.rel1.macos64_1.0.200.202406191456/tools/bin/../lib/gcc/arm-none-eabi/12.3.1/thumb/v7e-m+fp/hard/crti.o
                0x08003de8                _init
 .init          0x08003dec        0x8 /Applications/STM32CubeIDE.app/Contents/Eclipse/plugins/com.st.stm32cube.ide.mcu.externaltools.gnu-tools-for-stm32.12.3.rel1.macos64_1.0.200.202406191456/tools/bin/../lib/gcc/arm-none-eabi/12.3.1/thumb/v7e-m+fp/hard/crtn.o
 *(.fini)
 .fini          0x08003df4        0x4 /Applications/STM32CubeIDE.app/Contents/Eclipse/plugins/com.st.stm32cube.ide.mcu.externaltools.gnu-tools-for-stm32.12.3.rel1.macos64_1.0.200.202406191456/tools/bin/../lib/gcc/arm-none-eabi/12.3.1/thumb/v7e-m+fp/hard/crti.o
                0x08003df4                _fini
 .fini          0x08003df8        0x8 /Applications/STM32CubeIDE.app/Contents/Eclipse/plugins/com.st.stm32cube.ide.mcu.externaltools.gnu-tools-for-stm32.12.3.rel1.macos64_1.0.200.202406191456/tools/bin/../lib/gcc/arm-none-eabi/12.3.1/thumb/v7e-m+fp/hard/crtn.o
                0x08003e00                        . = ALIGN (0x4)
                0x08003e00                        _etext = .

.vfp11_veneer   0x08003e00        0x0
 .vfp11_veneer  0x08003e00        0x0 linker stubs

.v4_bx          0x08003e00        0x0
 .v4_bx         0x08003e00        0x0 linker stubs

.iplt           0x08003e00        0x0
 .iplt          0x08003e00        0x0 /Applications/STM32CubeIDE.app/Contents/Eclipse/plugins/com.st.stm32cube.ide.mcu.externaltools.gnu-tools-for-stm32.12.3.rel1.macos64_1.0.200.202406191456/tools/bin/../lib/gcc/arm-none-eabi/12.3.1/thumb/v7e-m+fp/hard/crtbegin.o

.rodata         0x08003e00      0x844
                0x08003e00                        . = ALIGN (0x4)
 *(.rodata)
 *(.rodata*)
 .rodata.AHBPrescTable
                0x08003e00       0x10 ./Core/Src/system_stm32l4xx.o
                0x08003e00                AHBPrescTable
 .rodata.MSIRangeTable
                0x08003e10       0x30 ./Core/Src/system_stm32l4xx.o
                0x08003e10                MSIRangeTable
 .rodata.sinTable_f32
                0x08003e40      0x804 /Users/jewoolee/STM32CubeIDE/workspace_1.16.0/Lab3_final/Core/Lib/libarm_cortexM4lf_math.a(arm_common_tables.o)
                0x08003e40                sinTable_f32
                0x08004644                        . = ALIGN (0x4)

.ARM.extab      0x08004644        0x0
                0x08004644                        . = ALIGN (0x4)
 *(.ARM.extab* .gnu.linkonce.armextab.*)
                0x08004644                        . = ALIGN (0x4)

.ARM            0x08004644        0x0
                0x08004644                        . = ALIGN (0x4)
                0x08004644                        __exidx_start = .
 *(.ARM.exidx*)
                0x08004644                        __exidx_end = .
                0x08004644                        . = ALIGN (0x4)

.preinit_array  0x08004644        0x0
                0x08004644                        . = ALIGN (0x4)
                0x08004644                        PROVIDE (__preinit_array_start = .)
 *(.preinit_array*)
                0x08004644                        PROVIDE (__preinit_array_end = .)
                0x08004644                        . = ALIGN (0x4)

.init_array     0x08004644        0x4
                0x08004644                        . = ALIGN (0x4)
                0x08004644                        PROVIDE (__init_array_start = .)
 *(SORT_BY_NAME(.init_array.*))
 *(.init_array*)
 .init_array    0x08004644        0x4 /Applications/STM32CubeIDE.app/Contents/Eclipse/plugins/com.st.stm32cube.ide.mcu.externaltools.gnu-tools-for-stm32.12.3.rel1.macos64_1.0.200.202406191456/tools/bin/../lib/gcc/arm-none-eabi/12.3.1/thumb/v7e-m+fp/hard/crtbegin.o
                0x08004648                        PROVIDE (__init_array_end = .)
                0x08004648                        . = ALIGN (0x4)

.fini_array     0x08004648        0x4
                0x08004648                        . = ALIGN (0x4)
                [!provide]                        PROVIDE (__fini_array_start = .)
 *(SORT_BY_NAME(.fini_array.*))
 *(.fini_array*)
 .fini_array    0x08004648        0x4 /Applications/STM32CubeIDE.app/Contents/Eclipse/plugins/com.st.stm32cube.ide.mcu.externaltools.gnu-tools-for-stm32.12.3.rel1.macos64_1.0.200.202406191456/tools/bin/../lib/gcc/arm-none-eabi/12.3.1/thumb/v7e-m+fp/hard/crtbegin.o
                [!provide]                        PROVIDE (__fini_array_end = .)
                0x0800464c                        . = ALIGN (0x4)
                0x0800464c                        _sidata = LOADADDR (.data)

.rel.dyn        0x0800464c        0x0
 .rel.iplt      0x0800464c        0x0 /Applications/STM32CubeIDE.app/Contents/Eclipse/plugins/com.st.stm32cube.ide.mcu.externaltools.gnu-tools-for-stm32.12.3.rel1.macos64_1.0.200.202406191456/tools/bin/../lib/gcc/arm-none-eabi/12.3.1/thumb/v7e-m+fp/hard/crtbegin.o

.data           0x20000000       0x10 load address 0x0800464c
                0x20000000                        . = ALIGN (0x4)
                0x20000000                        _sdata = .
 *(.data)
 *(.data*)
 .data.current_tone
                0x20000000        0x4 ./Core/Src/main.o
                0x20000000                current_tone
 .data.SystemCoreClock
                0x20000004        0x4 ./Core/Src/system_stm32l4xx.o
                0x20000004                SystemCoreClock
 .data.uwTickPrio
                0x20000008        0x4 ./Drivers/STM32L4xx_HAL_Driver/Src/stm32l4xx_hal.o
                0x20000008                uwTickPrio
 .data.uwTickFreq
                0x2000000c        0x1 ./Drivers/STM32L4xx_HAL_Driver/Src/stm32l4xx_hal.o
                0x2000000c                uwTickFreq
 *(.RamFunc)
 *(.RamFunc*)
                0x20000010                        . = ALIGN (0x4)
 *fill*         0x2000000d        0x3 
                0x20000010                        _edata = .

.igot.plt       0x20000010        0x0 load address 0x0800465c
 .igot.plt      0x20000010        0x0 /Applications/STM32CubeIDE.app/Contents/Eclipse/plugins/com.st.stm32cube.ide.mcu.externaltools.gnu-tools-for-stm32.12.3.rel1.macos64_1.0.200.202406191456/tools/bin/../lib/gcc/arm-none-eabi/12.3.1/thumb/v7e-m+fp/hard/crtbegin.o
                0x20000010                        . = ALIGN (0x4)

.bss            0x20000010      0x15c load address 0x0800465c
                0x20000010                        _sbss = .
                0x20000010                        __bss_start__ = _sbss
 *(.bss)
 .bss           0x20000010       0x1c /Applications/STM32CubeIDE.app/Contents/Eclipse/plugins/com.st.stm32cube.ide.mcu.externaltools.gnu-tools-for-stm32.12.3.rel1.macos64_1.0.200.202406191456/tools/bin/../lib/gcc/arm-none-eabi/12.3.1/thumb/v7e-m+fp/hard/crtbegin.o
 *(.bss*)
 .bss.hdac1     0x2000002c       0x14 ./Core/Src/main.o
                0x2000002c                hdac1
 .bss.hdma_dac1_ch1
                0x20000040       0x60 ./Core/Src/main.o
                0x20000040                hdma_dac1_ch1
 .bss.htim2     0x200000a0       0x4c ./Core/Src/main.o
                0x200000a0                htim2
 .bss.STATUS    0x200000ec        0x1 ./Core/Src/main.o
                0x200000ec                STATUS
 *fill*         0x200000ed        0x3 
 .bss.sinex     0x200000f0        0x4 ./Core/Src/main.o
                0x200000f0                sinex
 .bss.s         0x200000f4        0x1 ./Core/Src/main.o
                0x200000f4                s
 *fill*         0x200000f5        0x3 
 .bss.sinec6    0x200000f8       0x2b ./Core/Src/main.o
                0x200000f8                sinec6
 *fill*         0x20000123        0x1 
 .bss.sineg6    0x20000124       0x1d ./Core/Src/main.o
                0x20000124                sineg6
 *fill*         0x20000141        0x3 
 .bss.sinee6    0x20000144       0x22 ./Core/Src/main.o
                0x20000144                sinee6
 *fill*         0x20000166        0x2 
 .bss.uwTick    0x20000168        0x4 ./Drivers/STM32L4xx_HAL_Driver/Src/stm32l4xx_hal.o
                0x20000168                uwTick
 *(COMMON)
                0x2000016c                        . = ALIGN (0x4)
                0x2000016c                        _ebss = .
                0x2000016c                        __bss_end__ = _ebss

._user_heap_stack
                0x2000016c      0x604 load address 0x0800465c
                0x20000170                        . = ALIGN (0x8)
 *fill*         0x2000016c        0x4 
                [!provide]                        PROVIDE (end = .)
                0x20000170                        PROVIDE (_end = .)
                0x20000370                        . = (. + _Min_Heap_Size)
 *fill*         0x20000170      0x200 
                0x20000770                        . = (. + _Min_Stack_Size)
 *fill*         0x20000370      0x400 
                0x20000770                        . = ALIGN (0x8)

/DISCARD/
 libc.a(*)
 libm.a(*)
 libgcc.a(*)

.ARM.attributes
                0x00000000       0x30
 *(.ARM.attributes)
 .ARM.attributes
                0x00000000       0x22 /Applications/STM32CubeIDE.app/Contents/Eclipse/plugins/com.st.stm32cube.ide.mcu.externaltools.gnu-tools-for-stm32.12.3.rel1.macos64_1.0.200.202406191456/tools/bin/../lib/gcc/arm-none-eabi/12.3.1/thumb/v7e-m+fp/hard/crti.o
 .ARM.attributes
                0x00000022       0x34 /Applications/STM32CubeIDE.app/Contents/Eclipse/plugins/com.st.stm32cube.ide.mcu.externaltools.gnu-tools-for-stm32.12.3.rel1.macos64_1.0.200.202406191456/tools/bin/../lib/gcc/arm-none-eabi/12.3.1/thumb/v7e-m+fp/hard/crtbegin.o
 .ARM.attributes
                0x00000056       0x34 ./Core/Src/main.o
 .ARM.attributes
                0x0000008a       0x34 ./Core/Src/stm32l4xx_hal_msp.o
 .ARM.attributes
                0x000000be       0x34 ./Core/Src/stm32l4xx_it.o
 .ARM.attributes
                0x000000f2       0x34 ./Core/Src/system_stm32l4xx.o
 .ARM.attributes
                0x00000126       0x21 ./Core/Startup/startup_stm32l4s5vitx.o
 .ARM.attributes
                0x00000147       0x34 ./Drivers/STM32L4xx_HAL_Driver/Src/stm32l4xx_hal.o
 .ARM.attributes
                0x0000017b       0x34 ./Drivers/STM32L4xx_HAL_Driver/Src/stm32l4xx_hal_cortex.o
 .ARM.attributes
                0x000001af       0x34 ./Drivers/STM32L4xx_HAL_Driver/Src/stm32l4xx_hal_dac.o
 .ARM.attributes
                0x000001e3       0x34 ./Drivers/STM32L4xx_HAL_Driver/Src/stm32l4xx_hal_dac_ex.o
 .ARM.attributes
                0x00000217       0x34 ./Drivers/STM32L4xx_HAL_Driver/Src/stm32l4xx_hal_dma.o
 .ARM.attributes
                0x0000024b       0x34 ./Drivers/STM32L4xx_HAL_Driver/Src/stm32l4xx_hal_gpio.o
 .ARM.attributes
                0x0000027f       0x34 ./Drivers/STM32L4xx_HAL_Driver/Src/stm32l4xx_hal_pwr_ex.o
 .ARM.attributes
                0x000002b3       0x34 ./Drivers/STM32L4xx_HAL_Driver/Src/stm32l4xx_hal_rcc.o
 .ARM.attributes
                0x000002e7       0x34 ./Drivers/STM32L4xx_HAL_Driver/Src/stm32l4xx_hal_tim.o
 .ARM.attributes
                0x0000031b       0x34 ./Drivers/STM32L4xx_HAL_Driver/Src/stm32l4xx_hal_tim_ex.o
 .ARM.attributes
                0x0000034f       0x34 /Users/jewoolee/STM32CubeIDE/workspace_1.16.0/Lab3_final/Core/Lib/libarm_cortexM4lf_math.a(arm_sin_f32.o)
 .ARM.attributes
                0x00000383       0x39 /Users/jewoolee/STM32CubeIDE/workspace_1.16.0/Lab3_final/Core/Lib/libarm_cortexM4lf_math.a(arm_common_tables.o)
 .ARM.attributes
                0x000003bc       0x34 /Applications/STM32CubeIDE.app/Contents/Eclipse/plugins/com.st.stm32cube.ide.mcu.externaltools.gnu-tools-for-stm32.12.3.rel1.macos64_1.0.200.202406191456/tools/bin/../lib/gcc/arm-none-eabi/12.3.1/../../../../arm-none-eabi/lib/thumb/v7e-m+fp/hard/libc_nano.a(libc_a-memset.o)
 .ARM.attributes
                0x000003f0       0x34 /Applications/STM32CubeIDE.app/Contents/Eclipse/plugins/com.st.stm32cube.ide.mcu.externaltools.gnu-tools-for-stm32.12.3.rel1.macos64_1.0.200.202406191456/tools/bin/../lib/gcc/arm-none-eabi/12.3.1/../../../../arm-none-eabi/lib/thumb/v7e-m+fp/hard/libc_nano.a(libc_a-init.o)
 .ARM.attributes
                0x00000424       0x22 /Applications/STM32CubeIDE.app/Contents/Eclipse/plugins/com.st.stm32cube.ide.mcu.externaltools.gnu-tools-for-stm32.12.3.rel1.macos64_1.0.200.202406191456/tools/bin/../lib/gcc/arm-none-eabi/12.3.1/thumb/v7e-m+fp/hard/libgcc.a(_arm_muldf3.o)
 .ARM.attributes
                0x00000446       0x22 /Applications/STM32CubeIDE.app/Contents/Eclipse/plugins/com.st.stm32cube.ide.mcu.externaltools.gnu-tools-for-stm32.12.3.rel1.macos64_1.0.200.202406191456/tools/bin/../lib/gcc/arm-none-eabi/12.3.1/thumb/v7e-m+fp/hard/libgcc.a(_arm_addsubdf3.o)
 .ARM.attributes
                0x00000468       0x22 /Applications/STM32CubeIDE.app/Contents/Eclipse/plugins/com.st.stm32cube.ide.mcu.externaltools.gnu-tools-for-stm32.12.3.rel1.macos64_1.0.200.202406191456/tools/bin/../lib/gcc/arm-none-eabi/12.3.1/thumb/v7e-m+fp/hard/libgcc.a(_arm_truncdfsf2.o)
 .ARM.attributes
                0x0000048a       0x22 /Applications/STM32CubeIDE.app/Contents/Eclipse/plugins/com.st.stm32cube.ide.mcu.externaltools.gnu-tools-for-stm32.12.3.rel1.macos64_1.0.200.202406191456/tools/bin/../lib/gcc/arm-none-eabi/12.3.1/thumb/v7e-m+fp/hard/crtn.o
OUTPUT(Lab3_final.elf elf32-littlearm)
LOAD linker stubs
LOAD /Applications/STM32CubeIDE.app/Contents/Eclipse/plugins/com.st.stm32cube.ide.mcu.externaltools.gnu-tools-for-stm32.12.3.rel1.macos64_1.0.200.202406191456/tools/bin/../lib/gcc/arm-none-eabi/12.3.1/../../../../arm-none-eabi/lib/thumb/v7e-m+fp/hard/libc.a
LOAD /Applications/STM32CubeIDE.app/Contents/Eclipse/plugins/com.st.stm32cube.ide.mcu.externaltools.gnu-tools-for-stm32.12.3.rel1.macos64_1.0.200.202406191456/tools/bin/../lib/gcc/arm-none-eabi/12.3.1/../../../../arm-none-eabi/lib/thumb/v7e-m+fp/hard/libm.a
LOAD /Applications/STM32CubeIDE.app/Contents/Eclipse/plugins/com.st.stm32cube.ide.mcu.externaltools.gnu-tools-for-stm32.12.3.rel1.macos64_1.0.200.202406191456/tools/bin/../lib/gcc/arm-none-eabi/12.3.1/thumb/v7e-m+fp/hard/libgcc.a

.debug_info     0x00000000    0x10342
 .debug_info    0x00000000     0x1796 ./Core/Src/main.o
 .debug_info    0x00001796     0x1129 ./Core/Src/stm32l4xx_hal_msp.o
 .debug_info    0x000028bf      0xa93 ./Core/Src/stm32l4xx_it.o
 .debug_info    0x00003352      0x5e9 ./Core/Src/system_stm32l4xx.o
 .debug_info    0x0000393b       0x30 ./Core/Startup/startup_stm32l4s5vitx.o
 .debug_info    0x0000396b      0xb4f ./Drivers/STM32L4xx_HAL_Driver/Src/stm32l4xx_hal.o
 .debug_info    0x000044ba      0xd9f ./Drivers/STM32L4xx_HAL_Driver/Src/stm32l4xx_hal_cortex.o
 .debug_info    0x00005259      0xbb9 ./Drivers/STM32L4xx_HAL_Driver/Src/stm32l4xx_hal_dac.o
 .debug_info    0x00005e12      0xa12 ./Drivers/STM32L4xx_HAL_Driver/Src/stm32l4xx_hal_dac_ex.o
 .debug_info    0x00006824      0x841 ./Drivers/STM32L4xx_HAL_Driver/Src/stm32l4xx_hal_dma.o
 .debug_info    0x00007065      0x787 ./Drivers/STM32L4xx_HAL_Driver/Src/stm32l4xx_hal_gpio.o
 .debug_info    0x000077ec      0xa0a ./Drivers/STM32L4xx_HAL_Driver/Src/stm32l4xx_hal_pwr_ex.o
 .debug_info    0x000081f6      0xd32 ./Drivers/STM32L4xx_HAL_Driver/Src/stm32l4xx_hal_rcc.o
 .debug_info    0x00008f28     0x2bc0 ./Drivers/STM32L4xx_HAL_Driver/Src/stm32l4xx_hal_tim.o
 .debug_info    0x0000bae8     0x17c4 ./Drivers/STM32L4xx_HAL_Driver/Src/stm32l4xx_hal_tim_ex.o
 .debug_info    0x0000d2ac     0x1612 /Users/jewoolee/STM32CubeIDE/workspace_1.16.0/Lab3_final/Core/Lib/libarm_cortexM4lf_math.a(arm_sin_f32.o)
 .debug_info    0x0000e8be     0x1a84 /Users/jewoolee/STM32CubeIDE/workspace_1.16.0/Lab3_final/Core/Lib/libarm_cortexM4lf_math.a(arm_common_tables.o)

.debug_abbrev   0x00000000     0x230b
 .debug_abbrev  0x00000000      0x2dd ./Core/Src/main.o
 .debug_abbrev  0x000002dd      0x1fa ./Core/Src/stm32l4xx_hal_msp.o
 .debug_abbrev  0x000004d7      0x192 ./Core/Src/stm32l4xx_it.o
 .debug_abbrev  0x00000669      0x11a ./Core/Src/system_stm32l4xx.o
 .debug_abbrev  0x00000783       0x24 ./Core/Startup/startup_stm32l4s5vitx.o
 .debug_abbrev  0x000007a7      0x242 ./Drivers/STM32L4xx_HAL_Driver/Src/stm32l4xx_hal.o
 .debug_abbrev  0x000009e9      0x31c ./Drivers/STM32L4xx_HAL_Driver/Src/stm32l4xx_hal_cortex.o
 .debug_abbrev  0x00000d05      0x218 ./Drivers/STM32L4xx_HAL_Driver/Src/stm32l4xx_hal_dac.o
 .debug_abbrev  0x00000f1d      0x242 ./Drivers/STM32L4xx_HAL_Driver/Src/stm32l4xx_hal_dac_ex.o
 .debug_abbrev  0x0000115f      0x1e2 ./Drivers/STM32L4xx_HAL_Driver/Src/stm32l4xx_hal_dma.o
 .debug_abbrev  0x00001341      0x1cb ./Drivers/STM32L4xx_HAL_Driver/Src/stm32l4xx_hal_gpio.o
 .debug_abbrev  0x0000150c      0x1f9 ./Drivers/STM32L4xx_HAL_Driver/Src/stm32l4xx_hal_pwr_ex.o
 .debug_abbrev  0x00001705      0x306 ./Drivers/STM32L4xx_HAL_Driver/Src/stm32l4xx_hal_rcc.o
 .debug_abbrev  0x00001a0b      0x276 ./Drivers/STM32L4xx_HAL_Driver/Src/stm32l4xx_hal_tim.o
 .debug_abbrev  0x00001c81      0x281 ./Drivers/STM32L4xx_HAL_Driver/Src/stm32l4xx_hal_tim_ex.o
 .debug_abbrev  0x00001f02      0x22c /Users/jewoolee/STM32CubeIDE/workspace_1.16.0/Lab3_final/Core/Lib/libarm_cortexM4lf_math.a(arm_sin_f32.o)
 .debug_abbrev  0x0000212e      0x1dd /Users/jewoolee/STM32CubeIDE/workspace_1.16.0/Lab3_final/Core/Lib/libarm_cortexM4lf_math.a(arm_common_tables.o)

.debug_aranges  0x00000000      0xda0
 .debug_aranges
                0x00000000       0x68 ./Core/Src/main.o
 .debug_aranges
                0x00000068       0x40 ./Core/Src/stm32l4xx_hal_msp.o
 .debug_aranges
                0x000000a8       0x80 ./Core/Src/stm32l4xx_it.o
 .debug_aranges
                0x00000128       0x28 ./Core/Src/system_stm32l4xx.o
 .debug_aranges
                0x00000150       0x28 ./Core/Startup/startup_stm32l4s5vitx.o
 .debug_aranges
                0x00000178      0x130 ./Drivers/STM32L4xx_HAL_Driver/Src/stm32l4xx_hal.o
 .debug_aranges
                0x000002a8      0x128 ./Drivers/STM32L4xx_HAL_Driver/Src/stm32l4xx_hal_cortex.o
 .debug_aranges
                0x000003d0       0xc0 ./Drivers/STM32L4xx_HAL_Driver/Src/stm32l4xx_hal_dac.o
 .debug_aranges
                0x00000490       0x88 ./Drivers/STM32L4xx_HAL_Driver/Src/stm32l4xx_hal_dac_ex.o
 .debug_aranges
                0x00000518       0x90 ./Drivers/STM32L4xx_HAL_Driver/Src/stm32l4xx_hal_dma.o
 .debug_aranges
                0x000005a8       0x58 ./Drivers/STM32L4xx_HAL_Driver/Src/stm32l4xx_hal_gpio.o
 .debug_aranges
                0x00000600      0x170 ./Drivers/STM32L4xx_HAL_Driver/Src/stm32l4xx_hal_pwr_ex.o
 .debug_aranges
                0x00000770       0x98 ./Drivers/STM32L4xx_HAL_Driver/Src/stm32l4xx_hal_rcc.o
 .debug_aranges
                0x00000808      0x3e0 ./Drivers/STM32L4xx_HAL_Driver/Src/stm32l4xx_hal_tim.o
 .debug_aranges
                0x00000be8      0x180 ./Drivers/STM32L4xx_HAL_Driver/Src/stm32l4xx_hal_tim_ex.o
 .debug_aranges
                0x00000d68       0x20 /Users/jewoolee/STM32CubeIDE/workspace_1.16.0/Lab3_final/Core/Lib/libarm_cortexM4lf_math.a(arm_sin_f32.o)
 .debug_aranges
                0x00000d88       0x18 /Users/jewoolee/STM32CubeIDE/workspace_1.16.0/Lab3_final/Core/Lib/libarm_cortexM4lf_math.a(arm_common_tables.o)

.debug_rnglists
                0x00000000      0xa4e
 .debug_rnglists
                0x00000000       0x4f ./Core/Src/main.o
 .debug_rnglists
                0x0000004f       0x2c ./Core/Src/stm32l4xx_hal_msp.o
 .debug_rnglists
                0x0000007b       0x5b ./Core/Src/stm32l4xx_it.o
 .debug_rnglists
                0x000000d6       0x1a ./Core/Src/system_stm32l4xx.o
 .debug_rnglists
                0x000000f0       0x19 ./Core/Startup/startup_stm32l4s5vitx.o
 .debug_rnglists
                0x00000109       0xdf ./Drivers/STM32L4xx_HAL_Driver/Src/stm32l4xx_hal.o
 .debug_rnglists
                0x000001e8       0xda ./Drivers/STM32L4xx_HAL_Driver/Src/stm32l4xx_hal_cortex.o
 .debug_rnglists
                0x000002c2       0x90 ./Drivers/STM32L4xx_HAL_Driver/Src/stm32l4xx_hal_dac.o
 .debug_rnglists
                0x00000352       0x62 ./Drivers/STM32L4xx_HAL_Driver/Src/stm32l4xx_hal_dac_ex.o
 .debug_rnglists
                0x000003b4       0x71 ./Drivers/STM32L4xx_HAL_Driver/Src/stm32l4xx_hal_dma.o
 .debug_rnglists
                0x00000425       0x3f ./Drivers/STM32L4xx_HAL_Driver/Src/stm32l4xx_hal_gpio.o
 .debug_rnglists
                0x00000464      0x115 ./Drivers/STM32L4xx_HAL_Driver/Src/stm32l4xx_hal_pwr_ex.o
 .debug_rnglists
                0x00000579       0x74 ./Drivers/STM32L4xx_HAL_Driver/Src/stm32l4xx_hal_rcc.o
 .debug_rnglists
                0x000005ed      0x328 ./Drivers/STM32L4xx_HAL_Driver/Src/stm32l4xx_hal_tim.o
 .debug_rnglists
                0x00000915      0x139 ./Drivers/STM32L4xx_HAL_Driver/Src/stm32l4xx_hal_tim_ex.o

.debug_macro    0x00000000    0x2a5f1
 .debug_macro   0x00000000      0x2eb ./Core/Src/main.o
 .debug_macro   0x000002eb      0xab4 ./Core/Src/main.o
 .debug_macro   0x00000d9f      0x1a7 ./Core/Src/main.o
 .debug_macro   0x00000f46       0x2e ./Core/Src/main.o
 .debug_macro   0x00000f74       0x28 ./Core/Src/main.o
 .debug_macro   0x00000f9c       0x22 ./Core/Src/main.o
 .debug_macro   0x00000fbe       0x8e ./Core/Src/main.o
 .debug_macro   0x0000104c       0x51 ./Core/Src/main.o
 .debug_macro   0x0000109d      0x103 ./Core/Src/main.o
 .debug_macro   0x000011a0       0x6a ./Core/Src/main.o
 .debug_macro   0x0000120a      0x1df ./Core/Src/main.o
 .debug_macro   0x000013e9       0x1c ./Core/Src/main.o
 .debug_macro   0x00001405       0x22 ./Core/Src/main.o
 .debug_macro   0x00001427       0xfb ./Core/Src/main.o
 .debug_macro   0x00001522     0x1011 ./Core/Src/main.o
 .debug_macro   0x00002533      0x11f ./Core/Src/main.o
 .debug_macro   0x00002652    0x1d292 ./Core/Src/main.o
 .debug_macro   0x0001f8e4       0x6d ./Core/Src/main.o
 .debug_macro   0x0001f951     0x3902 ./Core/Src/main.o
 .debug_macro   0x00023253      0x189 ./Core/Src/main.o
 .debug_macro   0x000233dc       0x5c ./Core/Src/main.o
 .debug_macro   0x00023438     0x1910 ./Core/Src/main.o
 .debug_macro   0x00024d48      0x7dc ./Core/Src/main.o
 .debug_macro   0x00025524      0x1b9 ./Core/Src/main.o
 .debug_macro   0x000256dd      0x225 ./Core/Src/main.o
 .debug_macro   0x00025902      0x486 ./Core/Src/main.o
 .debug_macro   0x00025d88      0x1ce ./Core/Src/main.o
 .debug_macro   0x00025f56       0x43 ./Core/Src/main.o
 .debug_macro   0x00025f99      0x23d ./Core/Src/main.o
 .debug_macro   0x000261d6      0x184 ./Core/Src/main.o
 .debug_macro   0x0002635a       0xdf ./Core/Src/main.o
 .debug_macro   0x00026439      0x241 ./Core/Src/main.o
 .debug_macro   0x0002667a      0x416 ./Core/Src/main.o
 .debug_macro   0x00026a90       0x1c ./Core/Src/main.o
 .debug_macro   0x00026aac       0xf2 ./Core/Src/main.o
 .debug_macro   0x00026b9e      0x122 ./Core/Src/main.o
 .debug_macro   0x00026cc0      0x3f6 ./Core/Src/main.o
 .debug_macro   0x000270b6      0xa98 ./Core/Src/main.o
 .debug_macro   0x00027b4e      0x196 ./Core/Src/main.o
 .debug_macro   0x00027ce4      0x432 ./Core/Src/main.o
 .debug_macro   0x00028116       0x22 ./Core/Src/main.o
 .debug_macro   0x00028138       0x61 ./Core/Src/main.o
 .debug_macro   0x00028199       0x2a ./Core/Src/main.o
 .debug_macro   0x000281c3       0x43 ./Core/Src/main.o
 .debug_macro   0x00028206       0x34 ./Core/Src/main.o
 .debug_macro   0x0002823a       0x16 ./Core/Src/main.o
 .debug_macro   0x00028250       0x43 ./Core/Src/main.o
 .debug_macro   0x00028293       0x34 ./Core/Src/main.o
 .debug_macro   0x000282c7       0x10 ./Core/Src/main.o
 .debug_macro   0x000282d7       0x58 ./Core/Src/main.o
 .debug_macro   0x0002832f       0x8e ./Core/Src/main.o
 .debug_macro   0x000283bd       0x1c ./Core/Src/main.o
 .debug_macro   0x000283d9      0x177 ./Core/Src/main.o
 .debug_macro   0x00028550      0x369 ./Core/Src/main.o
 .debug_macro   0x000288b9       0x10 ./Core/Src/main.o
 .debug_macro   0x000288c9       0x35 ./Core/Src/main.o
 .debug_macro   0x000288fe       0x20 ./Core/Src/main.o
 .debug_macro   0x0002891e      0x19b ./Core/Src/main.o
 .debug_macro   0x00028ab9      0x201 ./Core/Src/main.o
 .debug_macro   0x00028cba       0xc8 ./Core/Src/main.o
 .debug_macro   0x00028d82      0x1dd ./Core/Src/stm32l4xx_hal_msp.o
 .debug_macro   0x00028f5f      0x1e7 ./Core/Src/stm32l4xx_it.o
 .debug_macro   0x00029146      0x1ce ./Core/Src/system_stm32l4xx.o
 .debug_macro   0x00029314      0x21c ./Drivers/STM32L4xx_HAL_Driver/Src/stm32l4xx_hal.o
 .debug_macro   0x00029530      0x1ce ./Drivers/STM32L4xx_HAL_Driver/Src/stm32l4xx_hal_cortex.o
 .debug_macro   0x000296fe      0x1dd ./Drivers/STM32L4xx_HAL_Driver/Src/stm32l4xx_hal_dac.o
 .debug_macro   0x000298db      0x1ce ./Drivers/STM32L4xx_HAL_Driver/Src/stm32l4xx_hal_dac_ex.o
 .debug_macro   0x00029aa9      0x1ce ./Drivers/STM32L4xx_HAL_Driver/Src/stm32l4xx_hal_dma.o
 .debug_macro   0x00029c77      0x1d5 ./Drivers/STM32L4xx_HAL_Driver/Src/stm32l4xx_hal_gpio.o
 .debug_macro   0x00029e4c      0x1f8 ./Drivers/STM32L4xx_HAL_Driver/Src/stm32l4xx_hal_pwr_ex.o
 .debug_macro   0x0002a044      0x210 ./Drivers/STM32L4xx_HAL_Driver/Src/stm32l4xx_hal_rcc.o
 .debug_macro   0x0002a254      0x1cf ./Drivers/STM32L4xx_HAL_Driver/Src/stm32l4xx_hal_tim.o
 .debug_macro   0x0002a423      0x1ce ./Drivers/STM32L4xx_HAL_Driver/Src/stm32l4xx_hal_tim_ex.o

.debug_line     0x00000000     0xe722
 .debug_line    0x00000000      0xb4c ./Core/Src/main.o
 .debug_line    0x00000b4c      0x7a8 ./Core/Src/stm32l4xx_hal_msp.o
 .debug_line    0x000012f4      0x81f ./Core/Src/stm32l4xx_it.o
 .debug_line    0x00001b13      0x797 ./Core/Src/system_stm32l4xx.o
 .debug_line    0x000022aa       0x7a ./Core/Startup/startup_stm32l4s5vitx.o
 .debug_line    0x00002324      0xaf2 ./Drivers/STM32L4xx_HAL_Driver/Src/stm32l4xx_hal.o
 .debug_line    0x00002e16      0xcbb ./Drivers/STM32L4xx_HAL_Driver/Src/stm32l4xx_hal_cortex.o
 .debug_line    0x00003ad1      0xbf8 ./Drivers/STM32L4xx_HAL_Driver/Src/stm32l4xx_hal_dac.o
 .debug_line    0x000046c9      0x9f8 ./Drivers/STM32L4xx_HAL_Driver/Src/stm32l4xx_hal_dac_ex.o
 .debug_line    0x000050c1      0xe60 ./Drivers/STM32L4xx_HAL_Driver/Src/stm32l4xx_hal_dma.o
 .debug_line    0x00005f21      0xb66 ./Drivers/STM32L4xx_HAL_Driver/Src/stm32l4xx_hal_gpio.o
 .debug_line    0x00006a87      0xd59 ./Drivers/STM32L4xx_HAL_Driver/Src/stm32l4xx_hal_pwr_ex.o
 .debug_line    0x000077e0     0x1043 ./Drivers/STM32L4xx_HAL_Driver/Src/stm32l4xx_hal_rcc.o
 .debug_line    0x00008823     0x3e01 ./Drivers/STM32L4xx_HAL_Driver/Src/stm32l4xx_hal_tim.o
 .debug_line    0x0000c624     0x1beb ./Drivers/STM32L4xx_HAL_Driver/Src/stm32l4xx_hal_tim_ex.o
 .debug_line    0x0000e20f      0x2d0 /Users/jewoolee/STM32CubeIDE/workspace_1.16.0/Lab3_final/Core/Lib/libarm_cortexM4lf_math.a(arm_sin_f32.o)
 .debug_line    0x0000e4df      0x243 /Users/jewoolee/STM32CubeIDE/workspace_1.16.0/Lab3_final/Core/Lib/libarm_cortexM4lf_math.a(arm_common_tables.o)

.debug_str      0x00000000   0x106bc3
 .debug_str     0x00000000   0x102ef0 ./Core/Src/main.o
                             0x10341d (size before relaxing)
 .debug_str     0x00102ef0       0xc9 ./Core/Src/stm32l4xx_hal_msp.o
                              0xfea34 (size before relaxing)
 .debug_str     0x00102fb9      0x14d ./Core/Src/stm32l4xx_it.o
                              0xfe361 (size before relaxing)
 .debug_str     0x00103106       0xf2 ./Core/Src/system_stm32l4xx.o
                              0xfdc9c (size before relaxing)
 .debug_str     0x001031f8       0x44 ./Core/Startup/startup_stm32l4s5vitx.o
                                 0x83 (size before relaxing)
 .debug_str     0x0010323c      0x642 ./Drivers/STM32L4xx_HAL_Driver/Src/stm32l4xx_hal.o
                              0xfe87a (size before relaxing)
 .debug_str     0x0010387e      0x355 ./Drivers/STM32L4xx_HAL_Driver/Src/stm32l4xx_hal_cortex.o
                              0xfe53b (size before relaxing)
 .debug_str     0x00103bd3      0x232 ./Drivers/STM32L4xx_HAL_Driver/Src/stm32l4xx_hal_dac.o
                              0xfe273 (size before relaxing)
 .debug_str     0x00103e05      0x18d ./Drivers/STM32L4xx_HAL_Driver/Src/stm32l4xx_hal_dac_ex.o
                              0xfe185 (size before relaxing)
 .debug_str     0x00103f92      0x268 ./Drivers/STM32L4xx_HAL_Driver/Src/stm32l4xx_hal_dma.o
                              0xfe024 (size before relaxing)
 .debug_str     0x001041fa       0xd7 ./Drivers/STM32L4xx_HAL_Driver/Src/stm32l4xx_hal_gpio.o
                              0xfde16 (size before relaxing)
 .debug_str     0x001042d1      0x57a ./Drivers/STM32L4xx_HAL_Driver/Src/stm32l4xx_hal_pwr_ex.o
                              0xfe26f (size before relaxing)
 .debug_str     0x0010484b      0x3be ./Drivers/STM32L4xx_HAL_Driver/Src/stm32l4xx_hal_rcc.o
                              0xfe30f (size before relaxing)
 .debug_str     0x00104c09      0xde2 ./Drivers/STM32L4xx_HAL_Driver/Src/stm32l4xx_hal_tim.o
                              0xff0b8 (size before relaxing)
 .debug_str     0x001059eb      0x588 ./Drivers/STM32L4xx_HAL_Driver/Src/stm32l4xx_hal_tim_ex.o
                              0xfe9cc (size before relaxing)
 .debug_str     0x00105f73      0xc22 /Users/jewoolee/STM32CubeIDE/workspace_1.16.0/Lab3_final/Core/Lib/libarm_cortexM4lf_math.a(arm_sin_f32.o)
                                0xd42 (size before relaxing)
 .debug_str     0x00106b95       0x2e /Users/jewoolee/STM32CubeIDE/workspace_1.16.0/Lab3_final/Core/Lib/libarm_cortexM4lf_math.a(arm_common_tables.o)
                                0xd1d (size before relaxing)

.comment        0x00000000       0xb8
 .comment       0x00000000       0x43 ./Core/Src/main.o
                                 0x44 (size before relaxing)
 .comment       0x00000043       0x44 ./Core/Src/stm32l4xx_hal_msp.o
 .comment       0x00000043       0x44 ./Core/Src/stm32l4xx_it.o
 .comment       0x00000043       0x44 ./Core/Src/system_stm32l4xx.o
 .comment       0x00000043       0x44 ./Drivers/STM32L4xx_HAL_Driver/Src/stm32l4xx_hal.o
 .comment       0x00000043       0x44 ./Drivers/STM32L4xx_HAL_Driver/Src/stm32l4xx_hal_cortex.o
 .comment       0x00000043       0x44 ./Drivers/STM32L4xx_HAL_Driver/Src/stm32l4xx_hal_dac.o
 .comment       0x00000043       0x44 ./Drivers/STM32L4xx_HAL_Driver/Src/stm32l4xx_hal_dac_ex.o
 .comment       0x00000043       0x44 ./Drivers/STM32L4xx_HAL_Driver/Src/stm32l4xx_hal_dma.o
 .comment       0x00000043       0x44 ./Drivers/STM32L4xx_HAL_Driver/Src/stm32l4xx_hal_gpio.o
 .comment       0x00000043       0x44 ./Drivers/STM32L4xx_HAL_Driver/Src/stm32l4xx_hal_pwr_ex.o
 .comment       0x00000043       0x44 ./Drivers/STM32L4xx_HAL_Driver/Src/stm32l4xx_hal_rcc.o
 .comment       0x00000043       0x44 ./Drivers/STM32L4xx_HAL_Driver/Src/stm32l4xx_hal_tim.o
 .comment       0x00000043       0x44 ./Drivers/STM32L4xx_HAL_Driver/Src/stm32l4xx_hal_tim_ex.o
 .comment       0x00000043       0x75 /Users/jewoolee/STM32CubeIDE/workspace_1.16.0/Lab3_final/Core/Lib/libarm_cortexM4lf_math.a(arm_sin_f32.o)
                                 0x76 (size before relaxing)
 .comment       0x000000b8       0x76 /Users/jewoolee/STM32CubeIDE/workspace_1.16.0/Lab3_final/Core/Lib/libarm_cortexM4lf_math.a(arm_common_tables.o)

.debug_frame    0x00000000     0x38c4
 .debug_frame   0x00000000      0x168 ./Core/Src/main.o
 .debug_frame   0x00000168       0xc8 ./Core/Src/stm32l4xx_hal_msp.o
 .debug_frame   0x00000230      0x174 ./Core/Src/stm32l4xx_it.o
 .debug_frame   0x000003a4       0x58 ./Core/Src/system_stm32l4xx.o
 .debug_frame   0x000003fc      0x498 ./Drivers/STM32L4xx_HAL_Driver/Src/stm32l4xx_hal.o
 .debug_frame   0x00000894      0x4e8 ./Drivers/STM32L4xx_HAL_Driver/Src/stm32l4xx_hal_cortex.o
 .debug_frame   0x00000d7c      0x338 ./Drivers/STM32L4xx_HAL_Driver/Src/stm32l4xx_hal_dac.o
 .debug_frame   0x000010b4      0x234 ./Drivers/STM32L4xx_HAL_Driver/Src/stm32l4xx_hal_dac_ex.o
 .debug_frame   0x000012e8      0x24c ./Drivers/STM32L4xx_HAL_Driver/Src/stm32l4xx_hal_dma.o
 .debug_frame   0x00001534      0x14c ./Drivers/STM32L4xx_HAL_Driver/Src/stm32l4xx_hal_gpio.o
 .debug_frame   0x00001680      0x5c4 ./Drivers/STM32L4xx_HAL_Driver/Src/stm32l4xx_hal_pwr_ex.o
 .debug_frame   0x00001c44      0x248 ./Drivers/STM32L4xx_HAL_Driver/Src/stm32l4xx_hal_rcc.o
 .debug_frame   0x00001e8c     0x121c ./Drivers/STM32L4xx_HAL_Driver/Src/stm32l4xx_hal_tim.o
 .debug_frame   0x000030a8      0x6b0 ./Drivers/STM32L4xx_HAL_Driver/Src/stm32l4xx_hal_tim_ex.o
 .debug_frame   0x00003758       0x20 /Users/jewoolee/STM32CubeIDE/workspace_1.16.0/Lab3_final/Core/Lib/libarm_cortexM4lf_math.a(arm_sin_f32.o)
 .debug_frame   0x00003778       0x20 /Applications/STM32CubeIDE.app/Contents/Eclipse/plugins/com.st.stm32cube.ide.mcu.externaltools.gnu-tools-for-stm32.12.3.rel1.macos64_1.0.200.202406191456/tools/bin/../lib/gcc/arm-none-eabi/12.3.1/../../../../arm-none-eabi/lib/thumb/v7e-m+fp/hard/libc_nano.a(libc_a-memset.o)
 .debug_frame   0x00003798       0x2c /Applications/STM32CubeIDE.app/Contents/Eclipse/plugins/com.st.stm32cube.ide.mcu.externaltools.gnu-tools-for-stm32.12.3.rel1.macos64_1.0.200.202406191456/tools/bin/../lib/gcc/arm-none-eabi/12.3.1/../../../../arm-none-eabi/lib/thumb/v7e-m+fp/hard/libc_nano.a(libc_a-init.o)
 .debug_frame   0x000037c4       0x30 /Applications/STM32CubeIDE.app/Contents/Eclipse/plugins/com.st.stm32cube.ide.mcu.externaltools.gnu-tools-for-stm32.12.3.rel1.macos64_1.0.200.202406191456/tools/bin/../lib/gcc/arm-none-eabi/12.3.1/thumb/v7e-m+fp/hard/libgcc.a(_arm_muldf3.o)
 .debug_frame   0x000037f4       0xac /Applications/STM32CubeIDE.app/Contents/Eclipse/plugins/com.st.stm32cube.ide.mcu.externaltools.gnu-tools-for-stm32.12.3.rel1.macos64_1.0.200.202406191456/tools/bin/../lib/gcc/arm-none-eabi/12.3.1/thumb/v7e-m+fp/hard/libgcc.a(_arm_addsubdf3.o)
 .debug_frame   0x000038a0       0x24 /Applications/STM32CubeIDE.app/Contents/Eclipse/plugins/com.st.stm32cube.ide.mcu.externaltools.gnu-tools-for-stm32.12.3.rel1.macos64_1.0.200.202406191456/tools/bin/../lib/gcc/arm-none-eabi/12.3.1/thumb/v7e-m+fp/hard/libgcc.a(_arm_truncdfsf2.o)

.debug_line_str
                0x00000000       0x67
 .debug_line_str
                0x00000000       0x67 ./Core/Startup/startup_stm32l4s5vitx.o

.debug_loc      0x00000000       0xfa
 .debug_loc     0x00000000       0xfa /Users/jewoolee/STM32CubeIDE/workspace_1.16.0/Lab3_final/Core/Lib/libarm_cortexM4lf_math.a(arm_sin_f32.o)

.debug_ranges   0x00000000       0x10
 .debug_ranges  0x00000000       0x10 /Users/jewoolee/STM32CubeIDE/workspace_1.16.0/Lab3_final/Core/Lib/libarm_cortexM4lf_math.a(arm_sin_f32.o)
