../Core/Src/main.c:73:5:main	8	static
../Core/Src/main.c:127:6:SystemClock_Config	96	static
../Core/Src/main.c:178:13:MX_ADC1_Init	32	static
../Core/Src/main.c:237:13:MX_DAC1_Init	48	static
../Core/Src/main.c:288:13:MX_TIM2_Init	40	static
../Core/Src/main.c:331:13:MX_DMA_Init	16	static
../Core/Src/main.c:350:13:MX_GPIO_Init	40	static
../Core/Src/main.c:383:6:sawtoothGraph	8	static
../Core/Src/main.c:394:6:triangleGraph	8	static
../Core/Src/main.c:414:6:Error_Handler	4	static,ignoring_inline_asm
