../Core/Src/main.c:103:5:main	128	static
../Core/Src/main.c:222:6:SystemClock_Config	96	static
../Core/Src/main.c:273:13:MX_I2C2_Init	8	static
../Core/Src/main.c:321:13:MX_USART1_UART_Init	8	static
../Core/Src/main.c:356:13:MX_GPIO_Init	40	static
../Core/Src/main.c:388:6:HAL_GPIO_EXTI_Callback	16	static
../Core/Src/main.c:402:6:StartDefaultTask	16	static
../Core/Src/main.c:420:6:StartButtonTask	16	static
../Core/Src/main.c:444:6:StartTXTask	24	static
../Core/Src/main.c:480:6:StartSensorTask	16	static
../Core/Src/main.c:513:6:HAL_TIM_PeriodElapsedCallback	16	static
../Core/Src/main.c:530:6:Error_Handler	4	static,ignoring_inline_asm
