Archive member included to satisfy reference by file (symbol)

/Applications/STM32CubeIDE.app/Contents/Eclipse/plugins/com.st.stm32cube.ide.mcu.externaltools.gnu-tools-for-stm32.12.3.rel1.macos64_1.0.200.202406191456/tools/bin/../lib/gcc/arm-none-eabi/12.3.1/../../../../arm-none-eabi/lib/thumb/v7e-m+fp/hard/libc_nano.a(libc_a-exit.o)
                              /Applications/STM32CubeIDE.app/Contents/Eclipse/plugins/com.st.stm32cube.ide.mcu.externaltools.gnu-tools-for-stm32.12.3.rel1.macos64_1.0.200.202406191456/tools/bin/../lib/gcc/arm-none-eabi/12.3.1/../../../../arm-none-eabi/lib/thumb/v7e-m+fp/hard/crt0.o (exit)
/Applications/STM32CubeIDE.app/Contents/Eclipse/plugins/com.st.stm32cube.ide.mcu.externaltools.gnu-tools-for-stm32.12.3.rel1.macos64_1.0.200.202406191456/tools/bin/../lib/gcc/arm-none-eabi/12.3.1/../../../../arm-none-eabi/lib/thumb/v7e-m+fp/hard/libc_nano.a(libc_a-findfp.o)
                              /Applications/STM32CubeIDE.app/Contents/Eclipse/plugins/com.st.stm32cube.ide.mcu.externaltools.gnu-tools-for-stm32.12.3.rel1.macos64_1.0.200.202406191456/tools/bin/../lib/gcc/arm-none-eabi/12.3.1/../../../../arm-none-eabi/lib/thumb/v7e-m+fp/hard/libc_nano.a(libc_a-exit.o) (__stdio_exit_handler)
/Applications/STM32CubeIDE.app/Contents/Eclipse/plugins/com.st.stm32cube.ide.mcu.externaltools.gnu-tools-for-stm32.12.3.rel1.macos64_1.0.200.202406191456/tools/bin/../lib/gcc/arm-none-eabi/12.3.1/../../../../arm-none-eabi/lib/thumb/v7e-m+fp/hard/libc_nano.a(libc_a-fwalk.o)
                              /Applications/STM32CubeIDE.app/Contents/Eclipse/plugins/com.st.stm32cube.ide.mcu.externaltools.gnu-tools-for-stm32.12.3.rel1.macos64_1.0.200.202406191456/tools/bin/../lib/gcc/arm-none-eabi/12.3.1/../../../../arm-none-eabi/lib/thumb/v7e-m+fp/hard/libc_nano.a(libc_a-findfp.o) (_fwalk_sglue)
/Applications/STM32CubeIDE.app/Contents/Eclipse/plugins/com.st.stm32cube.ide.mcu.externaltools.gnu-tools-for-stm32.12.3.rel1.macos64_1.0.200.202406191456/tools/bin/../lib/gcc/arm-none-eabi/12.3.1/../../../../arm-none-eabi/lib/thumb/v7e-m+fp/hard/libc_nano.a(libc_a-memset.o)
                              /Applications/STM32CubeIDE.app/Contents/Eclipse/plugins/com.st.stm32cube.ide.mcu.externaltools.gnu-tools-for-stm32.12.3.rel1.macos64_1.0.200.202406191456/tools/bin/../lib/gcc/arm-none-eabi/12.3.1/../../../../arm-none-eabi/lib/thumb/v7e-m+fp/hard/crt0.o (memset)
/Applications/STM32CubeIDE.app/Contents/Eclipse/plugins/com.st.stm32cube.ide.mcu.externaltools.gnu-tools-for-stm32.12.3.rel1.macos64_1.0.200.202406191456/tools/bin/../lib/gcc/arm-none-eabi/12.3.1/../../../../arm-none-eabi/lib/thumb/v7e-m+fp/hard/libc_nano.a(libc_a-impure.o)
                              /Applications/STM32CubeIDE.app/Contents/Eclipse/plugins/com.st.stm32cube.ide.mcu.externaltools.gnu-tools-for-stm32.12.3.rel1.macos64_1.0.200.202406191456/tools/bin/../lib/gcc/arm-none-eabi/12.3.1/../../../../arm-none-eabi/lib/thumb/v7e-m+fp/hard/libc_nano.a(libc_a-findfp.o) (_impure_data)
/Applications/STM32CubeIDE.app/Contents/Eclipse/plugins/com.st.stm32cube.ide.mcu.externaltools.gnu-tools-for-stm32.12.3.rel1.macos64_1.0.200.202406191456/tools/bin/../lib/gcc/arm-none-eabi/12.3.1/../../../../arm-none-eabi/lib/thumb/v7e-m+fp/hard/libc_nano.a(libc_a-errno.o)
                              ./Core/Src/syscalls.o (__errno)
/Applications/STM32CubeIDE.app/Contents/Eclipse/plugins/com.st.stm32cube.ide.mcu.externaltools.gnu-tools-for-stm32.12.3.rel1.macos64_1.0.200.202406191456/tools/bin/../lib/gcc/arm-none-eabi/12.3.1/../../../../arm-none-eabi/lib/thumb/v7e-m+fp/hard/libc_nano.a(libc_a-init.o)
                              /Applications/STM32CubeIDE.app/Contents/Eclipse/plugins/com.st.stm32cube.ide.mcu.externaltools.gnu-tools-for-stm32.12.3.rel1.macos64_1.0.200.202406191456/tools/bin/../lib/gcc/arm-none-eabi/12.3.1/../../../../arm-none-eabi/lib/thumb/v7e-m+fp/hard/crt0.o (__libc_init_array)
/Applications/STM32CubeIDE.app/Contents/Eclipse/plugins/com.st.stm32cube.ide.mcu.externaltools.gnu-tools-for-stm32.12.3.rel1.macos64_1.0.200.202406191456/tools/bin/../lib/gcc/arm-none-eabi/12.3.1/../../../../arm-none-eabi/lib/thumb/v7e-m+fp/hard/libc_nano.a(libc_a-lock.o)
                              /Applications/STM32CubeIDE.app/Contents/Eclipse/plugins/com.st.stm32cube.ide.mcu.externaltools.gnu-tools-for-stm32.12.3.rel1.macos64_1.0.200.202406191456/tools/bin/../lib/gcc/arm-none-eabi/12.3.1/../../../../arm-none-eabi/lib/thumb/v7e-m+fp/hard/libc_nano.a(libc_a-findfp.o) (__retarget_lock_init_recursive)
/Applications/STM32CubeIDE.app/Contents/Eclipse/plugins/com.st.stm32cube.ide.mcu.externaltools.gnu-tools-for-stm32.12.3.rel1.macos64_1.0.200.202406191456/tools/bin/../lib/gcc/arm-none-eabi/12.3.1/../../../../arm-none-eabi/lib/thumb/v7e-m+fp/hard/libc_nano.a(libc_a-mallocr.o)
[...]
Memory Configuration

Name             Origin             Length             Attributes
RAM              0x20000000         0x000a0000         xrw
RAM2             0x10000000         0x00010000         xrw
RAM3             0x20040000         0x00060000         xrw
FLASH            0x08000000         0x00200000         xr
*default*        0x00000000         0xffffffff

Linker script and memory map

LOAD /Applications/STM32CubeIDE.app/Contents/Eclipse/plugins/com.st.stm32cube.ide.mcu.externaltools.gnu-tools-for-stm32.12.3.rel1.macos64_1.0.200.202406191456/tools/bin/../lib/gcc/arm-none-eabi/12.3.1/thumb/v7e-m+fp/hard/crti.o
LOAD /Applications/STM32CubeIDE.app/Contents/Eclipse/plugins/com.st.stm32cube.ide.mcu.externaltools.gnu-tools-for-stm32.12.3.rel1.macos64_1.0.200.202406191456/tools/bin/../lib/gcc/arm-none-eabi/12.3.1/thumb/v7e-m+fp/hard/crtbegin.o
LOAD /Applications/STM32CubeIDE.app/Contents/Eclipse/plugins/com.st.stm32cube.ide.mcu.externaltools.gnu-tools-for-stm32.12.3.rel1.macos64_1.0.200.202406191456/tools/bin/../lib/gcc/arm-none-eabi/12.3.1/../../../../arm-none-eabi/lib/thumb/v7e-m+fp/hard/crt0.o
LOAD ./Core/Src/main.o
LOAD ./Core/Src/stm32l4xx_hal_msp.o
LOAD ./Core/Src/stm32l4xx_it.o
LOAD ./Core/Src/syscalls.o
LOAD ./Core/Src/sysmem.o
LOAD ./Core/Src/system_stm32l4xx.o
LOAD ./Core/Startup/startup_stm32l4s5vitx.o
LOAD ./Drivers/STM32L4xx_HAL_Driver/Src/stm32l4xx_hal.o
LOAD ./Drivers/STM32L4xx_HAL_Driver/Src/stm32l4xx_hal_adc.o
LOAD ./Drivers/STM32L4xx_HAL_Driver/Src/stm32l4xx_hal_adc_ex.o
LOAD ./Drivers/STM32L4xx_HAL_Driver/Src/stm32l4xx_hal_cortex.o
LOAD ./Drivers/STM32L4xx_HAL_Driver/Src/stm32l4xx_hal_dac.o
LOAD ./Drivers/STM32L4xx_HAL_Driver/Src/stm32l4xx_hal_dac_ex.o
LOAD ./Drivers/STM32L4xx_HAL_Driver/Src/stm32l4xx_hal_dma.o
LOAD ./Drivers/STM32L4xx_HAL_Driver/Src/stm32l4xx_hal_dma_ex.o
LOAD ./Drivers/STM32L4xx_HAL_Driver/Src/stm32l4xx_hal_exti.o
LOAD ./Drivers/STM32L4xx_HAL_Driver/Src/stm32l4xx_hal_flash.o
LOAD ./Drivers/STM32L4xx_HAL_Driver/Src/stm32l4xx_hal_flash_ex.o
LOAD ./Drivers/STM32L4xx_HAL_Driver/Src/stm32l4xx_hal_flash_ramfunc.o
LOAD ./Drivers/STM32L4xx_HAL_Driver/Src/stm32l4xx_hal_gpio.o
LOAD ./Drivers/STM32L4xx_HAL_Driver/Src/stm32l4xx_hal_i2c.o
LOAD ./Drivers/STM32L4xx_HAL_Driver/Src/stm32l4xx_hal_i2c_ex.o
LOAD ./Drivers/STM32L4xx_HAL_Driver/Src/stm32l4xx_hal_pwr.o
LOAD ./Drivers/STM32L4xx_HAL_Driver/Src/stm32l4xx_hal_pwr_ex.o
LOAD ./Drivers/STM32L4xx_HAL_Driver/Src/stm32l4xx_hal_rcc.o
LOAD ./Drivers/STM32L4xx_HAL_Driver/Src/stm32l4xx_hal_rcc_ex.o
LOAD ./Drivers/STM32L4xx_HAL_Driver/Src/stm32l4xx_hal_tim.o
LOAD ./Drivers/STM32L4xx_HAL_Driver/Src/stm32l4xx_hal_tim_ex.o
START GROUP
LOAD /Applications/STM32CubeIDE.app/Contents/Eclipse/plugins/com.st.stm32cube.ide.mcu.externaltools.gnu-tools-for-stm32.12.3.rel1.macos64_1.0.200.202406191456/tools/bin/../lib/gcc/arm-none-eabi/12.3.1/../../../../arm-none-eabi/lib/thumb/v7e-m+fp/hard/libc_nano.a
LOAD /Applications/STM32CubeIDE.app/Contents/Eclipse/plugins/com.st.stm32cube.ide.mcu.externaltools.gnu-tools-for-stm32.12.3.rel1.macos64_1.0.200.202406191456/tools/bin/../lib/gcc/arm-none-eabi/12.3.1/../../../../arm-none-eabi/lib/thumb/v7e-m+fp/hard/libm.a
END GROUP
START GROUP
LOAD /Applications/STM32CubeIDE.app/Contents/Eclipse/plugins/com.st.stm32cube.ide.mcu.externaltools.gnu-tools-for-stm32.12.3.rel1.macos64_1.0.200.202406191456/tools/bin/../lib/gcc/arm-none-eabi/12.3.1/thumb/v7e-m+fp/hard/libgcc.a
LOAD /Applications/STM32CubeIDE.app/Contents/Eclipse/plugins/com.st.stm32cube.ide.mcu.externaltools.gnu-tools-for-stm32.12.3.rel1.macos64_1.0.200.202406191456/tools/bin/../lib/gcc/arm-none-eabi/12.3.1/../../../../arm-none-eabi/lib/thumb/v7e-m+fp/hard/libc_nano.a
END GROUP
START GROUP
LOAD /Applications/STM32CubeIDE.app/Contents/Eclipse/plugins/com.st.stm32cube.ide.mcu.externaltools.gnu-tools-for-stm32.12.3.rel1.macos64_1.0.200.202406191456/tools/bin/../lib/gcc/arm-none-eabi/12.3.1/thumb/v7e-m+fp/hard/libgcc.a
LOAD /Applications/STM32CubeIDE.app/Contents/Eclipse/plugins/com.st.stm32cube.ide.mcu.externaltools.gnu-tools-for-stm32.12.3.rel1.macos64_1.0.200.202406191456/tools/bin/../lib/gcc/arm-none-eabi/12.3.1/../../../../arm-none-eabi/lib/thumb/v7e-m+fp/hard/libc_nano.a
LOAD /Applications/STM32CubeIDE.app/Contents/Eclipse/plugins/com.st.stm32cube.ide.mcu.externaltools.gnu-tools-for-stm32.12.3.rel1.macos64_1.0.200.202406191456/tools/bin/../lib/gcc/arm-none-eabi/12.3.1/../../../../arm-none-eabi/lib/thumb/v7e-m+fp/hard/libnosys.a
END GROUP
START GROUP
LOAD /Applications/STM32CubeIDE.app/Contents/Eclipse/plugins/com.st.stm32cube.ide.mcu.externaltools.gnu-tools-for-stm32.12.3.rel1.macos64_1.0.200.202406191456/tools/bin/../lib/gcc/arm-none-eabi/12.3.1/thumb/v7e-m+fp/hard/libgcc.a
LOAD /Applications/STM32CubeIDE.app/Contents/Eclipse/plugins/com.st.stm32cube.ide.mcu.externaltools.gnu-tools-for-stm32.12.3.rel1.macos64_1.0.200.202406191456/tools/bin/../lib/gcc/arm-none-eabi/12.3.1/../../../../arm-none-eabi/lib/thumb/v7e-m+fp/hard/libc_nano.a
LOAD /Applications/STM32CubeIDE.app/Contents/Eclipse/plugins/com.st.stm32cube.ide.mcu.externaltools.gnu-tools-for-stm32.12.3.rel1.macos64_1.0.200.202406191456/tools/bin/../lib/gcc/arm-none-eabi/12.3.1/../../../../arm-none-eabi/lib/thumb/v7e-m+fp/hard/libnosys.a
END GROUP
LOAD /Applications/STM32CubeIDE.app/Contents/Eclipse/plugins/com.st.stm32cube.ide.mcu.externaltools.gnu-tools-for-stm32.12.3.rel1.macos64_1.0.200.202406191456/tools/bin/../lib/gcc/arm-none-eabi/12.3.1/thumb/v7e-m+fp/hard/crtend.o
LOAD /Applications/STM32CubeIDE.app/Contents/Eclipse/plugins/com.st.stm32cube.ide.mcu.externaltools.gnu-tools-for-stm32.12.3.rel1.macos64_1.0.200.202406191456/tools/bin/../lib/gcc/arm-none-eabi/12.3.1/thumb/v7e-m+fp/hard/crtn.o
                0x200a0000                        _estack = (ORIGIN (RAM) + LENGTH (RAM))
                0x00000200                        _Min_Heap_Size = 0x200
                0x00000400                        _Min_Stack_Size = 0x400

.isr_vector     0x08000000      0x1bc
                0x08000000                        . = ALIGN (0x4)
 *(.isr_vector)
 .isr_vector    0x08000000      0x1bc ./Core/Startup/startup_stm32l4s5vitx.o
                0x08000000                g_pfnVectors
                0x080001bc                        . = ALIGN (0x4)

.text           0x080001bc     0x45d0
                0x080001bc                        . = ALIGN (0x4)
 *(.text)
 .text          0x080001bc       0x40 /Applications/STM32CubeIDE.app/Contents/Eclipse/plugins/com.st.stm32cube.ide.mcu.externaltools.gnu-tools-for-stm32.12.3.rel1.macos64_1.0.200.202406191456/tools/bin/../lib/gcc/arm-none-eabi/12.3.1/thumb/v7e-m+fp/hard/crtbegin.o
 *(.text*)
 .text.main     0x080001fc       0x50 ./Core/Src/main.o
                0x080001fc                main
 .text.SystemClock_Config
                0x0800024c       0xa2 ./Core/Src/main.o
                0x0800024c                SystemClock_Config
 *fill*         0x080002ee        0x2 
 .text.MX_ADC1_Init
                0x080002f0       0xcc ./Core/Src/main.o
 .text.MX_DAC1_Init
                0x080003bc       0x80 ./Core/Src/main.o
 .text.MX_TIM2_Init
                0x0800043c       0x98 ./Core/Src/main.o
 .text.MX_DMA_Init
                0x080004d4       0x54 ./Core/Src/main.o
 .text.MX_GPIO_Init
                0x08000528       0xc8 ./Core/Src/main.o
 .text.sawtoothGraph
                0x080005f0       0x3c ./Core/Src/main.o
                0x080005f0                sawtoothGraph
 .text.triangleGraph
                0x0800062c       0x58 ./Core/Src/main.o
                0x0800062c                triangleGraph
 .text.Error_Handler
                0x08000684        0xc ./Core/Src/main.o
                0x08000684                Error_Handler
 .text.HAL_MspInit
                0x08000690       0x48 ./Core/Src/stm32l4xx_hal_msp.o
                0x08000690                HAL_MspInit
 .text.HAL_ADC_MspInit
                0x080006d8       0x88 ./Core/Src/stm32l4xx_hal_msp.o
                0x080006d8                HAL_ADC_MspInit
 .text.HAL_DAC_MspInit
                0x08000760       0xdc ./Core/Src/stm32l4xx_hal_msp.o
                0x08000760                HAL_DAC_MspInit
 .text.HAL_TIM_Base_MspInit
                0x0800083c       0x48 ./Core/Src/stm32l4xx_hal_msp.o
                0x0800083c                HAL_TIM_Base_MspInit
 .text.NMI_Handler
                0x08000884        0x8 ./Core/Src/stm32l4xx_it.o
                0x08000884                NMI_Handler
 .text.HardFault_Handler
                0x0800088c        0x8 ./Core/Src/stm32l4xx_it.o
                0x0800088c                HardFault_Handler
 .text.MemManage_Handler
                0x08000894        0x8 ./Core/Src/stm32l4xx_it.o
                0x08000894                MemManage_Handler
 .text.BusFault_Handler
                0x0800089c        0x8 ./Core/Src/stm32l4xx_it.o
                0x0800089c                BusFault_Handler
 .text.UsageFault_Handler
                0x080008a4        0x8 ./Core/Src/stm32l4xx_it.o
                0x080008a4                UsageFault_Handler
 .text.SVC_Handler
                0x080008ac        0xe ./Core/Src/stm32l4xx_it.o
                0x080008ac                SVC_Handler
 .text.DebugMon_Handler
                0x080008ba        0xe ./Core/Src/stm32l4xx_it.o
                0x080008ba                DebugMon_Handler
 .text.PendSV_Handler
                0x080008c8        0xe ./Core/Src/stm32l4xx_it.o
                0x080008c8                PendSV_Handler
 .text.SysTick_Handler
                0x080008d6        0xc ./Core/Src/stm32l4xx_it.o
                0x080008d6                SysTick_Handler
 *fill*         0x080008e2        0x2 
 .text.DMA1_Channel2_IRQHandler
                0x080008e4       0x14 ./Core/Src/stm32l4xx_it.o
                0x080008e4                DMA1_Channel2_IRQHandler
 .text.TIM2_IRQHandler
                0x080008f8       0x14 ./Core/Src/stm32l4xx_it.o
                0x080008f8                TIM2_IRQHandler
 .text.EXTI15_10_IRQHandler
                0x0800090c       0x10 ./Core/Src/stm32l4xx_it.o
                0x0800090c                EXTI15_10_IRQHandler
 .text.SystemInit
                0x0800091c       0x24 ./Core/Src/system_stm32l4xx.o
                0x0800091c                SystemInit
 .text.Reset_Handler
                0x08000940       0x50 ./Core/Startup/startup_stm32l4s5vitx.o
                0x08000940                Reset_Handler
 .text.Default_Handler
                0x08000990        0x2 ./Core/Startup/startup_stm32l4s5vitx.o
                0x08000990                TIM1_BRK_TIM15_IRQHandler
                0x08000990                EXTI2_IRQHandler
                0x08000990                TIM8_TRG_COM_IRQHandler
                0x08000990                TIM8_CC_IRQHandler
                0x08000990                TIM1_CC_IRQHandler
                0x08000990                TSC_IRQHandler
                0x08000990                TAMP_STAMP_IRQHandler
                0x08000990                EXTI3_IRQHandler
                0x08000990                LPTIM2_IRQHandler
                0x08000990                DFSDM1_FLT1_IRQHandler
                0x08000990                GFXMMU_IRQHandler
                0x08000990                I2C3_ER_IRQHandler
                0x08000990                DFSDM1_FLT2_IRQHandler
                0x08000990                EXTI0_IRQHandler
                0x08000990                I2C2_EV_IRQHandler
                0x08000990                CAN1_RX0_IRQHandler
                0x08000990                FPU_IRQHandler
                0x08000990                TIM1_UP_TIM16_IRQHandler
                0x08000990                LTDC_ER_IRQHandler
                0x08000990                SPI1_IRQHandler
                0x08000990                OCTOSPI1_IRQHandler
                0x08000990                TIM6_DAC_IRQHandler
                0x08000990                DCMI_IRQHandler
                0x08000990                TIM8_UP_IRQHandler
                0x08000990                OCTOSPI2_IRQHandler
                0x08000990                DMA2_Channel2_IRQHandler
                0x08000990                DMA1_Channel4_IRQHandler
                0x08000990                SAI2_IRQHandler
                0x08000990                ADC1_IRQHandler
                0x08000990                DFSDM1_FLT3_IRQHandler
                0x08000990                USART3_IRQHandler
                0x08000990                DMA1_Channel7_IRQHandler
                0x08000990                CAN1_RX1_IRQHandler
                0x08000990                UART5_IRQHandler
                0x08000990                TIM4_IRQHandler
                0x08000990                DMA2_Channel1_IRQHandler
                0x08000990                I2C1_EV_IRQHandler
                0x08000990                DMAMUX1_OVR_IRQHandler
                0x08000990                DMA1_Channel6_IRQHandler
                0x08000990                UART4_IRQHandler
                0x08000990                DMA2_Channel4_IRQHandler
                0x08000990                TIM3_IRQHandler
                0x08000990                RCC_IRQHandler
                0x08000990                DMA1_Channel1_IRQHandler
                0x08000990                Default_Handler
                0x08000990                DMA2_Channel7_IRQHandler
                0x08000990                TIM7_IRQHandler
                0x08000990                SDMMC1_IRQHandler
                0x08000990                TIM5_IRQHandler
                0x08000990                I2C3_EV_IRQHandler
                0x08000990                EXTI9_5_IRQHandler
                0x08000990                RTC_WKUP_IRQHandler
                0x08000990                LTDC_IRQHandler
                0x08000990                PVD_PVM_IRQHandler
                0x08000990                SPI2_IRQHandler
                0x08000990                CAN1_TX_IRQHandler
                0x08000990                DMA2_Channel5_IRQHandler
                0x08000990                DMA1_Channel5_IRQHandler
                0x08000990                EXTI4_IRQHandler
                0x08000990                RNG_IRQHandler
                0x08000990                TIM1_TRG_COM_TIM17_IRQHandler
                0x08000990                DMA1_Channel3_IRQHandler
                0x08000990                COMP_IRQHandler
                0x08000990                HASH_CRS_IRQHandler
                0x08000990                WWDG_IRQHandler
                0x08000990                I2C4_EV_IRQHandler
                0x08000990                LPUART1_IRQHandler
                0x08000990                DMA2_Channel6_IRQHandler
                0x08000990                DMA2D_IRQHandler
                0x08000990                EXTI1_IRQHandler
                0x08000990                AES_IRQHandler
                0x08000990                USART2_IRQHandler
                0x08000990                DFSDM1_FLT0_IRQHandler
                0x08000990                I2C2_ER_IRQHandler
                0x08000990                TIM8_BRK_IRQHandler
                0x08000990                CAN1_SCE_IRQHandler
                0x08000990                FLASH_IRQHandler
                0x08000990                USART1_IRQHandler
                0x08000990                OTG_FS_IRQHandler
                0x08000990                SPI3_IRQHandler
                0x08000990                I2C1_ER_IRQHandler
                0x08000990                FMC_IRQHandler
                0x08000990                LPTIM1_IRQHandler
                0x08000990                I2C4_ER_IRQHandler
                0x08000990                SAI1_IRQHandler
                0x08000990                DMA2_Channel3_IRQHandler
                0x08000990                RTC_Alarm_IRQHandler
 .text.HAL_Init
                0x08000992       0x30 ./Drivers/STM32L4xx_HAL_Driver/Src/stm32l4xx_hal.o
                0x08000992                HAL_Init
 *fill*         0x080009c2        0x2 
 .text.HAL_InitTick
                0x080009c4       0x78 ./Drivers/STM32L4xx_HAL_Driver/Src/stm32l4xx_hal.o
                0x080009c4                HAL_InitTick
 .text.HAL_IncTick
                0x08000a3c       0x28 ./Drivers/STM32L4xx_HAL_Driver/Src/stm32l4xx_hal.o
                0x08000a3c                HAL_IncTick
 .text.HAL_GetTick
                0x08000a64       0x18 ./Drivers/STM32L4xx_HAL_Driver/Src/stm32l4xx_hal.o
                0x08000a64                HAL_GetTick
 .text.HAL_Delay
                0x08000a7c       0x48 ./Drivers/STM32L4xx_HAL_Driver/Src/stm32l4xx_hal.o
                0x08000a7c                HAL_Delay
 .text.LL_ADC_SetCommonClock
                0x08000ac4       0x26 ./Drivers/STM32L4xx_HAL_Driver/Src/stm32l4xx_hal_adc.o
 .text.LL_ADC_SetCommonPathInternalCh
                0x08000aea       0x26 ./Drivers/STM32L4xx_HAL_Driver/Src/stm32l4xx_hal_adc.o
 .text.LL_ADC_GetCommonPathInternalCh
                0x08000b10       0x1c ./Drivers/STM32L4xx_HAL_Driver/Src/stm32l4xx_hal_adc.o
 .text.LL_ADC_SetOffset
                0x08000b2c       0x48 ./Drivers/STM32L4xx_HAL_Driver/Src/stm32l4xx_hal_adc.o
 .text.LL_ADC_GetOffsetChannel
                0x08000b74       0x2c ./Drivers/STM32L4xx_HAL_Driver/Src/stm32l4xx_hal_adc.o
 .text.LL_ADC_SetOffsetState
                0x08000ba0       0x36 ./Drivers/STM32L4xx_HAL_Driver/Src/stm32l4xx_hal_adc.o
 .text.LL_ADC_SetSamplingTimeCommonConfig
                0x08000bd6       0x26 ./Drivers/STM32L4xx_HAL_Driver/Src/stm32l4xx_hal_adc.o
 .text.LL_ADC_REG_SetSequencerRanks
                0x08000bfc       0x58 ./Drivers/STM32L4xx_HAL_Driver/Src/stm32l4xx_hal_adc.o
 .text.LL_ADC_SetChannelSamplingTime
                0x08000c54       0x56 ./Drivers/STM32L4xx_HAL_Driver/Src/stm32l4xx_hal_adc.o
 *fill*         0x08000caa        0x2 
 .text.LL_ADC_SetChannelSingleDiff
                0x08000cac       0x48 ./Drivers/STM32L4xx_HAL_Driver/Src/stm32l4xx_hal_adc.o
 .text.LL_ADC_DisableDeepPowerDown
                0x08000cf4       0x24 ./Drivers/STM32L4xx_HAL_Driver/Src/stm32l4xx_hal_adc.o
 .text.LL_ADC_IsDeepPowerDownEnabled
                0x08000d18       0x28 ./Drivers/STM32L4xx_HAL_Driver/Src/stm32l4xx_hal_adc.o
 .text.LL_ADC_EnableInternalRegulator
                0x08000d40       0x28 ./Drivers/STM32L4xx_HAL_Driver/Src/stm32l4xx_hal_adc.o
 .text.LL_ADC_IsInternalRegulatorEnabled
                0x08000d68       0x28 ./Drivers/STM32L4xx_HAL_Driver/Src/stm32l4xx_hal_adc.o
 .text.LL_ADC_IsEnabled
                0x08000d90       0x26 ./Drivers/STM32L4xx_HAL_Driver/Src/stm32l4xx_hal_adc.o
 .text.LL_ADC_REG_IsConversionOngoing
                0x08000db6       0x26 ./Drivers/STM32L4xx_HAL_Driver/Src/stm32l4xx_hal_adc.o
 .text.LL_ADC_INJ_IsConversionOngoing
                0x08000ddc       0x26 ./Drivers/STM32L4xx_HAL_Driver/Src/stm32l4xx_hal_adc.o
 *fill*         0x08000e02        0x2 
 .text.HAL_ADC_Init
                0x08000e04      0x298 ./Drivers/STM32L4xx_HAL_Driver/Src/stm32l4xx_hal_adc.o
                0x08000e04                HAL_ADC_Init
 .text.HAL_ADC_ConfigChannel
                0x0800109c      0x7f4 ./Drivers/STM32L4xx_HAL_Driver/Src/stm32l4xx_hal_adc.o
                0x0800109c                HAL_ADC_ConfigChannel
 .text.__NVIC_SetPriorityGrouping
                0x08001890       0x48 ./Drivers/STM32L4xx_HAL_Driver/Src/stm32l4xx_hal_cortex.o
 .text.__NVIC_GetPriorityGrouping
                0x080018d8       0x1c ./Drivers/STM32L4xx_HAL_Driver/Src/stm32l4xx_hal_cortex.o
 .text.__NVIC_EnableIRQ
                0x080018f4       0x3c ./Drivers/STM32L4xx_HAL_Driver/Src/stm32l4xx_hal_cortex.o
 .text.__NVIC_SetPriority
                0x08001930       0x54 ./Drivers/STM32L4xx_HAL_Driver/Src/stm32l4xx_hal_cortex.o
 .text.NVIC_EncodePriority
                0x08001984       0x66 ./Drivers/STM32L4xx_HAL_Driver/Src/stm32l4xx_hal_cortex.o
 *fill*         0x080019ea        0x2 
 .text.SysTick_Config
                0x080019ec       0x44 ./Drivers/STM32L4xx_HAL_Driver/Src/stm32l4xx_hal_cortex.o
 .text.HAL_NVIC_SetPriorityGrouping
                0x08001a30       0x16 ./Drivers/STM32L4xx_HAL_Driver/Src/stm32l4xx_hal_cortex.o
                0x08001a30                HAL_NVIC_SetPriorityGrouping
 .text.HAL_NVIC_SetPriority
                0x08001a46       0x38 ./Drivers/STM32L4xx_HAL_Driver/Src/stm32l4xx_hal_cortex.o
                0x08001a46                HAL_NVIC_SetPriority
 .text.HAL_NVIC_EnableIRQ
                0x08001a7e       0x1c ./Drivers/STM32L4xx_HAL_Driver/Src/stm32l4xx_hal_cortex.o
                0x08001a7e                HAL_NVIC_EnableIRQ
 .text.HAL_SYSTICK_Config
                0x08001a9a       0x18 ./Drivers/STM32L4xx_HAL_Driver/Src/stm32l4xx_hal_cortex.o
                0x08001a9a                HAL_SYSTICK_Config
 .text.HAL_DAC_Init
                0x08001ab2       0x44 ./Drivers/STM32L4xx_HAL_Driver/Src/stm32l4xx_hal_dac.o
                0x08001ab2                HAL_DAC_Init
 .text.HAL_DAC_Start
                0x08001af6       0xa4 ./Drivers/STM32L4xx_HAL_Driver/Src/stm32l4xx_hal_dac.o
                0x08001af6                HAL_DAC_Start
 .text.HAL_DAC_SetValue
                0x08001b9a       0x4a ./Drivers/STM32L4xx_HAL_Driver/Src/stm32l4xx_hal_dac.o
                0x08001b9a                HAL_DAC_SetValue
 .text.HAL_DAC_ConfigChannel
                0x08001be4      0x280 ./Drivers/STM32L4xx_HAL_Driver/Src/stm32l4xx_hal_dac.o
                0x08001be4                HAL_DAC_ConfigChannel
 .text.HAL_DMA_Init
                0x08001e64      0x150 ./Drivers/STM32L4xx_HAL_Driver/Src/stm32l4xx_hal_dma.o
                0x08001e64                HAL_DMA_Init
 .text.HAL_DMA_IRQHandler
                0x08001fb4      0x15e ./Drivers/STM32L4xx_HAL_Driver/Src/stm32l4xx_hal_dma.o
                0x08001fb4                HAL_DMA_IRQHandler
 *fill*         0x08002112        0x2 
 .text.DMA_CalcDMAMUXChannelBaseAndMask
                0x08002114       0x7c ./Drivers/STM32L4xx_HAL_Driver/Src/stm32l4xx_hal_dma.o
 .text.DMA_CalcDMAMUXRequestGenBaseAndMask
                0x08002190       0x48 ./Drivers/STM32L4xx_HAL_Driver/Src/stm32l4xx_hal_dma.o
 .text.HAL_GPIO_Init
                0x080021d8      0x324 ./Drivers/STM32L4xx_HAL_Driver/Src/stm32l4xx_hal_gpio.o
                0x080021d8                HAL_GPIO_Init
 .text.HAL_GPIO_WritePin
                0x080024fc       0x30 ./Drivers/STM32L4xx_HAL_Driver/Src/stm32l4xx_hal_gpio.o
                0x080024fc                HAL_GPIO_WritePin
 .text.HAL_GPIO_EXTI_IRQHandler
                0x0800252c       0x30 ./Drivers/STM32L4xx_HAL_Driver/Src/stm32l4xx_hal_gpio.o
                0x0800252c                HAL_GPIO_EXTI_IRQHandler
 .text.HAL_GPIO_EXTI_Callback
                0x0800255c       0x16 ./Drivers/STM32L4xx_HAL_Driver/Src/stm32l4xx_hal_gpio.o
                0x0800255c                HAL_GPIO_EXTI_Callback
 *fill*         0x08002572        0x2 
 .text.HAL_PWREx_GetVoltageRange
                0x08002574       0x40 ./Drivers/STM32L4xx_HAL_Driver/Src/stm32l4xx_hal_pwr_ex.o
                0x08002574                HAL_PWREx_GetVoltageRange
 .text.HAL_PWREx_ControlVoltageScaling
                0x080025b4      0x148 ./Drivers/STM32L4xx_HAL_Driver/Src/stm32l4xx_hal_pwr_ex.o
                0x080025b4                HAL_PWREx_ControlVoltageScaling
 .text.HAL_RCC_OscConfig
                0x080026fc      0x834 ./Drivers/STM32L4xx_HAL_Driver/Src/stm32l4xx_hal_rcc.o
                0x080026fc                HAL_RCC_OscConfig
 .text.HAL_RCC_ClockConfig
                0x08002f30      0x274 ./Drivers/STM32L4xx_HAL_Driver/Src/stm32l4xx_hal_rcc.o
                0x08002f30                HAL_RCC_ClockConfig
 .text.HAL_RCC_GetSysClockFreq
                0x080031a4      0x118 ./Drivers/STM32L4xx_HAL_Driver/Src/stm32l4xx_hal_rcc.o
                0x080031a4                HAL_RCC_GetSysClockFreq
 .text.HAL_RCC_GetHCLKFreq
                0x080032bc       0x18 ./Drivers/STM32L4xx_HAL_Driver/Src/stm32l4xx_hal_rcc.o
                0x080032bc                HAL_RCC_GetHCLKFreq
 .text.RCC_SetFlashLatencyFromMSIRange
                0x080032d4       0xb4 ./Drivers/STM32L4xx_HAL_Driver/Src/stm32l4xx_hal_rcc.o
 .text.RCC_GetSysClockFreqFromPLLSource
                0x08003388       0xcc ./Drivers/STM32L4xx_HAL_Driver/Src/stm32l4xx_hal_rcc.o
 .text.HAL_RCCEx_PeriphCLKConfig
                0x08003454      0x660 ./Drivers/STM32L4xx_HAL_Driver/Src/stm32l4xx_hal_rcc_ex.o
                0x08003454                HAL_RCCEx_PeriphCLKConfig
 .text.RCCEx_PLLSAI1_Config
                0x08003ab4      0x1e8 ./Drivers/STM32L4xx_HAL_Driver/Src/stm32l4xx_hal_rcc_ex.o
 .text.RCCEx_PLLSAI2_Config
                0x08003c9c      0x1e8 ./Drivers/STM32L4xx_HAL_Driver/Src/stm32l4xx_hal_rcc_ex.o
 .text.HAL_TIM_Base_Init
                0x08003e84       0xae ./Drivers/STM32L4xx_HAL_Driver/Src/stm32l4xx_hal_tim.o
                0x08003e84                HAL_TIM_Base_Init
 .text.HAL_TIM_IRQHandler
                0x08003f32      0x23e ./Drivers/STM32L4xx_HAL_Driver/Src/stm32l4xx_hal_tim.o
                0x08003f32                HAL_TIM_IRQHandler
 .text.HAL_TIM_ConfigClockSource
                0x08004170      0x192 ./Drivers/STM32L4xx_HAL_Driver/Src/stm32l4xx_hal_tim.o
                0x08004170                HAL_TIM_ConfigClockSource
 .text.HAL_TIM_PeriodElapsedCallback
                0x08004302       0x14 ./Drivers/STM32L4xx_HAL_Driver/Src/stm32l4xx_hal_tim.o
                0x08004302                HAL_TIM_PeriodElapsedCallback
 .text.HAL_TIM_OC_DelayElapsedCallback
                0x08004316       0x14 ./Drivers/STM32L4xx_HAL_Driver/Src/stm32l4xx_hal_tim.o
                0x08004316                HAL_TIM_OC_DelayElapsedCallback
 .text.HAL_TIM_IC_CaptureCallback
                0x0800432a       0x14 ./Drivers/STM32L4xx_HAL_Driver/Src/stm32l4xx_hal_tim.o
                0x0800432a                HAL_TIM_IC_CaptureCallback
 .text.HAL_TIM_PWM_PulseFinishedCallback
                0x0800433e       0x14 ./Drivers/STM32L4xx_HAL_Driver/Src/stm32l4xx_hal_tim.o
                0x0800433e                HAL_TIM_PWM_PulseFinishedCallback
 .text.HAL_TIM_TriggerCallback
                0x08004352       0x14 ./Drivers/STM32L4xx_HAL_Driver/Src/stm32l4xx_hal_tim.o
                0x08004352                HAL_TIM_TriggerCallback
 *fill*         0x08004366        0x2 
 .text.TIM_Base_SetConfig
                0x08004368      0x134 ./Drivers/STM32L4xx_HAL_Driver/Src/stm32l4xx_hal_tim.o
                0x08004368                TIM_Base_SetConfig
 .text.TIM_TI1_ConfigInputStage
                0x0800449c       0x5e ./Drivers/STM32L4xx_HAL_Driver/Src/stm32l4xx_hal_tim.o
 .text.TIM_TI2_ConfigInputStage
                0x080044fa       0x60 ./Drivers/STM32L4xx_HAL_Driver/Src/stm32l4xx_hal_tim.o
 .text.TIM_ITRx_SetConfig
                0x0800455a       0x36 ./Drivers/STM32L4xx_HAL_Driver/Src/stm32l4xx_hal_tim.o
 .text.TIM_ETR_SetConfig
                0x08004590       0x40 ./Drivers/STM32L4xx_HAL_Driver/Src/stm32l4xx_hal_tim.o
                0x08004590                TIM_ETR_SetConfig
 .text.HAL_TIMEx_MasterConfigSynchronization
                0x080045d0      0x110 ./Drivers/STM32L4xx_HAL_Driver/Src/stm32l4xx_hal_tim_ex.o
                0x080045d0                HAL_TIMEx_MasterConfigSynchronization
 .text.HAL_TIMEx_CommutCallback
                0x080046e0       0x14 ./Drivers/STM32L4xx_HAL_Driver/Src/stm32l4xx_hal_tim_ex.o
                0x080046e0                HAL_TIMEx_CommutCallback
 .text.HAL_TIMEx_BreakCallback
                0x080046f4       0x14 ./Drivers/STM32L4xx_HAL_Driver/Src/stm32l4xx_hal_tim_ex.o
                0x080046f4                HAL_TIMEx_BreakCallback
 .text.HAL_TIMEx_Break2Callback
                0x08004708       0x14 ./Drivers/STM32L4xx_HAL_Driver/Src/stm32l4xx_hal_tim_ex.o
                0x08004708                HAL_TIMEx_Break2Callback
 .text.memset   0x0800471c       0x10 /Applications/STM32CubeIDE.app/Contents/Eclipse/plugins/com.st.stm32cube.ide.mcu.externaltools.gnu-tools-for-stm32.12.3.rel1.macos64_1.0.200.202406191456/tools/bin/../lib/gcc/arm-none-eabi/12.3.1/../../../../arm-none-eabi/lib/thumb/v7e-m+fp/hard/libc_nano.a(libc_a-memset.o)
                0x0800471c                memset
 .text.__libc_init_array
                0x0800472c       0x48 /Applications/STM32CubeIDE.app/Contents/Eclipse/plugins/com.st.stm32cube.ide.mcu.externaltools.gnu-tools-for-stm32.12.3.rel1.macos64_1.0.200.202406191456/tools/bin/../lib/gcc/arm-none-eabi/12.3.1/../../../../arm-none-eabi/lib/thumb/v7e-m+fp/hard/libc_nano.a(libc_a-init.o)
                0x0800472c                __libc_init_array
 *(.glue_7)
 .glue_7        0x08004774        0x0 linker stubs
 *(.glue_7t)
 .glue_7t       0x08004774        0x0 linker stubs
 *(.eh_frame)
 .eh_frame      0x08004774        0x0 /Applications/STM32CubeIDE.app/Contents/Eclipse/plugins/com.st.stm32cube.ide.mcu.externaltools.gnu-tools-for-stm32.12.3.rel1.macos64_1.0.200.202406191456/tools/bin/../lib/gcc/arm-none-eabi/12.3.1/thumb/v7e-m+fp/hard/crtbegin.o
 *(.init)
 .init          0x08004774        0x4 /Applications/STM32CubeIDE.app/Contents/Eclipse/plugins/com.st.stm32cube.ide.mcu.externaltools.gnu-tools-for-stm32.12.3.rel1.macos64_1.0.200.202406191456/tools/bin/../lib/gcc/arm-none-eabi/12.3.1/thumb/v7e-m+fp/hard/crti.o
                0x08004774                _init
 .init          0x08004778        0x8 /Applications/STM32CubeIDE.app/Contents/Eclipse/plugins/com.st.stm32cube.ide.mcu.externaltools.gnu-tools-for-stm32.12.3.rel1.macos64_1.0.200.202406191456/tools/bin/../lib/gcc/arm-none-eabi/12.3.1/thumb/v7e-m+fp/hard/crtn.o
 *(.fini)
 .fini          0x08004780        0x4 /Applications/STM32CubeIDE.app/Contents/Eclipse/plugins/com.st.stm32cube.ide.mcu.externaltools.gnu-tools-for-stm32.12.3.rel1.macos64_1.0.200.202406191456/tools/bin/../lib/gcc/arm-none-eabi/12.3.1/thumb/v7e-m+fp/hard/crti.o
                0x08004780                _fini
 .fini          0x08004784        0x8 /Applications/STM32CubeIDE.app/Contents/Eclipse/plugins/com.st.stm32cube.ide.mcu.externaltools.gnu-tools-for-stm32.12.3.rel1.macos64_1.0.200.202406191456/tools/bin/../lib/gcc/arm-none-eabi/12.3.1/thumb/v7e-m+fp/hard/crtn.o
                0x0800478c                        . = ALIGN (0x4)
                0x0800478c                        _etext = .

.vfp11_veneer   0x0800478c        0x0
 .vfp11_veneer  0x0800478c        0x0 linker stubs

.v4_bx          0x0800478c        0x0
 .v4_bx         0x0800478c        0x0 linker stubs

.iplt           0x0800478c        0x0
 .iplt          0x0800478c        0x0 /Applications/STM32CubeIDE.app/Contents/Eclipse/plugins/com.st.stm32cube.ide.mcu.externaltools.gnu-tools-for-stm32.12.3.rel1.macos64_1.0.200.202406191456/tools/bin/../lib/gcc/arm-none-eabi/12.3.1/thumb/v7e-m+fp/hard/crtbegin.o

.rodata         0x0800478c       0x40
                0x0800478c                        . = ALIGN (0x4)
 *(.rodata)
 *(.rodata*)
 .rodata.AHBPrescTable
                0x0800478c       0x10 ./Core/Src/system_stm32l4xx.o
                0x0800478c                AHBPrescTable
 .rodata.MSIRangeTable
                0x0800479c       0x30 ./Core/Src/system_stm32l4xx.o
                0x0800479c                MSIRangeTable
                0x080047cc                        . = ALIGN (0x4)

.ARM.extab      0x080047cc        0x0
                0x080047cc                        . = ALIGN (0x4)
 *(.ARM.extab* .gnu.linkonce.armextab.*)
                0x080047cc                        . = ALIGN (0x4)

.ARM            0x080047cc        0x0
                0x080047cc                        . = ALIGN (0x4)
                0x080047cc                        __exidx_start = .
 *(.ARM.exidx*)
                0x080047cc                        __exidx_end = .
                0x080047cc                        . = ALIGN (0x4)

.preinit_array  0x080047cc        0x0
                0x080047cc                        . = ALIGN (0x4)
                0x080047cc                        PROVIDE (__preinit_array_start = .)
 *(.preinit_array*)
                0x080047cc                        PROVIDE (__preinit_array_end = .)
                0x080047cc                        . = ALIGN (0x4)

.init_array     0x080047cc        0x4
                0x080047cc                        . = ALIGN (0x4)
                0x080047cc                        PROVIDE (__init_array_start = .)
 *(SORT_BY_NAME(.init_array.*))
 *(.init_array*)
 .init_array    0x080047cc        0x4 /Applications/STM32CubeIDE.app/Contents/Eclipse/plugins/com.st.stm32cube.ide.mcu.externaltools.gnu-tools-for-stm32.12.3.rel1.macos64_1.0.200.202406191456/tools/bin/../lib/gcc/arm-none-eabi/12.3.1/thumb/v7e-m+fp/hard/crtbegin.o
                0x080047d0                        PROVIDE (__init_array_end = .)
                0x080047d0                        . = ALIGN (0x4)

.fini_array     0x080047d0        0x4
                0x080047d0                        . = ALIGN (0x4)
                [!provide]                        PROVIDE (__fini_array_start = .)
 *(SORT_BY_NAME(.fini_array.*))
 *(.fini_array*)
 .fini_array    0x080047d0        0x4 /Applications/STM32CubeIDE.app/Contents/Eclipse/plugins/com.st.stm32cube.ide.mcu.externaltools.gnu-tools-for-stm32.12.3.rel1.macos64_1.0.200.202406191456/tools/bin/../lib/gcc/arm-none-eabi/12.3.1/thumb/v7e-m+fp/hard/crtbegin.o
                [!provide]                        PROVIDE (__fini_array_end = .)
                0x080047d4                        . = ALIGN (0x4)
                0x080047d4                        _sidata = LOADADDR (.data)

.rel.dyn        0x080047d4        0x0
 .rel.iplt      0x080047d4        0x0 /Applications/STM32CubeIDE.app/Contents/Eclipse/plugins/com.st.stm32cube.ide.mcu.externaltools.gnu-tools-for-stm32.12.3.rel1.macos64_1.0.200.202406191456/tools/bin/../lib/gcc/arm-none-eabi/12.3.1/thumb/v7e-m+fp/hard/crtbegin.o

.data           0x20000000       0x10 load address 0x080047d4
                0x20000000                        . = ALIGN (0x4)
                0x20000000                        _sdata = .
 *(.data)
 *(.data*)
 .data.step.0   0x20000000        0x1 ./Core/Src/main.o
 *fill*         0x20000001        0x3 
 .data.SystemCoreClock
                0x20000004        0x4 ./Core/Src/system_stm32l4xx.o
                0x20000004                SystemCoreClock
 .data.uwTickPrio
                0x20000008        0x4 ./Drivers/STM32L4xx_HAL_Driver/Src/stm32l4xx_hal.o
                0x20000008                uwTickPrio
 .data.uwTickFreq
                0x2000000c        0x1 ./Drivers/STM32L4xx_HAL_Driver/Src/stm32l4xx_hal.o
                0x2000000c                uwTickFreq
 *(.RamFunc)
 *(.RamFunc*)
                0x20000010                        . = ALIGN (0x4)
 *fill*         0x2000000d        0x3 
                0x20000010                        _edata = .

.igot.plt       0x20000010        0x0 load address 0x080047e4
 .igot.plt      0x20000010        0x0 /Applications/STM32CubeIDE.app/Contents/Eclipse/plugins/com.st.stm32cube.ide.mcu.externaltools.gnu-tools-for-stm32.12.3.rel1.macos64_1.0.200.202406191456/tools/bin/../lib/gcc/arm-none-eabi/12.3.1/thumb/v7e-m+fp/hard/crtbegin.o
                0x20000010                        . = ALIGN (0x4)

.bss            0x20000010      0x14c load address 0x080047e4
                0x20000010                        _sbss = .
                0x20000010                        __bss_start__ = _sbss
 *(.bss)
 .bss           0x20000010       0x1c /Applications/STM32CubeIDE.app/Contents/Eclipse/plugins/com.st.stm32cube.ide.mcu.externaltools.gnu-tools-for-stm32.12.3.rel1.macos64_1.0.200.202406191456/tools/bin/../lib/gcc/arm-none-eabi/12.3.1/thumb/v7e-m+fp/hard/crtbegin.o
 *(.bss*)
 .bss.hadc1     0x2000002c       0x68 ./Core/Src/main.o
                0x2000002c                hadc1
 .bss.hdac1     0x20000094       0x14 ./Core/Src/main.o
                0x20000094                hdac1
 .bss.hdma_dac1_ch1
                0x200000a8       0x60 ./Core/Src/main.o
                0x200000a8                hdma_dac1_ch1
 .bss.htim2     0x20000108       0x4c ./Core/Src/main.o
                0x20000108                htim2
 .bss.saw_value.2
                0x20000154        0x2 ./Core/Src/main.o
 .bss.triangle_value.1
                0x20000156        0x2 ./Core/Src/main.o
 .bss.uwTick    0x20000158        0x4 ./Drivers/STM32L4xx_HAL_Driver/Src/stm32l4xx_hal.o
                0x20000158                uwTick
 *(COMMON)
                0x2000015c                        . = ALIGN (0x4)
                0x2000015c                        _ebss = .
                0x2000015c                        __bss_end__ = _ebss

._user_heap_stack
                0x2000015c      0x604 load address 0x080047e4
                0x20000160                        . = ALIGN (0x8)
 *fill*         0x2000015c        0x4 
                [!provide]                        PROVIDE (end = .)
                0x20000160                        PROVIDE (_end = .)
                0x20000360                        . = (. + _Min_Heap_Size)
 *fill*         0x20000160      0x200 
                0x20000760                        . = (. + _Min_Stack_Size)
 *fill*         0x20000360      0x400 
                0x20000760                        . = ALIGN (0x8)

/DISCARD/
 libc.a(*)
 libm.a(*)
 libgcc.a(*)

.ARM.attributes
                0x00000000       0x30
 *(.ARM.attributes)
 .ARM.attributes
                0x00000000       0x22 /Applications/STM32CubeIDE.app/Contents/Eclipse/plugins/com.st.stm32cube.ide.mcu.externaltools.gnu-tools-for-stm32.12.3.rel1.macos64_1.0.200.202406191456/tools/bin/../lib/gcc/arm-none-eabi/12.3.1/thumb/v7e-m+fp/hard/crti.o
 .ARM.attributes
                0x00000022       0x34 /Applications/STM32CubeIDE.app/Contents/Eclipse/plugins/com.st.stm32cube.ide.mcu.externaltools.gnu-tools-for-stm32.12.3.rel1.macos64_1.0.200.202406191456/tools/bin/../lib/gcc/arm-none-eabi/12.3.1/thumb/v7e-m+fp/hard/crtbegin.o
 .ARM.attributes
                0x00000056       0x34 ./Core/Src/main.o
 .ARM.attributes
                0x0000008a       0x34 ./Core/Src/stm32l4xx_hal_msp.o
 .ARM.attributes
                0x000000be       0x34 ./Core/Src/stm32l4xx_it.o
 .ARM.attributes
                0x000000f2       0x34 ./Core/Src/system_stm32l4xx.o
 .ARM.attributes
                0x00000126       0x21 ./Core/Startup/startup_stm32l4s5vitx.o
 .ARM.attributes
                0x00000147       0x34 ./Drivers/STM32L4xx_HAL_Driver/Src/stm32l4xx_hal.o
 .ARM.attributes
                0x0000017b       0x34 ./Drivers/STM32L4xx_HAL_Driver/Src/stm32l4xx_hal_adc.o
 .ARM.attributes
                0x000001af       0x34 ./Drivers/STM32L4xx_HAL_Driver/Src/stm32l4xx_hal_cortex.o
 .ARM.attributes
                0x000001e3       0x34 ./Drivers/STM32L4xx_HAL_Driver/Src/stm32l4xx_hal_dac.o
 .ARM.attributes
                0x00000217       0x34 ./Drivers/STM32L4xx_HAL_Driver/Src/stm32l4xx_hal_dma.o
 .ARM.attributes
                0x0000024b       0x34 ./Drivers/STM32L4xx_HAL_Driver/Src/stm32l4xx_hal_gpio.o
 .ARM.attributes
                0x0000027f       0x34 ./Drivers/STM32L4xx_HAL_Driver/Src/stm32l4xx_hal_pwr_ex.o
 .ARM.attributes
                0x000002b3       0x34 ./Drivers/STM32L4xx_HAL_Driver/Src/stm32l4xx_hal_rcc.o
 .ARM.attributes
                0x000002e7       0x34 ./Drivers/STM32L4xx_HAL_Driver/Src/stm32l4xx_hal_rcc_ex.o
 .ARM.attributes
                0x0000031b       0x34 ./Drivers/STM32L4xx_HAL_Driver/Src/stm32l4xx_hal_tim.o
 .ARM.attributes
                0x0000034f       0x34 ./Drivers/STM32L4xx_HAL_Driver/Src/stm32l4xx_hal_tim_ex.o
 .ARM.attributes
                0x00000383       0x34 /Applications/STM32CubeIDE.app/Contents/Eclipse/plugins/com.st.stm32cube.ide.mcu.externaltools.gnu-tools-for-stm32.12.3.rel1.macos64_1.0.200.202406191456/tools/bin/../lib/gcc/arm-none-eabi/12.3.1/../../../../arm-none-eabi/lib/thumb/v7e-m+fp/hard/libc_nano.a(libc_a-memset.o)
 .ARM.attributes
                0x000003b7       0x34 /Applications/STM32CubeIDE.app/Contents/Eclipse/plugins/com.st.stm32cube.ide.mcu.externaltools.gnu-tools-for-stm32.12.3.rel1.macos64_1.0.200.202406191456/tools/bin/../lib/gcc/arm-none-eabi/12.3.1/../../../../arm-none-eabi/lib/thumb/v7e-m+fp/hard/libc_nano.a(libc_a-init.o)
 .ARM.attributes
                0x000003eb       0x22 /Applications/STM32CubeIDE.app/Contents/Eclipse/plugins/com.st.stm32cube.ide.mcu.externaltools.gnu-tools-for-stm32.12.3.rel1.macos64_1.0.200.202406191456/tools/bin/../lib/gcc/arm-none-eabi/12.3.1/thumb/v7e-m+fp/hard/crtn.o
OUTPUT(Lab3.elf elf32-littlearm)
LOAD linker stubs
LOAD /Applications/STM32CubeIDE.app/Contents/Eclipse/plugins/com.st.stm32cube.ide.mcu.externaltools.gnu-tools-for-stm32.12.3.rel1.macos64_1.0.200.202406191456/tools/bin/../lib/gcc/arm-none-eabi/12.3.1/../../../../arm-none-eabi/lib/thumb/v7e-m+fp/hard/libc.a
LOAD /Applications/STM32CubeIDE.app/Contents/Eclipse/plugins/com.st.stm32cube.ide.mcu.externaltools.gnu-tools-for-stm32.12.3.rel1.macos64_1.0.200.202406191456/tools/bin/../lib/gcc/arm-none-eabi/12.3.1/../../../../arm-none-eabi/lib/thumb/v7e-m+fp/hard/libm.a
LOAD /Applications/STM32CubeIDE.app/Contents/Eclipse/plugins/com.st.stm32cube.ide.mcu.externaltools.gnu-tools-for-stm32.12.3.rel1.macos64_1.0.200.202406191456/tools/bin/../lib/gcc/arm-none-eabi/12.3.1/thumb/v7e-m+fp/hard/libgcc.a

.debug_info     0x00000000    0x1000c
 .debug_info    0x00000000     0x1b2c ./Core/Src/main.o
 .debug_info    0x00001b2c     0x1813 ./Core/Src/stm32l4xx_hal_msp.o
 .debug_info    0x0000333f      0x893 ./Core/Src/stm32l4xx_it.o
 .debug_info    0x00003bd2      0x5e9 ./Core/Src/system_stm32l4xx.o
 .debug_info    0x000041bb       0x30 ./Core/Startup/startup_stm32l4s5vitx.o
 .debug_info    0x000041eb      0xb4f ./Drivers/STM32L4xx_HAL_Driver/Src/stm32l4xx_hal.o
 .debug_info    0x00004d3a     0x1de3 ./Drivers/STM32L4xx_HAL_Driver/Src/stm32l4xx_hal_adc.o
 .debug_info    0x00006b1d      0xd6a ./Drivers/STM32L4xx_HAL_Driver/Src/stm32l4xx_hal_cortex.o
 .debug_info    0x00007887      0xbb9 ./Drivers/STM32L4xx_HAL_Driver/Src/stm32l4xx_hal_dac.o
 .debug_info    0x00008440      0x841 ./Drivers/STM32L4xx_HAL_Driver/Src/stm32l4xx_hal_dma.o
 .debug_info    0x00008c81      0x787 ./Drivers/STM32L4xx_HAL_Driver/Src/stm32l4xx_hal_gpio.o
 .debug_info    0x00009408      0xa0a ./Drivers/STM32L4xx_HAL_Driver/Src/stm32l4xx_hal_pwr_ex.o
 .debug_info    0x00009e12      0xd32 ./Drivers/STM32L4xx_HAL_Driver/Src/stm32l4xx_hal_rcc.o
 .debug_info    0x0000ab44     0x1167 ./Drivers/STM32L4xx_HAL_Driver/Src/stm32l4xx_hal_rcc_ex.o
 .debug_info    0x0000bcab     0x2b9d ./Drivers/STM32L4xx_HAL_Driver/Src/stm32l4xx_hal_tim.o
 .debug_info    0x0000e848     0x17c4 ./Drivers/STM32L4xx_HAL_Driver/Src/stm32l4xx_hal_tim_ex.o

.debug_abbrev   0x00000000     0x2265
 .debug_abbrev  0x00000000      0x2c2 ./Core/Src/main.o
 .debug_abbrev  0x000002c2      0x240 ./Core/Src/stm32l4xx_hal_msp.o
 .debug_abbrev  0x00000502      0x193 ./Core/Src/stm32l4xx_it.o
 .debug_abbrev  0x00000695      0x11a ./Core/Src/system_stm32l4xx.o
 .debug_abbrev  0x000007af       0x24 ./Core/Startup/startup_stm32l4s5vitx.o
 .debug_abbrev  0x000007d3      0x242 ./Drivers/STM32L4xx_HAL_Driver/Src/stm32l4xx_hal.o
 .debug_abbrev  0x00000a15      0x2cb ./Drivers/STM32L4xx_HAL_Driver/Src/stm32l4xx_hal_adc.o
 .debug_abbrev  0x00000ce0      0x327 ./Drivers/STM32L4xx_HAL_Driver/Src/stm32l4xx_hal_cortex.o
 .debug_abbrev  0x00001007      0x218 ./Drivers/STM32L4xx_HAL_Driver/Src/stm32l4xx_hal_dac.o
 .debug_abbrev  0x0000121f      0x1e2 ./Drivers/STM32L4xx_HAL_Driver/Src/stm32l4xx_hal_dma.o
 .debug_abbrev  0x00001401      0x1cb ./Drivers/STM32L4xx_HAL_Driver/Src/stm32l4xx_hal_gpio.o
 .debug_abbrev  0x000015cc      0x1f9 ./Drivers/STM32L4xx_HAL_Driver/Src/stm32l4xx_hal_pwr_ex.o
 .debug_abbrev  0x000017c5      0x306 ./Drivers/STM32L4xx_HAL_Driver/Src/stm32l4xx_hal_rcc.o
 .debug_abbrev  0x00001acb      0x2a3 ./Drivers/STM32L4xx_HAL_Driver/Src/stm32l4xx_hal_rcc_ex.o
 .debug_abbrev  0x00001d6e      0x276 ./Drivers/STM32L4xx_HAL_Driver/Src/stm32l4xx_hal_tim.o
 .debug_abbrev  0x00001fe4      0x281 ./Drivers/STM32L4xx_HAL_Driver/Src/stm32l4xx_hal_tim_ex.o

.debug_aranges  0x00000000     0x1000
 .debug_aranges
                0x00000000       0x68 ./Core/Src/main.o
 .debug_aranges
                0x00000068       0x50 ./Core/Src/stm32l4xx_hal_msp.o
 .debug_aranges
                0x000000b8       0x78 ./Core/Src/stm32l4xx_it.o
 .debug_aranges
                0x00000130       0x28 ./Core/Src/system_stm32l4xx.o
 .debug_aranges
                0x00000158       0x28 ./Core/Startup/startup_stm32l4s5vitx.o
 .debug_aranges
                0x00000180      0x130 ./Drivers/STM32L4xx_HAL_Driver/Src/stm32l4xx_hal.o
 .debug_aranges
                0x000002b0      0x218 ./Drivers/STM32L4xx_HAL_Driver/Src/stm32l4xx_hal_adc.o
 .debug_aranges
                0x000004c8      0x118 ./Drivers/STM32L4xx_HAL_Driver/Src/stm32l4xx_hal_cortex.o
 .debug_aranges
                0x000005e0       0xc0 ./Drivers/STM32L4xx_HAL_Driver/Src/stm32l4xx_hal_dac.o
 .debug_aranges
                0x000006a0       0x90 ./Drivers/STM32L4xx_HAL_Driver/Src/stm32l4xx_hal_dma.o
 .debug_aranges
                0x00000730       0x58 ./Drivers/STM32L4xx_HAL_Driver/Src/stm32l4xx_hal_gpio.o
 .debug_aranges
                0x00000788      0x170 ./Drivers/STM32L4xx_HAL_Driver/Src/stm32l4xx_hal_pwr_ex.o
 .debug_aranges
                0x000008f8       0x98 ./Drivers/STM32L4xx_HAL_Driver/Src/stm32l4xx_hal_rcc.o
 .debug_aranges
                0x00000990      0x110 ./Drivers/STM32L4xx_HAL_Driver/Src/stm32l4xx_hal_rcc_ex.o
 .debug_aranges
                0x00000aa0      0x3e0 ./Drivers/STM32L4xx_HAL_Driver/Src/stm32l4xx_hal_tim.o
 .debug_aranges
                0x00000e80      0x180 ./Drivers/STM32L4xx_HAL_Driver/Src/stm32l4xx_hal_tim_ex.o

.debug_rnglists
                0x00000000      0xc56
 .debug_rnglists
                0x00000000       0x4e ./Core/Src/main.o
 .debug_rnglists
                0x0000004e       0x39 ./Core/Src/stm32l4xx_hal_msp.o
 .debug_rnglists
                0x00000087       0x55 ./Core/Src/stm32l4xx_it.o
 .debug_rnglists
                0x000000dc       0x1a ./Core/Src/system_stm32l4xx.o
 .debug_rnglists
                0x000000f6       0x19 ./Core/Startup/startup_stm32l4s5vitx.o
 .debug_rnglists
                0x0000010f       0xdf ./Drivers/STM32L4xx_HAL_Driver/Src/stm32l4xx_hal.o
 .debug_rnglists
                0x000001ee      0x19c ./Drivers/STM32L4xx_HAL_Driver/Src/stm32l4xx_hal_adc.o
 .debug_rnglists
                0x0000038a       0xce ./Drivers/STM32L4xx_HAL_Driver/Src/stm32l4xx_hal_cortex.o
 .debug_rnglists
                0x00000458       0x90 ./Drivers/STM32L4xx_HAL_Driver/Src/stm32l4xx_hal_dac.o
 .debug_rnglists
                0x000004e8       0x71 ./Drivers/STM32L4xx_HAL_Driver/Src/stm32l4xx_hal_dma.o
 .debug_rnglists
                0x00000559       0x3f ./Drivers/STM32L4xx_HAL_Driver/Src/stm32l4xx_hal_gpio.o
 .debug_rnglists
                0x00000598      0x115 ./Drivers/STM32L4xx_HAL_Driver/Src/stm32l4xx_hal_pwr_ex.o
 .debug_rnglists
                0x000006ad       0x74 ./Drivers/STM32L4xx_HAL_Driver/Src/stm32l4xx_hal_rcc.o
 .debug_rnglists
                0x00000721       0xd4 ./Drivers/STM32L4xx_HAL_Driver/Src/stm32l4xx_hal_rcc_ex.o
 .debug_rnglists
                0x000007f5      0x328 ./Drivers/STM32L4xx_HAL_Driver/Src/stm32l4xx_hal_tim.o
 .debug_rnglists
                0x00000b1d      0x139 ./Drivers/STM32L4xx_HAL_Driver/Src/stm32l4xx_hal_tim_ex.o

.debug_macro    0x00000000    0x2b7ce
 .debug_macro   0x00000000      0x219 ./Core/Src/main.o
 .debug_macro   0x00000219      0xab4 ./Core/Src/main.o
 .debug_macro   0x00000ccd      0x1b3 ./Core/Src/main.o
 .debug_macro   0x00000e80       0x2e ./Core/Src/main.o
 .debug_macro   0x00000eae       0x28 ./Core/Src/main.o
 .debug_macro   0x00000ed6       0x22 ./Core/Src/main.o
 .debug_macro   0x00000ef8       0x8e ./Core/Src/main.o
 .debug_macro   0x00000f86       0x51 ./Core/Src/main.o
 .debug_macro   0x00000fd7      0x103 ./Core/Src/main.o
 .debug_macro   0x000010da       0x6a ./Core/Src/main.o
 .debug_macro   0x00001144      0x1df ./Core/Src/main.o
 .debug_macro   0x00001323       0x1c ./Core/Src/main.o
 .debug_macro   0x0000133f       0x22 ./Core/Src/main.o
 .debug_macro   0x00001361       0xfb ./Core/Src/main.o
 .debug_macro   0x0000145c     0x1011 ./Core/Src/main.o
 .debug_macro   0x0000246d      0x11f ./Core/Src/main.o
 .debug_macro   0x0000258c    0x1d292 ./Core/Src/main.o
 .debug_macro   0x0001f81e       0x6d ./Core/Src/main.o
 .debug_macro   0x0001f88b     0x38ed ./Core/Src/main.o
 .debug_macro   0x00023178      0x189 ./Core/Src/main.o
 .debug_macro   0x00023301       0x5c ./Core/Src/main.o
 .debug_macro   0x0002335d     0x1910 ./Core/Src/main.o
 .debug_macro   0x00024c6d      0x7dc ./Core/Src/main.o
 .debug_macro   0x00025449      0x1b9 ./Core/Src/main.o
 .debug_macro   0x00025602      0x225 ./Core/Src/main.o
 .debug_macro   0x00025827      0x486 ./Core/Src/main.o
 .debug_macro   0x00025cad      0x1ce ./Core/Src/main.o
 .debug_macro   0x00025e7b       0x43 ./Core/Src/main.o
 .debug_macro   0x00025ebe      0x23d ./Core/Src/main.o
 .debug_macro   0x000260fb      0xdfb ./Core/Src/main.o
 .debug_macro   0x00026ef6      0x624 ./Core/Src/main.o
 .debug_macro   0x0002751a      0x24f ./Core/Src/main.o
 .debug_macro   0x00027769      0x184 ./Core/Src/main.o
 .debug_macro   0x000278ed       0xdf ./Core/Src/main.o
 .debug_macro   0x000279cc      0x241 ./Core/Src/main.o
 .debug_macro   0x00027c0d      0x416 ./Core/Src/main.o
 .debug_macro   0x00028023       0x1c ./Core/Src/main.o
 .debug_macro   0x0002803f       0xf2 ./Core/Src/main.o
 .debug_macro   0x00028131      0x22c ./Core/Src/main.o
 .debug_macro   0x0002835d       0x61 ./Core/Src/main.o
 .debug_macro   0x000283be       0xa5 ./Core/Src/main.o
 .debug_macro   0x00028463      0x122 ./Core/Src/main.o
 .debug_macro   0x00028585      0x3f6 ./Core/Src/main.o
 .debug_macro   0x0002897b      0xa91 ./Core/Src/main.o
 .debug_macro   0x0002940c      0x196 ./Core/Src/main.o
 .debug_macro   0x000295a2      0x432 ./Core/Src/main.o
 .debug_macro   0x000299d4       0x22 ./Core/Src/main.o
 .debug_macro   0x000299f6      0x219 ./Core/Src/stm32l4xx_hal_msp.o
 .debug_macro   0x00029c0f      0x223 ./Core/Src/stm32l4xx_it.o
 .debug_macro   0x00029e32      0x20a ./Core/Src/system_stm32l4xx.o
 .debug_macro   0x0002a03c      0x258 ./Drivers/STM32L4xx_HAL_Driver/Src/stm32l4xx_hal.o
 .debug_macro   0x0002a294      0x227 ./Drivers/STM32L4xx_HAL_Driver/Src/stm32l4xx_hal_adc.o
 .debug_macro   0x0002a4bb      0x20a ./Drivers/STM32L4xx_HAL_Driver/Src/stm32l4xx_hal_cortex.o
 .debug_macro   0x0002a6c5      0x219 ./Drivers/STM32L4xx_HAL_Driver/Src/stm32l4xx_hal_dac.o
 .debug_macro   0x0002a8de      0x20a ./Drivers/STM32L4xx_HAL_Driver/Src/stm32l4xx_hal_dma.o
 .debug_macro   0x0002aae8      0x211 ./Drivers/STM32L4xx_HAL_Driver/Src/stm32l4xx_hal_gpio.o
 .debug_macro   0x0002acf9      0x234 ./Drivers/STM32L4xx_HAL_Driver/Src/stm32l4xx_hal_pwr_ex.o
 .debug_macro   0x0002af2d      0x24c ./Drivers/STM32L4xx_HAL_Driver/Src/stm32l4xx_hal_rcc.o
 .debug_macro   0x0002b179      0x240 ./Drivers/STM32L4xx_HAL_Driver/Src/stm32l4xx_hal_rcc_ex.o
 .debug_macro   0x0002b3b9      0x20b ./Drivers/STM32L4xx_HAL_Driver/Src/stm32l4xx_hal_tim.o
 .debug_macro   0x0002b5c4      0x20a ./Drivers/STM32L4xx_HAL_Driver/Src/stm32l4xx_hal_tim_ex.o

.debug_line     0x00000000    0x1125f
 .debug_line    0x00000000      0x9b7 ./Core/Src/main.o
 .debug_line    0x000009b7      0x876 ./Core/Src/stm32l4xx_hal_msp.o
 .debug_line    0x0000122d      0x87f ./Core/Src/stm32l4xx_it.o
 .debug_line    0x00001aac      0x80f ./Core/Src/system_stm32l4xx.o
 .debug_line    0x000022bb       0x7a ./Core/Startup/startup_stm32l4s5vitx.o
 .debug_line    0x00002335      0xb6a ./Drivers/STM32L4xx_HAL_Driver/Src/stm32l4xx_hal.o
 .debug_line    0x00002e9f     0x1c8f ./Drivers/STM32L4xx_HAL_Driver/Src/stm32l4xx_hal_adc.o
 .debug_line    0x00004b2e      0xd09 ./Drivers/STM32L4xx_HAL_Driver/Src/stm32l4xx_hal_cortex.o
 .debug_line    0x00005837      0xc63 ./Drivers/STM32L4xx_HAL_Driver/Src/stm32l4xx_hal_dac.o
 .debug_line    0x0000649a      0xec6 ./Drivers/STM32L4xx_HAL_Driver/Src/stm32l4xx_hal_dma.o
 .debug_line    0x00007360      0xbde ./Drivers/STM32L4xx_HAL_Driver/Src/stm32l4xx_hal_gpio.o
 .debug_line    0x00007f3e      0xdd1 ./Drivers/STM32L4xx_HAL_Driver/Src/stm32l4xx_hal_pwr_ex.o
 .debug_line    0x00008d0f     0x10bb ./Drivers/STM32L4xx_HAL_Driver/Src/stm32l4xx_hal_rcc.o
 .debug_line    0x00009dca     0x19cc ./Drivers/STM32L4xx_HAL_Driver/Src/stm32l4xx_hal_rcc_ex.o
 .debug_line    0x0000b796     0x3e56 ./Drivers/STM32L4xx_HAL_Driver/Src/stm32l4xx_hal_tim.o
 .debug_line    0x0000f5ec     0x1c73 ./Drivers/STM32L4xx_HAL_Driver/Src/stm32l4xx_hal_tim_ex.o

.debug_str      0x00000000   0x1147e6
 .debug_str     0x00000000   0x1105f6 ./Core/Src/main.o
                             0x110cb2 (size before relaxing)
 .debug_str     0x001105f6      0x398 ./Core/Src/stm32l4xx_hal_msp.o
                             0x110b23 (size before relaxing)
 .debug_str     0x0011098e      0x146 ./Core/Src/stm32l4xx_it.o
                             0x10fd8c (size before relaxing)
 .debug_str     0x00110ad4       0xfc ./Core/Src/system_stm32l4xx.o
                             0x10f811 (size before relaxing)
 .debug_str     0x00110bd0       0x44 ./Core/Startup/startup_stm32l4s5vitx.o
                                 0x7d (size before relaxing)
 .debug_str     0x00110c14      0x632 ./Drivers/STM32L4xx_HAL_Driver/Src/stm32l4xx_hal.o
                             0x1103ef (size before relaxing)
 .debug_str     0x00111246      0xa6d ./Drivers/STM32L4xx_HAL_Driver/Src/stm32l4xx_hal_adc.o
                             0x110733 (size before relaxing)
 .debug_str     0x00111cb3      0x31d ./Drivers/STM32L4xx_HAL_Driver/Src/stm32l4xx_hal_cortex.o
                             0x11007e (size before relaxing)
 .debug_str     0x00111fd0      0x235 ./Drivers/STM32L4xx_HAL_Driver/Src/stm32l4xx_hal_dac.o
                             0x10fde8 (size before relaxing)
 .debug_str     0x00112205      0x260 ./Drivers/STM32L4xx_HAL_Driver/Src/stm32l4xx_hal_dma.o
                             0x10fb99 (size before relaxing)
 .debug_str     0x00112465      0x10a ./Drivers/STM32L4xx_HAL_Driver/Src/stm32l4xx_hal_gpio.o
                             0x10f98b (size before relaxing)
 .debug_str     0x0011256f      0x56a ./Drivers/STM32L4xx_HAL_Driver/Src/stm32l4xx_hal_pwr_ex.o
                             0x10fde4 (size before relaxing)
 .debug_str     0x00112ad9      0x3be ./Drivers/STM32L4xx_HAL_Driver/Src/stm32l4xx_hal_rcc.o
                             0x10fe84 (size before relaxing)
 .debug_str     0x00112e97      0x5c5 ./Drivers/STM32L4xx_HAL_Driver/Src/stm32l4xx_hal_rcc_ex.o
                             0x110245 (size before relaxing)
 .debug_str     0x0011345c      0xe0b ./Drivers/STM32L4xx_HAL_Driver/Src/stm32l4xx_hal_tim.o
                             0x110c1d (size before relaxing)
 .debug_str     0x00114267      0x57f ./Drivers/STM32L4xx_HAL_Driver/Src/stm32l4xx_hal_tim_ex.o
                             0x110541 (size before relaxing)

.comment        0x00000000       0x43
 .comment       0x00000000       0x43 ./Core/Src/main.o
                                 0x44 (size before relaxing)
 .comment       0x00000043       0x44 ./Core/Src/stm32l4xx_hal_msp.o
 .comment       0x00000043       0x44 ./Core/Src/stm32l4xx_it.o
 .comment       0x00000043       0x44 ./Core/Src/system_stm32l4xx.o
 .comment       0x00000043       0x44 ./Drivers/STM32L4xx_HAL_Driver/Src/stm32l4xx_hal.o
 .comment       0x00000043       0x44 ./Drivers/STM32L4xx_HAL_Driver/Src/stm32l4xx_hal_adc.o
 .comment       0x00000043       0x44 ./Drivers/STM32L4xx_HAL_Driver/Src/stm32l4xx_hal_cortex.o
 .comment       0x00000043       0x44 ./Drivers/STM32L4xx_HAL_Driver/Src/stm32l4xx_hal_dac.o
 .comment       0x00000043       0x44 ./Drivers/STM32L4xx_HAL_Driver/Src/stm32l4xx_hal_dma.o
 .comment       0x00000043       0x44 ./Drivers/STM32L4xx_HAL_Driver/Src/stm32l4xx_hal_gpio.o
 .comment       0x00000043       0x44 ./Drivers/STM32L4xx_HAL_Driver/Src/stm32l4xx_hal_pwr_ex.o
 .comment       0x00000043       0x44 ./Drivers/STM32L4xx_HAL_Driver/Src/stm32l4xx_hal_rcc.o
 .comment       0x00000043       0x44 ./Drivers/STM32L4xx_HAL_Driver/Src/stm32l4xx_hal_rcc_ex.o
 .comment       0x00000043       0x44 ./Drivers/STM32L4xx_HAL_Driver/Src/stm32l4xx_hal_tim.o
 .comment       0x00000043       0x44 ./Drivers/STM32L4xx_HAL_Driver/Src/stm32l4xx_hal_tim_ex.o

.debug_frame    0x00000000     0x4378
 .debug_frame   0x00000000      0x154 ./Core/Src/main.o
 .debug_frame   0x00000154      0x114 ./Core/Src/stm32l4xx_hal_msp.o
 .debug_frame   0x00000268      0x158 ./Core/Src/stm32l4xx_it.o
 .debug_frame   0x000003c0       0x58 ./Core/Src/system_stm32l4xx.o
 .debug_frame   0x00000418      0x498 ./Drivers/STM32L4xx_HAL_Driver/Src/stm32l4xx_hal.o
 .debug_frame   0x000008b0      0x9d8 ./Drivers/STM32L4xx_HAL_Driver/Src/stm32l4xx_hal_adc.o
 .debug_frame   0x00001288      0x498 ./Drivers/STM32L4xx_HAL_Driver/Src/stm32l4xx_hal_cortex.o
 .debug_frame   0x00001720      0x338 ./Drivers/STM32L4xx_HAL_Driver/Src/stm32l4xx_hal_dac.o
 .debug_frame   0x00001a58      0x24c ./Drivers/STM32L4xx_HAL_Driver/Src/stm32l4xx_hal_dma.o
 .debug_frame   0x00001ca4      0x14c ./Drivers/STM32L4xx_HAL_Driver/Src/stm32l4xx_hal_gpio.o
 .debug_frame   0x00001df0      0x5c4 ./Drivers/STM32L4xx_HAL_Driver/Src/stm32l4xx_hal_pwr_ex.o
 .debug_frame   0x000023b4      0x248 ./Drivers/STM32L4xx_HAL_Driver/Src/stm32l4xx_hal_rcc.o
 .debug_frame   0x000025fc      0x464 ./Drivers/STM32L4xx_HAL_Driver/Src/stm32l4xx_hal_rcc_ex.o
 .debug_frame   0x00002a60     0x121c ./Drivers/STM32L4xx_HAL_Driver/Src/stm32l4xx_hal_tim.o
 .debug_frame   0x00003c7c      0x6b0 ./Drivers/STM32L4xx_HAL_Driver/Src/stm32l4xx_hal_tim_ex.o
 .debug_frame   0x0000432c       0x20 /Applications/STM32CubeIDE.app/Contents/Eclipse/plugins/com.st.stm32cube.ide.mcu.externaltools.gnu-tools-for-stm32.12.3.rel1.macos64_1.0.200.202406191456/tools/bin/../lib/gcc/arm-none-eabi/12.3.1/../../../../arm-none-eabi/lib/thumb/v7e-m+fp/hard/libc_nano.a(libc_a-memset.o)
 .debug_frame   0x0000434c       0x2c /Applications/STM32CubeIDE.app/Contents/Eclipse/plugins/com.st.stm32cube.ide.mcu.externaltools.gnu-tools-for-stm32.12.3.rel1.macos64_1.0.200.202406191456/tools/bin/../lib/gcc/arm-none-eabi/12.3.1/../../../../arm-none-eabi/lib/thumb/v7e-m+fp/hard/libc_nano.a(libc_a-init.o)

.debug_line_str
                0x00000000       0x61
 .debug_line_str
                0x00000000       0x61 ./Core/Startup/startup_stm32l4s5vitx.o
