Archive member included to satisfy reference by file (symbol)

/Users/jewoolee/STM32CubeIDE/workspace_1.16.0/Tutorial2/Core/Lib/libarm_cortexM4lf_math.a(arm_mult_f32.o)
                              ./Core/Src/main.o (arm_mult_f32)
/Users/jewoolee/STM32CubeIDE/workspace_1.16.0/Tutorial2/Core/Lib/libarm_cortexM4lf_math.a(arm_add_f32.o)
                              ./Core/Src/main.o (arm_add_f32)
/Applications/STM32CubeIDE.app/Contents/Eclipse/plugins/com.st.stm32cube.ide.mcu.externaltools.gnu-tools-for-stm32.12.3.rel1.macos64_1.0.200.202406191456/tools/bin/../lib/gcc/arm-none-eabi/12.3.1/../../../../arm-none-eabi/lib/thumb/v7e-m+fp/hard/libc_nano.a(libc_a-exit.o)
                              /Applications/STM32CubeIDE.app/Contents/Eclipse/plugins/com.st.stm32cube.ide.mcu.externaltools.gnu-tools-for-stm32.12.3.rel1.macos64_1.0.200.202406191456/tools/bin/../lib/gcc/arm-none-eabi/12.3.1/../../../../arm-none-eabi/lib/thumb/v7e-m+fp/hard/crt0.o (exit)
/Applications/STM32CubeIDE.app/Contents/Eclipse/plugins/com.st.stm32cube.ide.mcu.externaltools.gnu-tools-for-stm32.12.3.rel1.macos64_1.0.200.202406191456/tools/bin/../lib/gcc/arm-none-eabi/12.3.1/../../../../arm-none-eabi/lib/thumb/v7e-m+fp/hard/libc_nano.a(libc_a-findfp.o)
                              /Applications/STM32CubeIDE.app/Contents/Eclipse/plugins/com.st.stm32cube.ide.mcu.externaltools.gnu-tools-for-stm32.12.3.rel1.macos64_1.0.200.202406191456/tools/bin/../lib/gcc/arm-none-eabi/12.3.1/../../../../arm-none-eabi/lib/thumb/v7e-m+fp/hard/libc_nano.a(libc_a-exit.o) (__stdio_exit_handler)
/Applications/STM32CubeIDE.app/Contents/Eclipse/plugins/com.st.stm32cube.ide.mcu.externaltools.gnu-tools-for-stm32.12.3.rel1.macos64_1.0.200.202406191456/tools/bin/../lib/gcc/arm-none-eabi/12.3.1/../../../../arm-none-eabi/lib/thumb/v7e-m+fp/hard/libc_nano.a(libc_a-fwalk.o)
                              /Applications/STM32CubeIDE.app/Contents/Eclipse/plugins/com.st.stm32cube.ide.mcu.externaltools.gnu-tools-for-stm32.12.3.rel1.macos64_1.0.200.202406191456/tools/bin/../lib/gcc/arm-none-eabi/12.3.1/../../../../arm-none-eabi/lib/thumb/v7e-m+fp/hard/libc_nano.a(libc_a-findfp.o) (_fwalk_sglue)
/Applications/STM32CubeIDE.app/Contents/Eclipse/plugins/com.st.stm32cube.ide.mcu.externaltools.gnu-tools-for-stm32.12.3.rel1.macos64_1.0.200.202406191456/tools/bin/../lib/gcc/arm-none-eabi/12.3.1/../../../../arm-none-eabi/lib/thumb/v7e-m+fp/hard/libc_nano.a(libc_a-memset.o)
                              /Applications/STM32CubeIDE.app/Contents/Eclipse/plugins/com.st.stm32cube.ide.mcu.externaltools.gnu-tools-for-stm32.12.3.rel1.macos64_1.0.200.202406191456/tools/bin/../lib/gcc/arm-none-eabi/12.3.1/../../../../arm-none-eabi/lib/thumb/v7e-m+fp/hard/crt0.o (memset)
/Applications/STM32CubeIDE.app/Contents/Eclipse/plugins/com.st.stm32cube.ide.mcu.externaltools.gnu-tools-for-stm32.12.3.rel1.macos64_1.0.200.202406191456/tools/bin/../lib/gcc/arm-none-eabi/12.3.1/../../../../arm-none-eabi/lib/thumb/v7e-m+fp/hard/libc_nano.a(libc_a-impure.o)
                              /Applications/STM32CubeIDE.app/Contents/Eclipse/plugins/com.st.stm32cube.ide.mcu.externaltools.gnu-tools-for-stm32.12.3.rel1.macos64_1.0.200.202406191456/tools/bin/../lib/gcc/arm-none-eabi/12.3.1/../../../../arm-none-eabi/lib/thumb/v7e-m+fp/hard/libc_nano.a(libc_a-findfp.o) (_impure_data)
/Applications/STM32CubeIDE.app/Contents/Eclipse/plugins/com.st.stm32cube.ide.mcu.externaltools.gnu-tools-for-stm32.12.3.rel1.macos64_1.0.200.202406191456/tools/bin/../lib/gcc/arm-none-eabi/12.3.1/../../../../arm-none-eabi/lib/thumb/v7e-m+fp/hard/libc_nano.a(libc_a-errno.o)
                              ./Core/Src/syscalls.o (__errno)
/Applications/STM32CubeIDE.app/Contents/Eclipse/plugins/com.st.stm32cube.ide.mcu.externaltools.gnu-tools-for-stm32.12.3.rel1.macos64_1.0.200.202406191456/tools/bin/../lib/gcc/arm-none-eabi/12.3.1/../../../../arm-none-eabi/lib/thumb/v7e-m+fp/hard/libc_nano.a(libc_a-init.o)
                              /Applications/STM32CubeIDE.app/Contents/Eclipse/plugins/com.st.stm32cube.ide.mcu.externaltools.gnu-tools-for-stm32.12.3.rel1.macos64_1.0.200.202406191456/tools/bin/../lib/gcc/arm-none-eabi/12.3.1/../../../../arm-none-eabi/lib/thumb/v7e-m+fp/hard/crt0.o (__libc_init_array)
/Applications/STM32CubeIDE.app/Contents/Eclipse/plugins/com.st.stm32cube.ide.mcu.externaltools.gnu-tools-for-stm32.12.3.rel1.macos64_1.0.200.202406191456/tools/bin/../lib/gcc/arm-none-eabi/12.3.1/../../../../arm-none-eabi/lib/thumb/v7e-m+fp/hard/libc_nano.a(libc_a-lock.o)
                              /Applications/STM32CubeIDE.app/Contents/Eclipse/plugins/com.st.stm32cube.ide.mcu.externaltools.gnu-tools-for-stm32.12.3.rel1.macos64_1.0.200.202406191456/tools/bin/../lib/gcc/arm-none-eabi/12.3.1/../../../../arm-none-eabi/lib/thumb/v7e-m+fp/hard/libc_nano.a(libc_a-findfp.o) (__retarget_lock_init_recursive)
[...]
Memory Configuration

Name             Origin             Length             Attributes
RAM              0x20000000         0x000a0000         xrw
RAM2             0x10000000         0x00010000         xrw
RAM3             0x20040000         0x00060000         xrw
FLASH            0x08000000         0x00200000         xr
*default*        0x00000000         0xffffffff

Linker script and memory map

LOAD /Applications/STM32CubeIDE.app/Contents/Eclipse/plugins/com.st.stm32cube.ide.mcu.externaltools.gnu-tools-for-stm32.12.3.rel1.macos64_1.0.200.202406191456/tools/bin/../lib/gcc/arm-none-eabi/12.3.1/thumb/v7e-m+fp/hard/crti.o
LOAD /Applications/STM32CubeIDE.app/Contents/Eclipse/plugins/com.st.stm32cube.ide.mcu.externaltools.gnu-tools-for-stm32.12.3.rel1.macos64_1.0.200.202406191456/tools/bin/../lib/gcc/arm-none-eabi/12.3.1/thumb/v7e-m+fp/hard/crtbegin.o
LOAD /Applications/STM32CubeIDE.app/Contents/Eclipse/plugins/com.st.stm32cube.ide.mcu.externaltools.gnu-tools-for-stm32.12.3.rel1.macos64_1.0.200.202406191456/tools/bin/../lib/gcc/arm-none-eabi/12.3.1/../../../../arm-none-eabi/lib/thumb/v7e-m+fp/hard/crt0.o
LOAD ./Core/Src/main.o
LOAD ./Core/Src/stm32l4xx_hal_msp.o
LOAD ./Core/Src/stm32l4xx_it.o
LOAD ./Core/Src/syscalls.o
LOAD ./Core/Src/sysmem.o
LOAD ./Core/Src/system_stm32l4xx.o
LOAD ./Core/Startup/startup_stm32l4s5vitx.o
LOAD ./Drivers/STM32L4xx_HAL_Driver/Src/stm32l4xx_hal.o
LOAD ./Drivers/STM32L4xx_HAL_Driver/Src/stm32l4xx_hal_cortex.o
LOAD ./Drivers/STM32L4xx_HAL_Driver/Src/stm32l4xx_hal_dma.o
LOAD ./Drivers/STM32L4xx_HAL_Driver/Src/stm32l4xx_hal_dma_ex.o
LOAD ./Drivers/STM32L4xx_HAL_Driver/Src/stm32l4xx_hal_exti.o
LOAD ./Drivers/STM32L4xx_HAL_Driver/Src/stm32l4xx_hal_flash.o
LOAD ./Drivers/STM32L4xx_HAL_Driver/Src/stm32l4xx_hal_flash_ex.o
LOAD ./Drivers/STM32L4xx_HAL_Driver/Src/stm32l4xx_hal_flash_ramfunc.o
LOAD ./Drivers/STM32L4xx_HAL_Driver/Src/stm32l4xx_hal_gpio.o
LOAD ./Drivers/STM32L4xx_HAL_Driver/Src/stm32l4xx_hal_i2c.o
LOAD ./Drivers/STM32L4xx_HAL_Driver/Src/stm32l4xx_hal_i2c_ex.o
LOAD ./Drivers/STM32L4xx_HAL_Driver/Src/stm32l4xx_hal_pwr.o
LOAD ./Drivers/STM32L4xx_HAL_Driver/Src/stm32l4xx_hal_pwr_ex.o
LOAD ./Drivers/STM32L4xx_HAL_Driver/Src/stm32l4xx_hal_rcc.o
LOAD ./Drivers/STM32L4xx_HAL_Driver/Src/stm32l4xx_hal_rcc_ex.o
LOAD ./Drivers/STM32L4xx_HAL_Driver/Src/stm32l4xx_hal_tim.o
LOAD ./Drivers/STM32L4xx_HAL_Driver/Src/stm32l4xx_hal_tim_ex.o
LOAD /Users/jewoolee/STM32CubeIDE/workspace_1.16.0/Tutorial2/Core/Lib/libarm_cortexM4lf_math.a
START GROUP
LOAD /Applications/STM32CubeIDE.app/Contents/Eclipse/plugins/com.st.stm32cube.ide.mcu.externaltools.gnu-tools-for-stm32.12.3.rel1.macos64_1.0.200.202406191456/tools/bin/../lib/gcc/arm-none-eabi/12.3.1/../../../../arm-none-eabi/lib/thumb/v7e-m+fp/hard/libc_nano.a
LOAD /Applications/STM32CubeIDE.app/Contents/Eclipse/plugins/com.st.stm32cube.ide.mcu.externaltools.gnu-tools-for-stm32.12.3.rel1.macos64_1.0.200.202406191456/tools/bin/../lib/gcc/arm-none-eabi/12.3.1/../../../../arm-none-eabi/lib/thumb/v7e-m+fp/hard/libm.a
END GROUP
START GROUP
LOAD /Applications/STM32CubeIDE.app/Contents/Eclipse/plugins/com.st.stm32cube.ide.mcu.externaltools.gnu-tools-for-stm32.12.3.rel1.macos64_1.0.200.202406191456/tools/bin/../lib/gcc/arm-none-eabi/12.3.1/thumb/v7e-m+fp/hard/libgcc.a
LOAD /Applications/STM32CubeIDE.app/Contents/Eclipse/plugins/com.st.stm32cube.ide.mcu.externaltools.gnu-tools-for-stm32.12.3.rel1.macos64_1.0.200.202406191456/tools/bin/../lib/gcc/arm-none-eabi/12.3.1/../../../../arm-none-eabi/lib/thumb/v7e-m+fp/hard/libc_nano.a
END GROUP
START GROUP
LOAD /Applications/STM32CubeIDE.app/Contents/Eclipse/plugins/com.st.stm32cube.ide.mcu.externaltools.gnu-tools-for-stm32.12.3.rel1.macos64_1.0.200.202406191456/tools/bin/../lib/gcc/arm-none-eabi/12.3.1/thumb/v7e-m+fp/hard/libgcc.a
LOAD /Applications/STM32CubeIDE.app/Contents/Eclipse/plugins/com.st.stm32cube.ide.mcu.externaltools.gnu-tools-for-stm32.12.3.rel1.macos64_1.0.200.202406191456/tools/bin/../lib/gcc/arm-none-eabi/12.3.1/../../../../arm-none-eabi/lib/thumb/v7e-m+fp/hard/libc_nano.a
LOAD /Applications/STM32CubeIDE.app/Contents/Eclipse/plugins/com.st.stm32cube.ide.mcu.externaltools.gnu-tools-for-stm32.12.3.rel1.macos64_1.0.200.202406191456/tools/bin/../lib/gcc/arm-none-eabi/12.3.1/../../../../arm-none-eabi/lib/thumb/v7e-m+fp/hard/libnosys.a
END GROUP
START GROUP
LOAD /Applications/STM32CubeIDE.app/Contents/Eclipse/plugins/com.st.stm32cube.ide.mcu.externaltools.gnu-tools-for-stm32.12.3.rel1.macos64_1.0.200.202406191456/tools/bin/../lib/gcc/arm-none-eabi/12.3.1/thumb/v7e-m+fp/hard/libgcc.a
LOAD /Applications/STM32CubeIDE.app/Contents/Eclipse/plugins/com.st.stm32cube.ide.mcu.externaltools.gnu-tools-for-stm32.12.3.rel1.macos64_1.0.200.202406191456/tools/bin/../lib/gcc/arm-none-eabi/12.3.1/../../../../arm-none-eabi/lib/thumb/v7e-m+fp/hard/libc_nano.a
LOAD /Applications/STM32CubeIDE.app/Contents/Eclipse/plugins/com.st.stm32cube.ide.mcu.externaltools.gnu-tools-for-stm32.12.3.rel1.macos64_1.0.200.202406191456/tools/bin/../lib/gcc/arm-none-eabi/12.3.1/../../../../arm-none-eabi/lib/thumb/v7e-m+fp/hard/libnosys.a
END GROUP
LOAD /Applications/STM32CubeIDE.app/Contents/Eclipse/plugins/com.st.stm32cube.ide.mcu.externaltools.gnu-tools-for-stm32.12.3.rel1.macos64_1.0.200.202406191456/tools/bin/../lib/gcc/arm-none-eabi/12.3.1/thumb/v7e-m+fp/hard/crtend.o
LOAD /Applications/STM32CubeIDE.app/Contents/Eclipse/plugins/com.st.stm32cube.ide.mcu.externaltools.gnu-tools-for-stm32.12.3.rel1.macos64_1.0.200.202406191456/tools/bin/../lib/gcc/arm-none-eabi/12.3.1/thumb/v7e-m+fp/hard/crtn.o
                0x200a0000                        _estack = (ORIGIN (RAM) + LENGTH (RAM))
                0x00000200                        _Min_Heap_Size = 0x200
                0x00000400                        _Min_Stack_Size = 0x400

.isr_vector     0x08000000      0x1bc
                0x08000000                        . = ALIGN (0x4)
 *(.isr_vector)
 .isr_vector    0x08000000      0x1bc ./Core/Startup/startup_stm32l4s5vitx.o
                0x08000000                g_pfnVectors
                0x080001bc                        . = ALIGN (0x4)

.text           0x080001bc     0x16bc
                0x080001bc                        . = ALIGN (0x4)
 *(.text)
 .text          0x080001bc       0x40 /Applications/STM32CubeIDE.app/Contents/Eclipse/plugins/com.st.stm32cube.ide.mcu.externaltools.gnu-tools-for-stm32.12.3.rel1.macos64_1.0.200.202406191456/tools/bin/../lib/gcc/arm-none-eabi/12.3.1/thumb/v7e-m+fp/hard/crtbegin.o
 *(.text*)
 .text.PCSA_test
                0x080001fc       0x40 ./Core/Src/main.o
                0x080001fc                PCSA_test
 .text.main     0x0800023c       0xd0 ./Core/Src/main.o
                0x0800023c                main
 .text.SystemClock_Config
                0x0800030c       0xa2 ./Core/Src/main.o
                0x0800030c                SystemClock_Config
 *fill*         0x080003ae        0x2 
 .text.MX_GPIO_Init
                0x080003b0       0x48 ./Core/Src/main.o
 .text.Error_Handler
                0x080003f8        0xc ./Core/Src/main.o
                0x080003f8                Error_Handler
 .text.HAL_MspInit
                0x08000404       0x48 ./Core/Src/stm32l4xx_hal_msp.o
                0x08000404                HAL_MspInit
 .text.NMI_Handler
                0x0800044c        0x8 ./Core/Src/stm32l4xx_it.o
                0x0800044c                NMI_Handler
 .text.HardFault_Handler
                0x08000454        0x8 ./Core/Src/stm32l4xx_it.o
                0x08000454                HardFault_Handler
 .text.MemManage_Handler
                0x0800045c        0x8 ./Core/Src/stm32l4xx_it.o
                0x0800045c                MemManage_Handler
 .text.BusFault_Handler
                0x08000464        0x8 ./Core/Src/stm32l4xx_it.o
                0x08000464                BusFault_Handler
 .text.UsageFault_Handler
                0x0800046c        0x8 ./Core/Src/stm32l4xx_it.o
                0x0800046c                UsageFault_Handler
 .text.SVC_Handler
                0x08000474        0xe ./Core/Src/stm32l4xx_it.o
                0x08000474                SVC_Handler
 .text.DebugMon_Handler
                0x08000482        0xe ./Core/Src/stm32l4xx_it.o
                0x08000482                DebugMon_Handler
 .text.PendSV_Handler
                0x08000490        0xe ./Core/Src/stm32l4xx_it.o
                0x08000490                PendSV_Handler
 .text.SysTick_Handler
                0x0800049e        0xc ./Core/Src/stm32l4xx_it.o
                0x0800049e                SysTick_Handler
 *fill*         0x080004aa        0x2 
 .text.SystemInit
                0x080004ac       0x24 ./Core/Src/system_stm32l4xx.o
                0x080004ac                SystemInit
 .text.Reset_Handler
                0x080004d0       0x50 ./Core/Startup/startup_stm32l4s5vitx.o
                0x080004d0                Reset_Handler
 .text.Default_Handler
                0x08000520        0x2 ./Core/Startup/startup_stm32l4s5vitx.o
                0x08000520                TIM1_BRK_TIM15_IRQHandler
                0x08000520                EXTI2_IRQHandler
                0x08000520                TIM8_TRG_COM_IRQHandler
                0x08000520                TIM8_CC_IRQHandler
                0x08000520                TIM1_CC_IRQHandler
                0x08000520                TSC_IRQHandler
                0x08000520                TAMP_STAMP_IRQHandler
                0x08000520                EXTI3_IRQHandler
                0x08000520                LPTIM2_IRQHandler
                0x08000520                DFSDM1_FLT1_IRQHandler
                0x08000520                GFXMMU_IRQHandler
                0x08000520                I2C3_ER_IRQHandler
                0x08000520                DFSDM1_FLT2_IRQHandler
                0x08000520                EXTI0_IRQHandler
                0x08000520                I2C2_EV_IRQHandler
                0x08000520                CAN1_RX0_IRQHandler
                0x08000520                FPU_IRQHandler
                0x08000520                TIM1_UP_TIM16_IRQHandler
                0x08000520                LTDC_ER_IRQHandler
                0x08000520                SPI1_IRQHandler
                0x08000520                OCTOSPI1_IRQHandler
                0x08000520                TIM6_DAC_IRQHandler
                0x08000520                DCMI_IRQHandler
                0x08000520                TIM8_UP_IRQHandler
                0x08000520                OCTOSPI2_IRQHandler
                0x08000520                DMA2_Channel2_IRQHandler
                0x08000520                DMA1_Channel4_IRQHandler
                0x08000520                SAI2_IRQHandler
                0x08000520                ADC1_IRQHandler
                0x08000520                DFSDM1_FLT3_IRQHandler
                0x08000520                USART3_IRQHandler
                0x08000520                DMA1_Channel7_IRQHandler
                0x08000520                CAN1_RX1_IRQHandler
                0x08000520                UART5_IRQHandler
                0x08000520                TIM4_IRQHandler
                0x08000520                DMA2_Channel1_IRQHandler
                0x08000520                I2C1_EV_IRQHandler
                0x08000520                DMAMUX1_OVR_IRQHandler
                0x08000520                DMA1_Channel6_IRQHandler
                0x08000520                UART4_IRQHandler
                0x08000520                DMA2_Channel4_IRQHandler
                0x08000520                TIM3_IRQHandler
                0x08000520                RCC_IRQHandler
                0x08000520                DMA1_Channel1_IRQHandler
                0x08000520                Default_Handler
                0x08000520                DMA2_Channel7_IRQHandler
                0x08000520                EXTI15_10_IRQHandler
                0x08000520                TIM7_IRQHandler
                0x08000520                SDMMC1_IRQHandler
                0x08000520                TIM5_IRQHandler
                0x08000520                I2C3_EV_IRQHandler
                0x08000520                EXTI9_5_IRQHandler
                0x08000520                RTC_WKUP_IRQHandler
                0x08000520                LTDC_IRQHandler
                0x08000520                PVD_PVM_IRQHandler
                0x08000520                SPI2_IRQHandler
                0x08000520                CAN1_TX_IRQHandler
                0x08000520                DMA2_Channel5_IRQHandler
                0x08000520                DMA1_Channel5_IRQHandler
                0x08000520                EXTI4_IRQHandler
                0x08000520                RNG_IRQHandler
                0x08000520                TIM1_TRG_COM_TIM17_IRQHandler
                0x08000520                DMA1_Channel3_IRQHandler
                0x08000520                COMP_IRQHandler
                0x08000520                HASH_CRS_IRQHandler
                0x08000520                WWDG_IRQHandler
                0x08000520                I2C4_EV_IRQHandler
                0x08000520                LPUART1_IRQHandler
                0x08000520                DMA2_Channel6_IRQHandler
                0x08000520                TIM2_IRQHandler
                0x08000520                DMA2D_IRQHandler
                0x08000520                EXTI1_IRQHandler
                0x08000520                AES_IRQHandler
                0x08000520                USART2_IRQHandler
                0x08000520                DFSDM1_FLT0_IRQHandler
                0x08000520                I2C2_ER_IRQHandler
                0x08000520                DMA1_Channel2_IRQHandler
                0x08000520                TIM8_BRK_IRQHandler
                0x08000520                CAN1_SCE_IRQHandler
                0x08000520                FLASH_IRQHandler
                0x08000520                USART1_IRQHandler
                0x08000520                OTG_FS_IRQHandler
                0x08000520                SPI3_IRQHandler
                0x08000520                I2C1_ER_IRQHandler
                0x08000520                FMC_IRQHandler
                0x08000520                LPTIM1_IRQHandler
                0x08000520                I2C4_ER_IRQHandler
                0x08000520                SAI1_IRQHandler
                0x08000520                DMA2_Channel3_IRQHandler
                0x08000520                RTC_Alarm_IRQHandler
 .text.HAL_Init
                0x08000522       0x30 ./Drivers/STM32L4xx_HAL_Driver/Src/stm32l4xx_hal.o
                0x08000522                HAL_Init
 *fill*         0x08000552        0x2 
 .text.HAL_InitTick
                0x08000554       0x78 ./Drivers/STM32L4xx_HAL_Driver/Src/stm32l4xx_hal.o
                0x08000554                HAL_InitTick
 .text.HAL_IncTick
                0x080005cc       0x28 ./Drivers/STM32L4xx_HAL_Driver/Src/stm32l4xx_hal.o
                0x080005cc                HAL_IncTick
 .text.HAL_GetTick
                0x080005f4       0x18 ./Drivers/STM32L4xx_HAL_Driver/Src/stm32l4xx_hal.o
                0x080005f4                HAL_GetTick
 .text.__NVIC_SetPriorityGrouping
                0x0800060c       0x48 ./Drivers/STM32L4xx_HAL_Driver/Src/stm32l4xx_hal_cortex.o
 .text.__NVIC_GetPriorityGrouping
                0x08000654       0x1c ./Drivers/STM32L4xx_HAL_Driver/Src/stm32l4xx_hal_cortex.o
 .text.__NVIC_SetPriority
                0x08000670       0x54 ./Drivers/STM32L4xx_HAL_Driver/Src/stm32l4xx_hal_cortex.o
 .text.NVIC_EncodePriority
                0x080006c4       0x66 ./Drivers/STM32L4xx_HAL_Driver/Src/stm32l4xx_hal_cortex.o
 *fill*         0x0800072a        0x2 
 .text.SysTick_Config
                0x0800072c       0x44 ./Drivers/STM32L4xx_HAL_Driver/Src/stm32l4xx_hal_cortex.o
 .text.HAL_NVIC_SetPriorityGrouping
                0x08000770       0x16 ./Drivers/STM32L4xx_HAL_Driver/Src/stm32l4xx_hal_cortex.o
                0x08000770                HAL_NVIC_SetPriorityGrouping
 .text.HAL_NVIC_SetPriority
                0x08000786       0x38 ./Drivers/STM32L4xx_HAL_Driver/Src/stm32l4xx_hal_cortex.o
                0x08000786                HAL_NVIC_SetPriority
 .text.HAL_SYSTICK_Config
                0x080007be       0x18 ./Drivers/STM32L4xx_HAL_Driver/Src/stm32l4xx_hal_cortex.o
                0x080007be                HAL_SYSTICK_Config
 *fill*         0x080007d6        0x2 
 .text.HAL_PWREx_GetVoltageRange
                0x080007d8       0x40 ./Drivers/STM32L4xx_HAL_Driver/Src/stm32l4xx_hal_pwr_ex.o
                0x080007d8                HAL_PWREx_GetVoltageRange
 .text.HAL_PWREx_ControlVoltageScaling
                0x08000818      0x148 ./Drivers/STM32L4xx_HAL_Driver/Src/stm32l4xx_hal_pwr_ex.o
                0x08000818                HAL_PWREx_ControlVoltageScaling
 .text.HAL_RCC_OscConfig
                0x08000960      0x834 ./Drivers/STM32L4xx_HAL_Driver/Src/stm32l4xx_hal_rcc.o
                0x08000960                HAL_RCC_OscConfig
 .text.HAL_RCC_ClockConfig
                0x08001194      0x274 ./Drivers/STM32L4xx_HAL_Driver/Src/stm32l4xx_hal_rcc.o
                0x08001194                HAL_RCC_ClockConfig
 .text.HAL_RCC_GetSysClockFreq
                0x08001408      0x118 ./Drivers/STM32L4xx_HAL_Driver/Src/stm32l4xx_hal_rcc.o
                0x08001408                HAL_RCC_GetSysClockFreq
 .text.RCC_SetFlashLatencyFromMSIRange
                0x08001520       0xb4 ./Drivers/STM32L4xx_HAL_Driver/Src/stm32l4xx_hal_rcc.o
 .text.RCC_GetSysClockFreqFromPLLSource
                0x080015d4       0xcc ./Drivers/STM32L4xx_HAL_Driver/Src/stm32l4xx_hal_rcc.o
 .text.arm_mult_f32
                0x080016a0       0xb4 /Users/jewoolee/STM32CubeIDE/workspace_1.16.0/Tutorial2/Core/Lib/libarm_cortexM4lf_math.a(arm_mult_f32.o)
                0x080016a0                arm_mult_f32
 .text.arm_add_f32
                0x08001754       0xb4 /Users/jewoolee/STM32CubeIDE/workspace_1.16.0/Tutorial2/Core/Lib/libarm_cortexM4lf_math.a(arm_add_f32.o)
                0x08001754                arm_add_f32
 .text.memset   0x08001808       0x10 /Applications/STM32CubeIDE.app/Contents/Eclipse/plugins/com.st.stm32cube.ide.mcu.externaltools.gnu-tools-for-stm32.12.3.rel1.macos64_1.0.200.202406191456/tools/bin/../lib/gcc/arm-none-eabi/12.3.1/../../../../arm-none-eabi/lib/thumb/v7e-m+fp/hard/libc_nano.a(libc_a-memset.o)
                0x08001808                memset
 .text.__libc_init_array
                0x08001818       0x48 /Applications/STM32CubeIDE.app/Contents/Eclipse/plugins/com.st.stm32cube.ide.mcu.externaltools.gnu-tools-for-stm32.12.3.rel1.macos64_1.0.200.202406191456/tools/bin/../lib/gcc/arm-none-eabi/12.3.1/../../../../arm-none-eabi/lib/thumb/v7e-m+fp/hard/libc_nano.a(libc_a-init.o)
                0x08001818                __libc_init_array
 *(.glue_7)
 .glue_7        0x08001860        0x0 linker stubs
 *(.glue_7t)
 .glue_7t       0x08001860        0x0 linker stubs
 *(.eh_frame)
 .eh_frame      0x08001860        0x0 /Applications/STM32CubeIDE.app/Contents/Eclipse/plugins/com.st.stm32cube.ide.mcu.externaltools.gnu-tools-for-stm32.12.3.rel1.macos64_1.0.200.202406191456/tools/bin/../lib/gcc/arm-none-eabi/12.3.1/thumb/v7e-m+fp/hard/crtbegin.o
 *(.init)
 .init          0x08001860        0x4 /Applications/STM32CubeIDE.app/Contents/Eclipse/plugins/com.st.stm32cube.ide.mcu.externaltools.gnu-tools-for-stm32.12.3.rel1.macos64_1.0.200.202406191456/tools/bin/../lib/gcc/arm-none-eabi/12.3.1/thumb/v7e-m+fp/hard/crti.o
                0x08001860                _init
 .init          0x08001864        0x8 /Applications/STM32CubeIDE.app/Contents/Eclipse/plugins/com.st.stm32cube.ide.mcu.externaltools.gnu-tools-for-stm32.12.3.rel1.macos64_1.0.200.202406191456/tools/bin/../lib/gcc/arm-none-eabi/12.3.1/thumb/v7e-m+fp/hard/crtn.o
 *(.fini)
 .fini          0x0800186c        0x4 /Applications/STM32CubeIDE.app/Contents/Eclipse/plugins/com.st.stm32cube.ide.mcu.externaltools.gnu-tools-for-stm32.12.3.rel1.macos64_1.0.200.202406191456/tools/bin/../lib/gcc/arm-none-eabi/12.3.1/thumb/v7e-m+fp/hard/crti.o
                0x0800186c                _fini
 .fini          0x08001870        0x8 /Applications/STM32CubeIDE.app/Contents/Eclipse/plugins/com.st.stm32cube.ide.mcu.externaltools.gnu-tools-for-stm32.12.3.rel1.macos64_1.0.200.202406191456/tools/bin/../lib/gcc/arm-none-eabi/12.3.1/thumb/v7e-m+fp/hard/crtn.o
                0x08001878                        . = ALIGN (0x4)
                0x08001878                        _etext = .

.vfp11_veneer   0x08001878        0x0
 .vfp11_veneer  0x08001878        0x0 linker stubs

.v4_bx          0x08001878        0x0
 .v4_bx         0x08001878        0x0 linker stubs

.iplt           0x08001878        0x0
 .iplt          0x08001878        0x0 /Applications/STM32CubeIDE.app/Contents/Eclipse/plugins/com.st.stm32cube.ide.mcu.externaltools.gnu-tools-for-stm32.12.3.rel1.macos64_1.0.200.202406191456/tools/bin/../lib/gcc/arm-none-eabi/12.3.1/thumb/v7e-m+fp/hard/crtbegin.o

.rodata         0x08001878       0x40
                0x08001878                        . = ALIGN (0x4)
 *(.rodata)
 *(.rodata*)
 .rodata.AHBPrescTable
                0x08001878       0x10 ./Core/Src/system_stm32l4xx.o
                0x08001878                AHBPrescTable
 .rodata.MSIRangeTable
                0x08001888       0x30 ./Core/Src/system_stm32l4xx.o
                0x08001888                MSIRangeTable
                0x080018b8                        . = ALIGN (0x4)

.ARM.extab      0x080018b8        0x0
                0x080018b8                        . = ALIGN (0x4)
 *(.ARM.extab* .gnu.linkonce.armextab.*)
                0x080018b8                        . = ALIGN (0x4)

.ARM            0x080018b8        0x0
                0x080018b8                        . = ALIGN (0x4)
                0x080018b8                        __exidx_start = .
 *(.ARM.exidx*)
                0x080018b8                        __exidx_end = .
                0x080018b8                        . = ALIGN (0x4)

.preinit_array  0x080018b8        0x0
                0x080018b8                        . = ALIGN (0x4)
                0x080018b8                        PROVIDE (__preinit_array_start = .)
 *(.preinit_array*)
                0x080018b8                        PROVIDE (__preinit_array_end = .)
                0x080018b8                        . = ALIGN (0x4)

.init_array     0x080018b8        0x4
                0x080018b8                        . = ALIGN (0x4)
                0x080018b8                        PROVIDE (__init_array_start = .)
 *(SORT_BY_NAME(.init_array.*))
 *(.init_array*)
 .init_array    0x080018b8        0x4 /Applications/STM32CubeIDE.app/Contents/Eclipse/plugins/com.st.stm32cube.ide.mcu.externaltools.gnu-tools-for-stm32.12.3.rel1.macos64_1.0.200.202406191456/tools/bin/../lib/gcc/arm-none-eabi/12.3.1/thumb/v7e-m+fp/hard/crtbegin.o
                0x080018bc                        PROVIDE (__init_array_end = .)
                0x080018bc                        . = ALIGN (0x4)

.fini_array     0x080018bc        0x4
                0x080018bc                        . = ALIGN (0x4)
                [!provide]                        PROVIDE (__fini_array_start = .)
 *(SORT_BY_NAME(.fini_array.*))
 *(.fini_array*)
 .fini_array    0x080018bc        0x4 /Applications/STM32CubeIDE.app/Contents/Eclipse/plugins/com.st.stm32cube.ide.mcu.externaltools.gnu-tools-for-stm32.12.3.rel1.macos64_1.0.200.202406191456/tools/bin/../lib/gcc/arm-none-eabi/12.3.1/thumb/v7e-m+fp/hard/crtbegin.o
                [!provide]                        PROVIDE (__fini_array_end = .)
                0x080018c0                        . = ALIGN (0x4)
                0x080018c0                        _sidata = LOADADDR (.data)

.rel.dyn        0x080018c0        0x0
 .rel.iplt      0x080018c0        0x0 /Applications/STM32CubeIDE.app/Contents/Eclipse/plugins/com.st.stm32cube.ide.mcu.externaltools.gnu-tools-for-stm32.12.3.rel1.macos64_1.0.200.202406191456/tools/bin/../lib/gcc/arm-none-eabi/12.3.1/thumb/v7e-m+fp/hard/crtbegin.o

.data           0x20000000      0x110 load address 0x080018c0
                0x20000000                        . = ALIGN (0x4)
                0x20000000                        _sdata = .
 *(.data)
 *(.data*)
 .data.srcA_buf_f32
                0x20000000       0x80 ./Core/Src/main.o
                0x20000000                srcA_buf_f32
 .data.srcB_buf_f32
                0x20000080       0x80 ./Core/Src/main.o
                0x20000080                srcB_buf_f32
 .data.refDotProdOut
                0x20000100        0x4 ./Core/Src/main.o
                0x20000100                refDotProdOut
 .data.SystemCoreClock
                0x20000104        0x4 ./Core/Src/system_stm32l4xx.o
                0x20000104                SystemCoreClock
 .data.uwTickPrio
                0x20000108        0x4 ./Drivers/STM32L4xx_HAL_Driver/Src/stm32l4xx_hal.o
                0x20000108                uwTickPrio
 .data.uwTickFreq
                0x2000010c        0x1 ./Drivers/STM32L4xx_HAL_Driver/Src/stm32l4xx_hal.o
                0x2000010c                uwTickFreq
 *(.RamFunc)
 *(.RamFunc*)
                0x20000110                        . = ALIGN (0x4)
 *fill*         0x2000010d        0x3 
                0x20000110                        _edata = .

.igot.plt       0x20000110        0x0 load address 0x080019d0
 .igot.plt      0x20000110        0x0 /Applications/STM32CubeIDE.app/Contents/Eclipse/plugins/com.st.stm32cube.ide.mcu.externaltools.gnu-tools-for-stm32.12.3.rel1.macos64_1.0.200.202406191456/tools/bin/../lib/gcc/arm-none-eabi/12.3.1/thumb/v7e-m+fp/hard/crtbegin.o
                0x20000110                        . = ALIGN (0x4)

.bss            0x20000110       0xa8 load address 0x080019d0
                0x20000110                        _sbss = .
                0x20000110                        __bss_start__ = _sbss
 *(.bss)
 .bss           0x20000110       0x1c /Applications/STM32CubeIDE.app/Contents/Eclipse/plugins/com.st.stm32cube.ide.mcu.externaltools.gnu-tools-for-stm32.12.3.rel1.macos64_1.0.200.202406191456/tools/bin/../lib/gcc/arm-none-eabi/12.3.1/thumb/v7e-m+fp/hard/crtbegin.o
 *(.bss*)
 .bss.multOutput
                0x2000012c       0x80 ./Core/Src/main.o
                0x2000012c                multOutput
 .bss.testOutput
                0x200001ac        0x4 ./Core/Src/main.o
                0x200001ac                testOutput
 .bss.status    0x200001b0        0x1 ./Core/Src/main.o
                0x200001b0                status
 *fill*         0x200001b1        0x3 
 .bss.uwTick    0x200001b4        0x4 ./Drivers/STM32L4xx_HAL_Driver/Src/stm32l4xx_hal.o
                0x200001b4                uwTick
 *(COMMON)
                0x200001b8                        . = ALIGN (0x4)
                0x200001b8                        _ebss = .
                0x200001b8                        __bss_end__ = _ebss

._user_heap_stack
                0x200001b8      0x600 load address 0x080019d0
                0x200001b8                        . = ALIGN (0x8)
                [!provide]                        PROVIDE (end = .)
                0x200001b8                        PROVIDE (_end = .)
                0x200003b8                        . = (. + _Min_Heap_Size)
 *fill*         0x200001b8      0x200 
                0x200007b8                        . = (. + _Min_Stack_Size)
 *fill*         0x200003b8      0x400 
                0x200007b8                        . = ALIGN (0x8)

/DISCARD/
 libc.a(*)
 libm.a(*)
 libgcc.a(*)

.ARM.attributes
                0x00000000       0x30
 *(.ARM.attributes)
 .ARM.attributes
                0x00000000       0x22 /Applications/STM32CubeIDE.app/Contents/Eclipse/plugins/com.st.stm32cube.ide.mcu.externaltools.gnu-tools-for-stm32.12.3.rel1.macos64_1.0.200.202406191456/tools/bin/../lib/gcc/arm-none-eabi/12.3.1/thumb/v7e-m+fp/hard/crti.o
 .ARM.attributes
                0x00000022       0x34 /Applications/STM32CubeIDE.app/Contents/Eclipse/plugins/com.st.stm32cube.ide.mcu.externaltools.gnu-tools-for-stm32.12.3.rel1.macos64_1.0.200.202406191456/tools/bin/../lib/gcc/arm-none-eabi/12.3.1/thumb/v7e-m+fp/hard/crtbegin.o
 .ARM.attributes
                0x00000056       0x34 ./Core/Src/main.o
 .ARM.attributes
                0x0000008a       0x34 ./Core/Src/stm32l4xx_hal_msp.o
 .ARM.attributes
                0x000000be       0x34 ./Core/Src/stm32l4xx_it.o
 .ARM.attributes
                0x000000f2       0x34 ./Core/Src/system_stm32l4xx.o
 .ARM.attributes
                0x00000126       0x21 ./Core/Startup/startup_stm32l4s5vitx.o
 .ARM.attributes
                0x00000147       0x34 ./Drivers/STM32L4xx_HAL_Driver/Src/stm32l4xx_hal.o
 .ARM.attributes
                0x0000017b       0x34 ./Drivers/STM32L4xx_HAL_Driver/Src/stm32l4xx_hal_cortex.o
 .ARM.attributes
                0x000001af       0x34 ./Drivers/STM32L4xx_HAL_Driver/Src/stm32l4xx_hal_pwr_ex.o
 .ARM.attributes
                0x000001e3       0x34 ./Drivers/STM32L4xx_HAL_Driver/Src/stm32l4xx_hal_rcc.o
 .ARM.attributes
                0x00000217       0x34 /Users/jewoolee/STM32CubeIDE/workspace_1.16.0/Tutorial2/Core/Lib/libarm_cortexM4lf_math.a(arm_mult_f32.o)
 .ARM.attributes
                0x0000024b       0x34 /Users/jewoolee/STM32CubeIDE/workspace_1.16.0/Tutorial2/Core/Lib/libarm_cortexM4lf_math.a(arm_add_f32.o)
 .ARM.attributes
                0x0000027f       0x34 /Applications/STM32CubeIDE.app/Contents/Eclipse/plugins/com.st.stm32cube.ide.mcu.externaltools.gnu-tools-for-stm32.12.3.rel1.macos64_1.0.200.202406191456/tools/bin/../lib/gcc/arm-none-eabi/12.3.1/../../../../arm-none-eabi/lib/thumb/v7e-m+fp/hard/libc_nano.a(libc_a-memset.o)
 .ARM.attributes
                0x000002b3       0x34 /Applications/STM32CubeIDE.app/Contents/Eclipse/plugins/com.st.stm32cube.ide.mcu.externaltools.gnu-tools-for-stm32.12.3.rel1.macos64_1.0.200.202406191456/tools/bin/../lib/gcc/arm-none-eabi/12.3.1/../../../../arm-none-eabi/lib/thumb/v7e-m+fp/hard/libc_nano.a(libc_a-init.o)
 .ARM.attributes
                0x000002e7       0x22 /Applications/STM32CubeIDE.app/Contents/Eclipse/plugins/com.st.stm32cube.ide.mcu.externaltools.gnu-tools-for-stm32.12.3.rel1.macos64_1.0.200.202406191456/tools/bin/../lib/gcc/arm-none-eabi/12.3.1/thumb/v7e-m+fp/hard/crtn.o
OUTPUT(Tutorial2.elf elf32-littlearm)
LOAD linker stubs
LOAD /Applications/STM32CubeIDE.app/Contents/Eclipse/plugins/com.st.stm32cube.ide.mcu.externaltools.gnu-tools-for-stm32.12.3.rel1.macos64_1.0.200.202406191456/tools/bin/../lib/gcc/arm-none-eabi/12.3.1/../../../../arm-none-eabi/lib/thumb/v7e-m+fp/hard/libc.a
LOAD /Applications/STM32CubeIDE.app/Contents/Eclipse/plugins/com.st.stm32cube.ide.mcu.externaltools.gnu-tools-for-stm32.12.3.rel1.macos64_1.0.200.202406191456/tools/bin/../lib/gcc/arm-none-eabi/12.3.1/../../../../arm-none-eabi/lib/thumb/v7e-m+fp/hard/libm.a
LOAD /Applications/STM32CubeIDE.app/Contents/Eclipse/plugins/com.st.stm32cube.ide.mcu.externaltools.gnu-tools-for-stm32.12.3.rel1.macos64_1.0.200.202406191456/tools/bin/../lib/gcc/arm-none-eabi/12.3.1/thumb/v7e-m+fp/hard/libgcc.a

.debug_info     0x00000000     0x571d
 .debug_info    0x00000000      0x6f6 ./Core/Src/main.o
 .debug_info    0x000006f6      0x2e9 ./Core/Src/stm32l4xx_hal_msp.o
 .debug_info    0x000009df      0x113 ./Core/Src/stm32l4xx_it.o
 .debug_info    0x00000af2      0x5e9 ./Core/Src/system_stm32l4xx.o
 .debug_info    0x000010db       0x30 ./Core/Startup/startup_stm32l4s5vitx.o
 .debug_info    0x0000110b      0xb4f ./Drivers/STM32L4xx_HAL_Driver/Src/stm32l4xx_hal.o
 .debug_info    0x00001c5a      0xd9f ./Drivers/STM32L4xx_HAL_Driver/Src/stm32l4xx_hal_cortex.o
 .debug_info    0x000029f9      0xa0a ./Drivers/STM32L4xx_HAL_Driver/Src/stm32l4xx_hal_pwr_ex.o
 .debug_info    0x00003403      0xd32 ./Drivers/STM32L4xx_HAL_Driver/Src/stm32l4xx_hal_rcc.o
 .debug_info    0x00004135      0xaf4 /Users/jewoolee/STM32CubeIDE/workspace_1.16.0/Tutorial2/Core/Lib/libarm_cortexM4lf_math.a(arm_mult_f32.o)
 .debug_info    0x00004c29      0xaf4 /Users/jewoolee/STM32CubeIDE/workspace_1.16.0/Tutorial2/Core/Lib/libarm_cortexM4lf_math.a(arm_add_f32.o)

.debug_abbrev   0x00000000     0x1327
 .debug_abbrev  0x00000000      0x27d ./Core/Src/main.o
 .debug_abbrev  0x0000027d       0xc6 ./Core/Src/stm32l4xx_hal_msp.o
 .debug_abbrev  0x00000343       0x73 ./Core/Src/stm32l4xx_it.o
 .debug_abbrev  0x000003b6      0x11a ./Core/Src/system_stm32l4xx.o
 .debug_abbrev  0x000004d0       0x24 ./Core/Startup/startup_stm32l4s5vitx.o
 .debug_abbrev  0x000004f4      0x242 ./Drivers/STM32L4xx_HAL_Driver/Src/stm32l4xx_hal.o
 .debug_abbrev  0x00000736      0x31c ./Drivers/STM32L4xx_HAL_Driver/Src/stm32l4xx_hal_cortex.o
 .debug_abbrev  0x00000a52      0x1f9 ./Drivers/STM32L4xx_HAL_Driver/Src/stm32l4xx_hal_pwr_ex.o
 .debug_abbrev  0x00000c4b      0x306 ./Drivers/STM32L4xx_HAL_Driver/Src/stm32l4xx_hal_rcc.o
 .debug_abbrev  0x00000f51      0x1eb /Users/jewoolee/STM32CubeIDE/workspace_1.16.0/Tutorial2/Core/Lib/libarm_cortexM4lf_math.a(arm_mult_f32.o)
 .debug_abbrev  0x0000113c      0x1eb /Users/jewoolee/STM32CubeIDE/workspace_1.16.0/Tutorial2/Core/Lib/libarm_cortexM4lf_math.a(arm_add_f32.o)

.debug_aranges  0x00000000      0x5b0
 .debug_aranges
                0x00000000       0x40 ./Core/Src/main.o
 .debug_aranges
                0x00000040       0x20 ./Core/Src/stm32l4xx_hal_msp.o
 .debug_aranges
                0x00000060       0x60 ./Core/Src/stm32l4xx_it.o
 .debug_aranges
                0x000000c0       0x28 ./Core/Src/system_stm32l4xx.o
 .debug_aranges
                0x000000e8       0x28 ./Core/Startup/startup_stm32l4s5vitx.o
 .debug_aranges
                0x00000110      0x130 ./Drivers/STM32L4xx_HAL_Driver/Src/stm32l4xx_hal.o
 .debug_aranges
                0x00000240      0x128 ./Drivers/STM32L4xx_HAL_Driver/Src/stm32l4xx_hal_cortex.o
 .debug_aranges
                0x00000368      0x170 ./Drivers/STM32L4xx_HAL_Driver/Src/stm32l4xx_hal_pwr_ex.o
 .debug_aranges
                0x000004d8       0x98 ./Drivers/STM32L4xx_HAL_Driver/Src/stm32l4xx_hal_rcc.o
 .debug_aranges
                0x00000570       0x20 /Users/jewoolee/STM32CubeIDE/workspace_1.16.0/Tutorial2/Core/Lib/libarm_cortexM4lf_math.a(arm_mult_f32.o)
 .debug_aranges
                0x00000590       0x20 /Users/jewoolee/STM32CubeIDE/workspace_1.16.0/Tutorial2/Core/Lib/libarm_cortexM4lf_math.a(arm_add_f32.o)

.debug_rnglists
                0x00000000      0x3f8
 .debug_rnglists
                0x00000000       0x2d ./Core/Src/main.o
 .debug_rnglists
                0x0000002d       0x13 ./Core/Src/stm32l4xx_hal_msp.o
 .debug_rnglists
                0x00000040       0x43 ./Core/Src/stm32l4xx_it.o
 .debug_rnglists
                0x00000083       0x1a ./Core/Src/system_stm32l4xx.o
 .debug_rnglists
                0x0000009d       0x19 ./Core/Startup/startup_stm32l4s5vitx.o
 .debug_rnglists
                0x000000b6       0xdf ./Drivers/STM32L4xx_HAL_Driver/Src/stm32l4xx_hal.o
 .debug_rnglists
                0x00000195       0xda ./Drivers/STM32L4xx_HAL_Driver/Src/stm32l4xx_hal_cortex.o
 .debug_rnglists
                0x0000026f      0x115 ./Drivers/STM32L4xx_HAL_Driver/Src/stm32l4xx_hal_pwr_ex.o
 .debug_rnglists
                0x00000384       0x74 ./Drivers/STM32L4xx_HAL_Driver/Src/stm32l4xx_hal_rcc.o

.debug_macro    0x00000000    0x28b04
 .debug_macro   0x00000000      0x2ca ./Core/Src/main.o
 .debug_macro   0x000002ca      0xab4 ./Core/Src/main.o
 .debug_macro   0x00000d7e      0x19b ./Core/Src/main.o
 .debug_macro   0x00000f19       0x2e ./Core/Src/main.o
 .debug_macro   0x00000f47       0x28 ./Core/Src/main.o
 .debug_macro   0x00000f6f       0x22 ./Core/Src/main.o
 .debug_macro   0x00000f91       0x8e ./Core/Src/main.o
 .debug_macro   0x0000101f       0x51 ./Core/Src/main.o
 .debug_macro   0x00001070      0x103 ./Core/Src/main.o
 .debug_macro   0x00001173       0x6a ./Core/Src/main.o
 .debug_macro   0x000011dd      0x1df ./Core/Src/main.o
 .debug_macro   0x000013bc       0x1c ./Core/Src/main.o
 .debug_macro   0x000013d8       0x22 ./Core/Src/main.o
 .debug_macro   0x000013fa       0xfb ./Core/Src/main.o
 .debug_macro   0x000014f5     0x1011 ./Core/Src/main.o
 .debug_macro   0x00002506      0x11f ./Core/Src/main.o
 .debug_macro   0x00002625    0x1d292 ./Core/Src/main.o
 .debug_macro   0x0001f8b7       0x6d ./Core/Src/main.o
 .debug_macro   0x0001f924     0x3902 ./Core/Src/main.o
 .debug_macro   0x00023226      0x189 ./Core/Src/main.o
 .debug_macro   0x000233af       0x5c ./Core/Src/main.o
 .debug_macro   0x0002340b     0x1910 ./Core/Src/main.o
 .debug_macro   0x00024d1b      0x7dc ./Core/Src/main.o
 .debug_macro   0x000254f7      0x1b9 ./Core/Src/main.o
 .debug_macro   0x000256b0      0x225 ./Core/Src/main.o
 .debug_macro   0x000258d5      0x486 ./Core/Src/main.o
 .debug_macro   0x00025d5b      0x1ce ./Core/Src/main.o
 .debug_macro   0x00025f29       0x43 ./Core/Src/main.o
 .debug_macro   0x00025f6c      0x23d ./Core/Src/main.o
 .debug_macro   0x000261a9      0x241 ./Core/Src/main.o
 .debug_macro   0x000263ea      0x416 ./Core/Src/main.o
 .debug_macro   0x00026800       0x1c ./Core/Src/main.o
 .debug_macro   0x0002681c       0xf2 ./Core/Src/main.o
 .debug_macro   0x0002690e      0x122 ./Core/Src/main.o
 .debug_macro   0x00026a30      0x3f6 ./Core/Src/main.o
 .debug_macro   0x00026e26      0x432 ./Core/Src/main.o
 .debug_macro   0x00027258       0x61 ./Core/Src/main.o
 .debug_macro   0x000272b9       0x2a ./Core/Src/main.o
 .debug_macro   0x000272e3       0x43 ./Core/Src/main.o
 .debug_macro   0x00027326       0x34 ./Core/Src/main.o
 .debug_macro   0x0002735a       0x16 ./Core/Src/main.o
 .debug_macro   0x00027370       0x43 ./Core/Src/main.o
 .debug_macro   0x000273b3       0x34 ./Core/Src/main.o
 .debug_macro   0x000273e7       0x10 ./Core/Src/main.o
 .debug_macro   0x000273f7       0x58 ./Core/Src/main.o
 .debug_macro   0x0002744f       0x8e ./Core/Src/main.o
 .debug_macro   0x000274dd       0x1c ./Core/Src/main.o
 .debug_macro   0x000274f9      0x177 ./Core/Src/main.o
 .debug_macro   0x00027670      0x369 ./Core/Src/main.o
 .debug_macro   0x000279d9       0x10 ./Core/Src/main.o
 .debug_macro   0x000279e9       0x35 ./Core/Src/main.o
 .debug_macro   0x00027a1e       0x20 ./Core/Src/main.o
 .debug_macro   0x00027a3e      0x19b ./Core/Src/main.o
 .debug_macro   0x00027bd9      0x201 ./Core/Src/main.o
 .debug_macro   0x00027dda       0xc8 ./Core/Src/main.o
 .debug_macro   0x00027ea2      0x1b0 ./Core/Src/stm32l4xx_hal_msp.o
 .debug_macro   0x00028052      0x1ba ./Core/Src/stm32l4xx_it.o
 .debug_macro   0x0002820c      0x1a6 ./Core/Src/system_stm32l4xx.o
 .debug_macro   0x000283b2      0x1f4 ./Drivers/STM32L4xx_HAL_Driver/Src/stm32l4xx_hal.o
 .debug_macro   0x000285a6      0x1a6 ./Drivers/STM32L4xx_HAL_Driver/Src/stm32l4xx_hal_cortex.o
 .debug_macro   0x0002874c      0x1d0 ./Drivers/STM32L4xx_HAL_Driver/Src/stm32l4xx_hal_pwr_ex.o
 .debug_macro   0x0002891c      0x1e8 ./Drivers/STM32L4xx_HAL_Driver/Src/stm32l4xx_hal_rcc.o

.debug_line     0x00000000     0x5855
 .debug_line    0x00000000      0x92e ./Core/Src/main.o
 .debug_line    0x0000092e      0x69b ./Core/Src/stm32l4xx_hal_msp.o
 .debug_line    0x00000fc9      0x75d ./Core/Src/stm32l4xx_it.o
 .debug_line    0x00001726      0x735 ./Core/Src/system_stm32l4xx.o
 .debug_line    0x00001e5b       0x7a ./Core/Startup/startup_stm32l4s5vitx.o
 .debug_line    0x00001ed5      0xa90 ./Drivers/STM32L4xx_HAL_Driver/Src/stm32l4xx_hal.o
 .debug_line    0x00002965      0xc59 ./Drivers/STM32L4xx_HAL_Driver/Src/stm32l4xx_hal_cortex.o
 .debug_line    0x000035be      0xcf7 ./Drivers/STM32L4xx_HAL_Driver/Src/stm32l4xx_hal_pwr_ex.o
 .debug_line    0x000042b5      0xfe1 ./Drivers/STM32L4xx_HAL_Driver/Src/stm32l4xx_hal_rcc.o
 .debug_line    0x00005296      0x2e0 /Users/jewoolee/STM32CubeIDE/workspace_1.16.0/Tutorial2/Core/Lib/libarm_cortexM4lf_math.a(arm_mult_f32.o)
 .debug_line    0x00005576      0x2df /Users/jewoolee/STM32CubeIDE/workspace_1.16.0/Tutorial2/Core/Lib/libarm_cortexM4lf_math.a(arm_add_f32.o)

.debug_str      0x00000000    0xf9434
 .debug_str     0x00000000    0xf73f4 ./Core/Src/main.o
                              0xf7775 (size before relaxing)
 .debug_str     0x000f73f4       0x2c ./Core/Src/stm32l4xx_hal_msp.o
                              0xf2ee8 (size before relaxing)
 .debug_str     0x000f7420       0xc9 ./Core/Src/stm32l4xx_it.o
                              0xf2e02 (size before relaxing)
 .debug_str     0x000f74e9       0xfc ./Core/Src/system_stm32l4xx.o
                              0xf2faf (size before relaxing)
 .debug_str     0x000f75e5       0x44 ./Core/Startup/startup_stm32l4s5vitx.o
                                 0x82 (size before relaxing)
 .debug_str     0x000f7629      0xac9 ./Drivers/STM32L4xx_HAL_Driver/Src/stm32l4xx_hal.o
                              0xf3b8d (size before relaxing)
 .debug_str     0x000f80f2      0x388 ./Drivers/STM32L4xx_HAL_Driver/Src/stm32l4xx_hal_cortex.o
                              0xf384e (size before relaxing)
 .debug_str     0x000f847a      0x5c1 ./Drivers/STM32L4xx_HAL_Driver/Src/stm32l4xx_hal_pwr_ex.o
                              0xf3582 (size before relaxing)
 .debug_str     0x000f8a3b      0x453 ./Drivers/STM32L4xx_HAL_Driver/Src/stm32l4xx_hal_rcc.o
                              0xf3622 (size before relaxing)
 .debug_str     0x000f8e8e      0x578 /Users/jewoolee/STM32CubeIDE/workspace_1.16.0/Tutorial2/Core/Lib/libarm_cortexM4lf_math.a(arm_mult_f32.o)
                                0x673 (size before relaxing)
 .debug_str     0x000f9406       0x2e /Users/jewoolee/STM32CubeIDE/workspace_1.16.0/Tutorial2/Core/Lib/libarm_cortexM4lf_math.a(arm_add_f32.o)
                                0x671 (size before relaxing)

.comment        0x00000000       0xb8
 .comment       0x00000000       0x43 ./Core/Src/main.o
                                 0x44 (size before relaxing)
 .comment       0x00000043       0x44 ./Core/Src/stm32l4xx_hal_msp.o
 .comment       0x00000043       0x44 ./Core/Src/stm32l4xx_it.o
 .comment       0x00000043       0x44 ./Core/Src/system_stm32l4xx.o
 .comment       0x00000043       0x44 ./Drivers/STM32L4xx_HAL_Driver/Src/stm32l4xx_hal.o
 .comment       0x00000043       0x44 ./Drivers/STM32L4xx_HAL_Driver/Src/stm32l4xx_hal_cortex.o
 .comment       0x00000043       0x44 ./Drivers/STM32L4xx_HAL_Driver/Src/stm32l4xx_hal_pwr_ex.o
 .comment       0x00000043       0x44 ./Drivers/STM32L4xx_HAL_Driver/Src/stm32l4xx_hal_rcc.o
 .comment       0x00000043       0x75 /Users/jewoolee/STM32CubeIDE/workspace_1.16.0/Tutorial2/Core/Lib/libarm_cortexM4lf_math.a(arm_mult_f32.o)
                                 0x76 (size before relaxing)
 .comment       0x000000b8       0x76 /Users/jewoolee/STM32CubeIDE/workspace_1.16.0/Tutorial2/Core/Lib/libarm_cortexM4lf_math.a(arm_add_f32.o)

.debug_frame    0x00000000     0x1490
 .debug_frame   0x00000000       0xbc ./Core/Src/main.o
 .debug_frame   0x000000bc       0x38 ./Core/Src/stm32l4xx_hal_msp.o
 .debug_frame   0x000000f4      0x104 ./Core/Src/stm32l4xx_it.o
 .debug_frame   0x000001f8       0x58 ./Core/Src/system_stm32l4xx.o
 .debug_frame   0x00000250      0x498 ./Drivers/STM32L4xx_HAL_Driver/Src/stm32l4xx_hal.o
 .debug_frame   0x000006e8      0x4e8 ./Drivers/STM32L4xx_HAL_Driver/Src/stm32l4xx_hal_cortex.o
 .debug_frame   0x00000bd0      0x5c4 ./Drivers/STM32L4xx_HAL_Driver/Src/stm32l4xx_hal_pwr_ex.o
 .debug_frame   0x00001194      0x248 ./Drivers/STM32L4xx_HAL_Driver/Src/stm32l4xx_hal_rcc.o
 .debug_frame   0x000013dc       0x34 /Users/jewoolee/STM32CubeIDE/workspace_1.16.0/Tutorial2/Core/Lib/libarm_cortexM4lf_math.a(arm_mult_f32.o)
 .debug_frame   0x00001410       0x34 /Users/jewoolee/STM32CubeIDE/workspace_1.16.0/Tutorial2/Core/Lib/libarm_cortexM4lf_math.a(arm_add_f32.o)
 .debug_frame   0x00001444       0x20 /Applications/STM32CubeIDE.app/Contents/Eclipse/plugins/com.st.stm32cube.ide.mcu.externaltools.gnu-tools-for-stm32.12.3.rel1.macos64_1.0.200.202406191456/tools/bin/../lib/gcc/arm-none-eabi/12.3.1/../../../../arm-none-eabi/lib/thumb/v7e-m+fp/hard/libc_nano.a(libc_a-memset.o)
 .debug_frame   0x00001464       0x2c /Applications/STM32CubeIDE.app/Contents/Eclipse/plugins/com.st.stm32cube.ide.mcu.externaltools.gnu-tools-for-stm32.12.3.rel1.macos64_1.0.200.202406191456/tools/bin/../lib/gcc/arm-none-eabi/12.3.1/../../../../arm-none-eabi/lib/thumb/v7e-m+fp/hard/libc_nano.a(libc_a-init.o)

.debug_line_str
                0x00000000       0x66
 .debug_line_str
                0x00000000       0x66 ./Core/Startup/startup_stm32l4s5vitx.o

.debug_loc      0x00000000      0x42a
 .debug_loc     0x00000000      0x215 /Users/jewoolee/STM32CubeIDE/workspace_1.16.0/Tutorial2/Core/Lib/libarm_cortexM4lf_math.a(arm_mult_f32.o)
 .debug_loc     0x00000215      0x215 /Users/jewoolee/STM32CubeIDE/workspace_1.16.0/Tutorial2/Core/Lib/libarm_cortexM4lf_math.a(arm_add_f32.o)

.debug_ranges   0x00000000       0x20
 .debug_ranges  0x00000000       0x10 /Users/jewoolee/STM32CubeIDE/workspace_1.16.0/Tutorial2/Core/Lib/libarm_cortexM4lf_math.a(arm_mult_f32.o)
 .debug_ranges  0x00000010       0x10 /Users/jewoolee/STM32CubeIDE/workspace_1.16.0/Tutorial2/Core/Lib/libarm_cortexM4lf_math.a(arm_add_f32.o)
