15:15:50 **** Incremental Build of configuration Debug for project DrivingGame ****
make -j7 all 
arm-none-eabi-gcc "../Core/Src/stm32l4s5i_iot01_nfctag.c" -mcpu=cortex-m4 -std=gnu11 -g3 -DDEBUG -DUSE_HAL_DRIVER -DSTM32L4S5xx -c -I../Core/Inc -I../Drivers/STM32L4xx_HAL_Driver/Inc -I../Drivers/STM32L4xx_HAL_Driver/Inc/Legacy -I../Drivers/CMSIS/Device/ST/STM32L4xx/Include -I../Drivers/CMSIS/Include -I../Middlewares/Third_Party/FreeRTOS/Source/include -I../Middlewares/Third_Party/FreeRTOS/Source/CMSIS_RTOS -I../Middlewares/Third_Party/FreeRTOS/Source/portable/GCC/ARM_CM4F -O0 -ffunction-sections -fdata-sections -Wall -fstack-usage -fcyclomatic-complexity -MMD -MP -MF"Core/Src/stm32l4s5i_iot01_nfctag.d" -MT"Core/Src/stm32l4s5i_iot01_nfctag.o" --specs=nano.specs -mfpu=fpv4-sp-d16 -mfloat-abi=hard -mthumb -o "Core/Src/stm32l4s5i_iot01_nfctag.o"
arm-none-eabi-gcc -o "DrivingGame.elf" @"objects.list"   -mcpu=cortex-m4 -T"/Users/jewoolee/STM32CubeIDE/workspace_1.16.0/DrivingGame/STM32L4S5VITX_FLASH.ld" --specs=nosys.specs -Wl,-Map="DrivingGame.map" -Wl,--gc-sections -static --specs=nano.specs -mfpu=fpv4-sp-d16 -mfloat-abi=hard -mthumb -Wl,--start-group -lc -lm -Wl,--end-group
Finished building target: DrivingGame.elf
 
arm-none-eabi-size  DrivingGame.elf 
arm-none-eabi-objdump -h -S DrivingGame.elf  > "DrivingGame.list"
   text	   data	    bss	    dec	    hex	filename
  34484	    148	   6420	  41052	   a05c	DrivingGame.elf
Finished building: default.size.stdout
 
Finished building: DrivingGame.list
 
15:16:05 **** Incremental Build of configuration Debug for project DrivingGame ****
make -j7 all 
arm-none-eabi-size  DrivingGame.elf 
   text	   data	    bss	    dec	    hex	filename
  34484	    148	   6420	  41052	   a05c	DrivingGame.elf
Finished building: default.size.stdout
 
15:17:20 **** Incremental Build of configuration Debug for project DrivingGame ****
make -j7 all 
arm-none-eabi-gcc "../Core/Src/main.c" -mcpu=cortex-m4 -std=gnu11 -g3 -DDEBUG -DUSE_HAL_DRIVER -DSTM32L4S5xx -c -I../Core/Inc -I../Drivers/STM32L4xx_HAL_Driver/Inc -I../Drivers/STM32L4xx_HAL_Driver/Inc/Legacy -I../Drivers/CMSIS/Device/ST/STM32L4xx/Include -I../Drivers/CMSIS/Include -I../Middlewares/Third_Party/FreeRTOS/Source/include -I../Middlewares/Third_Party/FreeRTOS/Source/CMSIS_RTOS -I../Middlewares/Third_Party/FreeRTOS/Source/portable/GCC/ARM_CM4F -O0 -ffunction-sections -fdata-sections -Wall -fstack-usage -fcyclomatic-complexity -MMD -MP -MF"Core/Src/main.d" -MT"Core/Src/main.o" --specs=nano.specs -mfpu=fpv4-sp-d16 -mfloat-abi=hard -mthumb -o "Core/Src/main.o"
../Core/Src/main.c: In function 'ReadSensorTask':
../Core/Src/main.c:446:33: warning: passing argument 1 of 'BSP_GYRO_GetXYZ' from incompatible pointer type [-Wincompatible-pointer-types]
  446 |                 BSP_GYRO_GetXYZ(&gyro);
      |                                 ^~~~~
      |                                 |
      |                                 float (*)[3]
In file included from ../Core/Src/main.c:27:
../Core/Inc/stm32l4s5i_iot01_gyro.h:66:29: note: expected 'float *' but argument is of type 'float (*)[3]'
   66 | void BSP_GYRO_GetXYZ(float* pfData);
      |                      ~~~~~~~^~~~~~
../Core/Src/main.c: In function 'DisplayDataTask':
../Core/Src/main.c:465:17: warning: implicit declaration of function 'memset' [-Wimplicit-function-declaration]
  465 |                 memset(result, ' ', 69);
      |                 ^~~~~~
../Core/Src/main.c:28:1: note: include '<string.h>' or provide a declaration of 'memset'
   27 | #include "stm32l4s5i_iot01_gyro.h"
  +++ |+#include <string.h>
   28 | /* USER CODE END Includes */
../Core/Src/main.c:465:17: warning: incompatible implicit declaration of built-in function 'memset' [-Wbuiltin-declaration-mismatch]
  465 |                 memset(result, ' ', 69);
      |                 ^~~~~~
../Core/Src/main.c:465:17: note: include '<string.h>' or provide a declaration of 'memset'
../Core/Src/main.c:467:17: warning: implicit declaration of function 'sprintf' [-Wimplicit-function-declaration]
  467 |                 sprintf(result, "\n\rGyro: %.2d, %.2d, %.2d", (int) gyro[0], (int) gyro[1], (int) gyro[2]);
      |                 ^~~~~~~
../Core/Src/main.c:28:1: note: include '<stdio.h>' or provide a declaration of 'sprintf'
   27 | #include "stm32l4s5i_iot01_gyro.h"
  +++ |+#include <stdio.h>
   28 | /* USER CODE END Includes */
../Core/Src/main.c:467:17: warning: incompatible implicit declaration of built-in function 'sprintf' [-Wbuiltin-declaration-mismatch]
  467 |                 sprintf(result, "\n\rGyro: %.2d, %.2d, %.2d", (int) gyro[0], (int) gyro[1], (int) gyro[2]);
      |                 ^~~~~~~
../Core/Src/main.c:467:17: note: include '<stdio.h>' or provide a declaration of 'sprintf'
arm-none-eabi-gcc -o "DrivingGame.elf" @"objects.list"   -mcpu=cortex-m4 -T"/Users/jewoolee/STM32CubeIDE/workspace_1.16.0/DrivingGame/STM32L4S5VITX_FLASH.ld" --specs=nosys.specs -Wl,-Map="DrivingGame.map" -Wl,--gc-sections -static --specs=nano.specs -mfpu=fpv4-sp-d16 -mfloat-abi=hard -mthumb -Wl,--start-group -lc -lm -Wl,--end-group
Finished building target: DrivingGame.elf
 
arm-none-eabi-size  DrivingGame.elf 
arm-none-eabi-objdump -h -S DrivingGame.elf  > "DrivingGame.list"
   text	   data	    bss	    dec	    hex	filename
  34468	    148	   6420	  41036	   a04c	DrivingGame.elf
Finished building: default.size.stdout
 
Finished building: DrivingGame.list
 
15:34:17 **** Incremental Build of configuration Debug for project DrivingGame ****
make -j7 all 
arm-none-eabi-gcc "../Core/Src/main.c" -mcpu=cortex-m4 -std=gnu11 -g3 -DDEBUG -DUSE_HAL_DRIVER -DSTM32L4S5xx -c -I../Core/Inc -I../Drivers/STM32L4xx_HAL_Driver/Inc -I../Drivers/STM32L4xx_HAL_Driver/Inc/Legacy -I../Drivers/CMSIS/Device/ST/STM32L4xx/Include -I../Drivers/CMSIS/Include -I../Middlewares/Third_Party/FreeRTOS/Source/include -I../Middlewares/Third_Party/FreeRTOS/Source/CMSIS_RTOS -I../Middlewares/Third_Party/FreeRTOS/Source/portable/GCC/ARM_CM4F -O0 -ffunction-sections -fdata-sections -Wall -fstack-usage -fcyclomatic-complexity -MMD -MP -MF"Core/Src/main.d" -MT"Core/Src/main.o" --specs=nano.specs -mfpu=fpv4-sp-d16 -mfloat-abi=hard -mthumb -o "Core/Src/main.o"
../Core/Src/main.c: In function 'HAL_GPIO_EXTI_Callback':
../Core/Src/main.c:466:28: error: 'LED_GPIO_Port' undeclared (first use in this function); did you mean 'LED2_GPIO_PORT'?
  466 |         HAL_GPIO_TogglePin(LED_GPIO_Port, LED_Pin);
      |                            ^~~~~~~~~~~~~
      |                            LED2_GPIO_PORT
../Core/Src/main.c:466:28: note: each undeclared identifier is reported only once for each function it appears in
../Core/Src/main.c:466:43: error: 'LED_Pin' undeclared (first use in this function); did you mean 'LED2_PIN'?
  466 |         HAL_GPIO_TogglePin(LED_GPIO_Port, LED_Pin);
      |                                           ^~~~~~~
      |                                           LED2_PIN
../Core/Src/main.c: In function 'ReadSensorTask':
../Core/Src/main.c:498:33: warning: passing argument 1 of 'BSP_GYRO_GetXYZ' from incompatible pointer type [-Wincompatible-pointer-types]
  498 |                 BSP_GYRO_GetXYZ(&gyro);
      |                                 ^~~~~
      |                                 |
      |                                 float (*)[3]
In file included from ../Core/Src/main.c:27:
../Core/Inc/stm32l4s5i_iot01_gyro.h:66:29: note: expected 'float *' but argument is of type 'float (*)[3]'
   66 | void BSP_GYRO_GetXYZ(float* pfData);
      |                      ~~~~~~~^~~~~~
../Core/Src/main.c: In function 'DisplayDataTask':
../Core/Src/main.c:519:17: warning: implicit declaration of function 'sprintf' [-Wimplicit-function-declaration]
  519 |                 sprintf(result, "\n\rGyro: %.2d, %.2d, %.2d", (int) gyro[0], (int) gyro[1], (int) gyro[2]);
      |                 ^~~~~~~
../Core/Src/main.c:30:1: note: include '<stdio.h>' or provide a declaration of 'sprintf'
   29 | #include "arm_math.h"
  +++ |+#include <stdio.h>
   30 | #define  ARM_MATH_CM4
../Core/Src/main.c:519:17: warning: incompatible implicit declaration of built-in function 'sprintf' [-Wbuiltin-declaration-mismatch]
  519 |                 sprintf(result, "\n\rGyro: %.2d, %.2d, %.2d", (int) gyro[0], (int) gyro[1], (int) gyro[2]);
      |                 ^~~~~~~
../Core/Src/main.c:519:17: note: include '<stdio.h>' or provide a declaration of 'sprintf'
make: *** [Core/Src/subdir.mk:52: Core/Src/main.o] Error 1
"make -j7 all" terminated with exit code 2. Build might be incomplete.
15:34:30 **** Incremental Build of configuration Debug for project DrivingGame ****
make -j7 all 
arm-none-eabi-gcc "../Core/Src/main.c" -mcpu=cortex-m4 -std=gnu11 -g3 -DDEBUG -DUSE_HAL_DRIVER -DSTM32L4S5xx -c -I../Core/Inc -I../Drivers/STM32L4xx_HAL_Driver/Inc -I../Drivers/STM32L4xx_HAL_Driver/Inc/Legacy -I../Drivers/CMSIS/Device/ST/STM32L4xx/Include -I../Drivers/CMSIS/Include -I../Middlewares/Third_Party/FreeRTOS/Source/include -I../Middlewares/Third_Party/FreeRTOS/Source/CMSIS_RTOS -I../Middlewares/Third_Party/FreeRTOS/Source/portable/GCC/ARM_CM4F -O0 -ffunction-sections -fdata-sections -Wall -fstack-usage -fcyclomatic-complexity -MMD -MP -MF"Core/Src/main.d" -MT"Core/Src/main.o" --specs=nano.specs -mfpu=fpv4-sp-d16 -mfloat-abi=hard -mthumb -o "Core/Src/main.o"
../Core/Src/main.c: In function 'ReadSensorTask':
../Core/Src/main.c:497:33: warning: passing argument 1 of 'BSP_GYRO_GetXYZ' from incompatible pointer type [-Wincompatible-pointer-types]
  497 |                 BSP_GYRO_GetXYZ(&gyro);
      |                                 ^~~~~
      |                                 |
      |                                 float (*)[3]
In file included from ../Core/Src/main.c:27:
../Core/Inc/stm32l4s5i_iot01_gyro.h:66:29: note: expected 'float *' but argument is of type 'float (*)[3]'
   66 | void BSP_GYRO_GetXYZ(float* pfData);
      |                      ~~~~~~~^~~~~~
../Core/Src/main.c: In function 'DisplayDataTask':
../Core/Src/main.c:518:17: warning: implicit declaration of function 'sprintf' [-Wimplicit-function-declaration]
  518 |                 sprintf(result, "\n\rGyro: %.2d, %.2d, %.2d", (int) gyro[0], (int) gyro[1], (int) gyro[2]);
      |                 ^~~~~~~
../Core/Src/main.c:30:1: note: include '<stdio.h>' or provide a declaration of 'sprintf'
   29 | #include "arm_math.h"
  +++ |+#include <stdio.h>
   30 | #define  ARM_MATH_CM4
../Core/Src/main.c:518:17: warning: incompatible implicit declaration of built-in function 'sprintf' [-Wbuiltin-declaration-mismatch]
  518 |                 sprintf(result, "\n\rGyro: %.2d, %.2d, %.2d", (int) gyro[0], (int) gyro[1], (int) gyro[2]);
      |                 ^~~~~~~
../Core/Src/main.c:518:17: note: include '<stdio.h>' or provide a declaration of 'sprintf'
arm-none-eabi-gcc -o "DrivingGame.elf" @"objects.list"  -larm_cortexM4lf_math -mcpu=cortex-m4 -T"/Users/jewoolee/STM32CubeIDE/workspace_1.16.0/DrivingGame/STM32L4S5VITX_FLASH.ld" --specs=nosys.specs -Wl,-Map="DrivingGame.map" -Wl,--gc-sections -static -L"/Users/jewoolee/STM32CubeIDE/workspace_1.16.0/DrivingGame/Core/Lib" --specs=nano.specs -mfpu=fpv4-sp-d16 -mfloat-abi=hard -mthumb -Wl,--start-group -lc -lm -Wl,--end-group
Finished building target: DrivingGame.elf
 
arm-none-eabi-size  DrivingGame.elf 
arm-none-eabi-objdump -h -S DrivingGame.elf  > "DrivingGame.list"
   text	   data	    bss	    dec	    hex	filename
  40612	    152	   6536	  47300	   b8c4	DrivingGame.elf
Finished building: default.size.stdout
 
Finished building: DrivingGame.list
 
15:34:49 **** Incremental Build of configuration Debug for project DrivingGame ****
make -j7 all 
arm-none-eabi-size  DrivingGame.elf 
   text	   data	    bss	    dec	    hex	filename
  40612	    152	   6536	  47300	   b8c4	DrivingGame.elf
Finished building: default.size.stdout
 
15:35:39 **** Incremental Build of configuration Debug for project DrivingGame ****
make -j7 all 
arm-none-eabi-size  DrivingGame.elf 
   text	   data	    bss	    dec	    hex	filename
  40612	    152	   6536	  47300	   b8c4	DrivingGame.elf
Finished building: default.size.stdout
 
15:35:58 **** Incremental Build of configuration Debug for project DrivingGame ****
make -j7 all 
arm-none-eabi-size  DrivingGame.elf 
   text	   data	    bss	    dec	    hex	filename
  40612	    152	   6536	  47300	   b8c4	DrivingGame.elf
Finished building: default.size.stdout
 
