19:56:35 **** Incremental Build of configuration Debug for project Lab3 ****
make -j7 all 
arm-none-eabi-size  Lab3.elf 
   text	   data	    bss	    dec	    hex	filename
  22952	     12	   2060	  25024	   61c0	Lab3.elf
Finished building: default.size.stdout
 
19:57:18 **** Incremental Build of configuration Debug for project Lab3 ****
make -j7 all 
arm-none-eabi-size  Lab3.elf 
   text	   data	    bss	    dec	    hex	filename
  22952	     12	   2060	  25024	   61c0	Lab3.elf
Finished building: default.size.stdout
 
19:59:19 **** Incremental Build of configuration Debug for project Lab3 ****
make -j7 all 
arm-none-eabi-gcc "../Core/Src/main.c" -mcpu=cortex-m4 -std=gnu11 -g3 -DDEBUG -DUSE_HAL_DRIVER -DSTM32L4S5xx -c -I../Core/Inc -I../Drivers/STM32L4xx_HAL_Driver/Inc -I../Drivers/STM32L4xx_HAL_Driver/Inc/Legacy -I../Drivers/CMSIS/Device/ST/STM32L4xx/Include -I../Drivers/CMSIS/Include -O0 -ffunction-sections -fdata-sections -Wall -fstack-usage -fcyclomatic-complexity -MMD -MP -MF"Core/Src/main.d" -MT"Core/Src/main.o" --specs=nano.specs -mfpu=fpv4-sp-d16 -mfloat-abi=hard -mthumb -o "Core/Src/main.o"
../Core/Src/main.c: In function 'main':
../Core/Src/main.c:126:3: warning: implicit declaration of function 'generate_waveforms' [-Wimplicit-function-declaration]
  126 |   generate_waveforms();
      |   ^~~~~~~~~~~~~~~~~~
../Core/Src/main.c:121:7: warning: unused variable 'i' [-Wunused-variable]
  121 |   int i=0;
      |       ^
../Core/Src/main.c: In function 'triangleGraph':
../Core/Src/main.c:442:13: warning: variable 'triangleWave' set but not used [-Wunused-but-set-variable]
  442 |         int triangleWave[15];
      |             ^~~~~~~~~~~~
../Core/Src/main.c: In function 'sawtoothGraph':
../Core/Src/main.c:451:13: warning: variable 'sawtoothWave' set but not used [-Wunused-but-set-variable]
  451 |         int sawtoothWave[15];
      |             ^~~~~~~~~~~~
../Core/Src/main.c: At top level:
../Core/Src/main.c:460:6: warning: conflicting types for 'generate_waveforms'; have 'void(void)'
  460 | void generate_waveforms(void) {
      |      ^~~~~~~~~~~~~~~~~~
../Core/Src/main.c:126:3: note: previous implicit declaration of 'generate_waveforms' with type 'void(void)'
  126 |   generate_waveforms();
      |   ^~~~~~~~~~~~~~~~~~
arm-none-eabi-gcc -o "Lab3.elf" @"objects.list"  -larm_cortexM4lf_math -mcpu=cortex-m4 -T"/Users/jewoolee/STM32CubeIDE/workspace_1.16.0/Lab3/STM32L4S5VITX_FLASH.ld" --specs=nosys.specs -Wl,-Map="Lab3.map" -Wl,--gc-sections -static -L"/Users/jewoolee/STM32CubeIDE/workspace_1.16.0/Lab3/Core/Lib" --specs=nano.specs -mfpu=fpv4-sp-d16 -mfloat-abi=hard -mthumb -Wl,--start-group -lc -lm -Wl,--end-group
Finished building target: Lab3.elf
 
arm-none-eabi-size  Lab3.elf 
arm-none-eabi-objdump -h -S Lab3.elf  > "Lab3.list"
   text	   data	    bss	    dec	    hex	filename
  22976	     12	   2060	  25048	   61d8	Lab3.elf
Finished building: default.size.stdout
 
Finished building: Lab3.list
 
20:00:01 **** Incremental Build of configuration Debug for project Lab3 ****
make -j7 all 
arm-none-eabi-gcc "../Core/Src/main.c" -mcpu=cortex-m4 -std=gnu11 -g3 -DDEBUG -DUSE_HAL_DRIVER -DSTM32L4S5xx -c -I../Core/Inc -I../Drivers/STM32L4xx_HAL_Driver/Inc -I../Drivers/STM32L4xx_HAL_Driver/Inc/Legacy -I../Drivers/CMSIS/Device/ST/STM32L4xx/Include -I../Drivers/CMSIS/Include -O0 -ffunction-sections -fdata-sections -Wall -fstack-usage -fcyclomatic-complexity -MMD -MP -MF"Core/Src/main.d" -MT"Core/Src/main.o" --specs=nano.specs -mfpu=fpv4-sp-d16 -mfloat-abi=hard -mthumb -o "Core/Src/main.o"
../Core/Src/main.c: In function 'main':
../Core/Src/main.c:126:3: warning: implicit declaration of function 'generate_waveforms' [-Wimplicit-function-declaration]
  126 |   generate_waveforms();
      |   ^~~~~~~~~~~~~~~~~~
../Core/Src/main.c:121:7: warning: unused variable 'i' [-Wunused-variable]
  121 |   int i=0;
      |       ^
../Core/Src/main.c: In function 'triangleGraph':
../Core/Src/main.c:442:13: warning: variable 'triangleWave' set but not used [-Wunused-but-set-variable]
  442 |         int triangleWave[15];
      |             ^~~~~~~~~~~~
../Core/Src/main.c: In function 'sawtoothGraph':
../Core/Src/main.c:451:13: warning: variable 'sawtoothWave' set but not used [-Wunused-but-set-variable]
  451 |         int sawtoothWave[15];
      |             ^~~~~~~~~~~~
../Core/Src/main.c: At top level:
../Core/Src/main.c:460:6: warning: conflicting types for 'generate_waveforms'; have 'void(void)'
  460 | void generate_waveforms(void) {
      |      ^~~~~~~~~~~~~~~~~~
../Core/Src/main.c:126:3: note: previous implicit declaration of 'generate_waveforms' with type 'void(void)'
  126 |   generate_waveforms();
      |   ^~~~~~~~~~~~~~~~~~
arm-none-eabi-gcc -o "Lab3.elf" @"objects.list"  -larm_cortexM4lf_math -mcpu=cortex-m4 -T"/Users/jewoolee/STM32CubeIDE/workspace_1.16.0/Lab3/STM32L4S5VITX_FLASH.ld" --specs=nosys.specs -Wl,-Map="Lab3.map" -Wl,--gc-sections -static -L"/Users/jewoolee/STM32CubeIDE/workspace_1.16.0/Lab3/Core/Lib" --specs=nano.specs -mfpu=fpv4-sp-d16 -mfloat-abi=hard -mthumb -Wl,--start-group -lc -lm -Wl,--end-group
Finished building target: Lab3.elf
 
arm-none-eabi-size  Lab3.elf 
arm-none-eabi-objdump -h -S Lab3.elf  > "Lab3.list"
   text	   data	    bss	    dec	    hex	filename
  22976	     12	   2060	  25048	   61d8	Lab3.elf
Finished building: default.size.stdout
 
Finished building: Lab3.list
 
20:03:12 **** Incremental Build of configuration Debug for project Lab3 ****
make -j7 all 
arm-none-eabi-gcc "../Core/Src/main.c" -mcpu=cortex-m4 -std=gnu11 -g3 -DDEBUG -DUSE_HAL_DRIVER -DSTM32L4S5xx -c -I../Core/Inc -I../Drivers/STM32L4xx_HAL_Driver/Inc -I../Drivers/STM32L4xx_HAL_Driver/Inc/Legacy -I../Drivers/CMSIS/Device/ST/STM32L4xx/Include -I../Drivers/CMSIS/Include -O0 -ffunction-sections -fdata-sections -Wall -fstack-usage -fcyclomatic-complexity -MMD -MP -MF"Core/Src/main.d" -MT"Core/Src/main.o" --specs=nano.specs -mfpu=fpv4-sp-d16 -mfloat-abi=hard -mthumb -o "Core/Src/main.o"
../Core/Src/main.c: In function 'main':
../Core/Src/main.c:126:3: warning: implicit declaration of function 'generate_waveforms' [-Wimplicit-function-declaration]
  126 |   generate_waveforms();
      |   ^~~~~~~~~~~~~~~~~~
../Core/Src/main.c:121:7: warning: unused variable 'i' [-Wunused-variable]
  121 |   int i=0;
      |       ^
../Core/Src/main.c: In function 'triangleGraph':
../Core/Src/main.c:442:13: warning: variable 'triangleWave' set but not used [-Wunused-but-set-variable]
  442 |         int triangleWave[15];
      |             ^~~~~~~~~~~~
../Core/Src/main.c: In function 'sawtoothGraph':
../Core/Src/main.c:451:13: warning: variable 'sawtoothWave' set but not used [-Wunused-but-set-variable]
  451 |         int sawtoothWave[15];
      |             ^~~~~~~~~~~~
../Core/Src/main.c: At top level:
../Core/Src/main.c:460:6: warning: conflicting types for 'generate_waveforms'; have 'void(void)'
  460 | void generate_waveforms(void) {
      |      ^~~~~~~~~~~~~~~~~~
../Core/Src/main.c:126:3: note: previous implicit declaration of 'generate_waveforms' with type 'void(void)'
  126 |   generate_waveforms();
      |   ^~~~~~~~~~~~~~~~~~
arm-none-eabi-gcc -o "Lab3.elf" @"objects.list"  -larm_cortexM4lf_math -mcpu=cortex-m4 -T"/Users/jewoolee/STM32CubeIDE/workspace_1.16.0/Lab3/STM32L4S5VITX_FLASH.ld" --specs=nosys.specs -Wl,-Map="Lab3.map" -Wl,--gc-sections -static -L"/Users/jewoolee/STM32CubeIDE/workspace_1.16.0/Lab3/Core/Lib" --specs=nano.specs -mfpu=fpv4-sp-d16 -mfloat-abi=hard -mthumb -Wl,--start-group -lc -lm -Wl,--end-group
Finished building target: Lab3.elf
 
arm-none-eabi-size  Lab3.elf 
arm-none-eabi-objdump -h -S Lab3.elf  > "Lab3.list"
   text	   data	    bss	    dec	    hex	filename
  22976	     12	   2060	  25048	   61d8	Lab3.elf
Finished building: default.size.stdout
 
Finished building: Lab3.list
 
20:04:53 **** Incremental Build of configuration Debug for project Lab3 ****
make -j7 all 
arm-none-eabi-size  Lab3.elf 
   text	   data	    bss	    dec	    hex	filename
  22976	     12	   2060	  25048	   61d8	Lab3.elf
Finished building: default.size.stdout
 
