16:40:54 **** Incremental Build of configuration Debug for project Lab4 ****
make -j7 all 
arm-none-eabi-gcc "../Core/Src/main.c" -mcpu=cortex-m4 -std=gnu11 -g3 -DDEBUG -DUSE_HAL_DRIVER -DSTM32L475xx -c -I../Core/Inc -I"/Users/jewoolee/STM32CubeIDE/workspace_1.16.0/Lab4/Drivers/Components" -I"/Users/jewoolee/STM32CubeIDE/workspace_1.16.0/Lab4/Drivers/Components/Common" -I"/Users/jewoolee/STM32CubeIDE/workspace_1.16.0/Lab4/Drivers/Components/lsm6dsl" -I../Drivers/STM32L4xx_HAL_Driver/Inc -I../Drivers/STM32L4xx_HAL_Driver/Inc/Legacy -I../Middlewares/Third_Party/FreeRTOS/Source/include -I../Middlewares/Third_Party/FreeRTOS/Source/CMSIS_RTOS -I../Middlewares/Third_Party/FreeRTOS/Source/portable/GCC/ARM_CM4F -I../Drivers/CMSIS/Device/ST/STM32L4xx/Include -I../Drivers/CMSIS/Include -O0 -ffunction-sections -fdata-sections -Wall -fstack-usage -fcyclomatic-complexity -MMD -MP -MF"Core/Src/main.d" -MT"Core/Src/main.o" --specs=nano.specs -mfpu=fpv4-sp-d16 -mfloat-abi=hard -mthumb -o "Core/Src/main.o"
arm-none-eabi-gcc -o "Lab4.elf" @"objects.list"  -larm_cortexM4lf_math -mcpu=cortex-m4 -T"/Users/jewoolee/STM32CubeIDE/workspace_1.16.0/Lab4/STM32L475VGTX_FLASH.ld" --specs=nosys.specs -Wl,-Map="Lab4.map" -Wl,--gc-sections -static -L"/Users/jewoolee/STM32CubeIDE/workspace_1.16.0/Lab4/Core/Lib" -u _printf_float --specs=nano.specs -mfpu=fpv4-sp-d16 -mfloat-abi=hard -mthumb -Wl,--start-group -lc -lm -Wl,--end-group
Finished building target: Lab4.elf
 
arm-none-eabi-size  Lab4.elf 
arm-none-eabi-objdump -h -S Lab4.elf  > "Lab4.list"
   text	   data	    bss	    dec	    hex	filename
  43144	    604	   6540	  50288	   c470	Lab4.elf
Finished building: default.size.stdout
 
Finished building: Lab4.list
 
16:42:23 **** Incremental Build of configuration Debug for project Lab4 ****
make -j7 all 
arm-none-eabi-gcc "../Core/Src/main.c" -mcpu=cortex-m4 -std=gnu11 -g3 -DDEBUG -DUSE_HAL_DRIVER -DSTM32L475xx -c -I../Core/Inc -I"/Users/jewoolee/STM32CubeIDE/workspace_1.16.0/Lab4/Drivers/Components" -I"/Users/jewoolee/STM32CubeIDE/workspace_1.16.0/Lab4/Drivers/Components/Common" -I"/Users/jewoolee/STM32CubeIDE/workspace_1.16.0/Lab4/Drivers/Components/lsm6dsl" -I../Drivers/STM32L4xx_HAL_Driver/Inc -I../Drivers/STM32L4xx_HAL_Driver/Inc/Legacy -I../Middlewares/Third_Party/FreeRTOS/Source/include -I../Middlewares/Third_Party/FreeRTOS/Source/CMSIS_RTOS -I../Middlewares/Third_Party/FreeRTOS/Source/portable/GCC/ARM_CM4F -I../Drivers/CMSIS/Device/ST/STM32L4xx/Include -I../Drivers/CMSIS/Include -O0 -ffunction-sections -fdata-sections -Wall -fstack-usage -fcyclomatic-complexity -MMD -MP -MF"Core/Src/main.d" -MT"Core/Src/main.o" --specs=nano.specs -mfpu=fpv4-sp-d16 -mfloat-abi=hard -mthumb -o "Core/Src/main.o"
arm-none-eabi-gcc -o "Lab4.elf" @"objects.list"  -larm_cortexM4lf_math -mcpu=cortex-m4 -T"/Users/jewoolee/STM32CubeIDE/workspace_1.16.0/Lab4/STM32L475VGTX_FLASH.ld" --specs=nosys.specs -Wl,-Map="Lab4.map" -Wl,--gc-sections -static -L"/Users/jewoolee/STM32CubeIDE/workspace_1.16.0/Lab4/Core/Lib" -u _printf_float --specs=nano.specs -mfpu=fpv4-sp-d16 -mfloat-abi=hard -mthumb -Wl,--start-group -lc -lm -Wl,--end-group
Finished building target: Lab4.elf
 
arm-none-eabi-size  Lab4.elf 
arm-none-eabi-objdump -h -S Lab4.elf  > "Lab4.list"
   text	   data	    bss	    dec	    hex	filename
  43144	    604	   6540	  50288	   c470	Lab4.elf
Finished building: default.size.stdout
 
Finished building: Lab4.list
 
13:00:33 **** Incremental Build of configuration Debug for project Lab4 ****
make -j7 all 
arm-none-eabi-size  Lab4.elf 
   text	   data	    bss	    dec	    hex	filename
  43144	    604	   6540	  50288	   c470	Lab4.elf
Finished building: default.size.stdout
 
13:01:41 **** Incremental Build of configuration Debug for project Lab4 ****
make -j7 all 
arm-none-eabi-size  Lab4.elf 
   text	   data	    bss	    dec	    hex	filename
  43144	    604	   6540	  50288	   c470	Lab4.elf
Finished building: default.size.stdout
 
13:06:13 **** Incremental Build of configuration Debug for project Lab4 ****
make -j7 all 
arm-none-eabi-gcc "../Core/Src/main.c" -mcpu=cortex-m4 -std=gnu11 -g3 -DDEBUG -DUSE_HAL_DRIVER -DSTM32L475xx -c -I../Core/Inc -I"/Users/jewoolee/STM32CubeIDE/workspace_1.16.0/Lab4/Drivers/Components" -I"/Users/jewoolee/STM32CubeIDE/workspace_1.16.0/Lab4/Drivers/Components/Common" -I"/Users/jewoolee/STM32CubeIDE/workspace_1.16.0/Lab4/Drivers/Components/lsm6dsl" -I../Drivers/STM32L4xx_HAL_Driver/Inc -I../Drivers/STM32L4xx_HAL_Driver/Inc/Legacy -I../Middlewares/Third_Party/FreeRTOS/Source/include -I../Middlewares/Third_Party/FreeRTOS/Source/CMSIS_RTOS -I../Middlewares/Third_Party/FreeRTOS/Source/portable/GCC/ARM_CM4F -I../Drivers/CMSIS/Device/ST/STM32L4xx/Include -I../Drivers/CMSIS/Include -O0 -ffunction-sections -fdata-sections -Wall -fstack-usage -fcyclomatic-complexity -MMD -MP -MF"Core/Src/main.d" -MT"Core/Src/main.o" --specs=nano.specs -mfpu=fpv4-sp-d16 -mfloat-abi=hard -mthumb -o "Core/Src/main.o"
../Core/Src/main.c: In function 'StartSensorTask':
../Core/Src/main.c:487:25: warning: passing argument 1 of 'BSP_GYRO_GetXYZ' from incompatible pointer type [-Wincompatible-pointer-types]
  487 |         BSP_GYRO_GetXYZ(&gyro);
      |                         ^~~~~
      |                         |
      |                         float (*)[3]
In file included from ../Core/Src/main.c:28:
../Core/Inc/stm32l4s5i_iot01_gyro.h:66:29: note: expected 'float *' but argument is of type 'float (*)[3]'
   66 | void BSP_GYRO_GetXYZ(float* pfData);
      |                      ~~~~~~~^~~~~~
../Core/Src/main.c:496:36: warning: passing argument 1 of 'BSP_MAGNETO_GetXYZ' from incompatible pointer type [-Wincompatible-pointer-types]
  496 |                 BSP_MAGNETO_GetXYZ(&magneto);
      |                                    ^~~~~~~~
      |                                    |
      |                                    int16_t (*)[3] {aka short int (*)[3]}
In file included from ../Core/Src/main.c:29:
../Core/Inc/stm32l4s5i_iot01_magneto.h:66:34: note: expected 'int16_t *' {aka 'short int *'} but argument is of type 'int16_t (*)[3]' {aka 'short int (*)[3]'}
   66 | void BSP_MAGNETO_GetXYZ(int16_t *pDataXYZ);
      |                         ~~~~~~~~~^~~~~~~~
arm-none-eabi-gcc -o "Lab4.elf" @"objects.list"  -larm_cortexM4lf_math -mcpu=cortex-m4 -T"/Users/jewoolee/STM32CubeIDE/workspace_1.16.0/Lab4/STM32L475VGTX_FLASH.ld" --specs=nosys.specs -Wl,-Map="Lab4.map" -Wl,--gc-sections -static -L"/Users/jewoolee/STM32CubeIDE/workspace_1.16.0/Lab4/Core/Lib" -u _printf_float --specs=nano.specs -mfpu=fpv4-sp-d16 -mfloat-abi=hard -mthumb -Wl,--start-group -lc -lm -Wl,--end-group
Finished building target: Lab4.elf
 
arm-none-eabi-size  Lab4.elf 
arm-none-eabi-objdump -h -S Lab4.elf  > "Lab4.list"
   text	   data	    bss	    dec	    hex	filename
  43144	    604	   6540	  50288	   c470	Lab4.elf
Finished building: default.size.stdout
 
Finished building: Lab4.list
 
13:06:32 **** Incremental Build of configuration Debug for project Lab4 ****
make -j7 all 
arm-none-eabi-size  Lab4.elf 
   text	   data	    bss	    dec	    hex	filename
  43144	    604	   6540	  50288	   c470	Lab4.elf
Finished building: default.size.stdout
 
13:07:29 **** Incremental Build of configuration Debug for project Lab4 ****
make -j7 all 
arm-none-eabi-size  Lab4.elf 
   text	   data	    bss	    dec	    hex	filename
  43144	    604	   6540	  50288	   c470	Lab4.elf
Finished building: default.size.stdout
 
13:11:22 **** Incremental Build of configuration Debug for project Lab4 ****
make -j7 all 
arm-none-eabi-gcc "../Middlewares/Third_Party/FreeRTOS/Source/portable/MemMang/heap_4.c" -mcpu=cortex-m4 -std=gnu11 -g3 -DDEBUG -DUSE_HAL_DRIVER -DSTM32L475xx -c -I../Core/Inc -I"/Users/jewoolee/STM32CubeIDE/workspace_1.16.0/Lab4/Drivers/Components" -I"/Users/jewoolee/STM32CubeIDE/workspace_1.16.0/Lab4/Drivers/Components/Common" -I"/Users/jewoolee/STM32CubeIDE/workspace_1.16.0/Lab4/Drivers/Components/lsm6dsl" -I../Drivers/STM32L4xx_HAL_Driver/Inc -I../Drivers/STM32L4xx_HAL_Driver/Inc/Legacy -I../Middlewares/Third_Party/FreeRTOS/Source/include -I../Middlewares/Third_Party/FreeRTOS/Source/CMSIS_RTOS -I../Middlewares/Third_Party/FreeRTOS/Source/portable/GCC/ARM_CM4F -I../Drivers/CMSIS/Device/ST/STM32L4xx/Include -I../Drivers/CMSIS/Include -O0 -ffunction-sections -fdata-sections -Wall -fstack-usage -fcyclomatic-complexity -MMD -MP -MF"Middlewares/Third_Party/FreeRTOS/Source/portable/MemMang/heap_4.d" -MT"Middlewares/Third_Party/FreeRTOS/Source/portable/MemMang/heap_4.o" --specs=nano.specs -mfpu=fpv4-sp-d16 -mfloat-abi=hard -mthumb -o "Middlewares/Third_Party/FreeRTOS/Source/portable/MemMang/heap_4.o"
arm-none-eabi-gcc "../Middlewares/Third_Party/FreeRTOS/Source/portable/GCC/ARM_CM4F/port.c" -mcpu=cortex-m4 -std=gnu11 -g3 -DDEBUG -DUSE_HAL_DRIVER -DSTM32L475xx -c -I../Core/Inc -I"/Users/jewoolee/STM32CubeIDE/workspace_1.16.0/Lab4/Drivers/Components" -I"/Users/jewoolee/STM32CubeIDE/workspace_1.16.0/Lab4/Drivers/Components/Common" -I"/Users/jewoolee/STM32CubeIDE/workspace_1.16.0/Lab4/Drivers/Components/lsm6dsl" -I../Drivers/STM32L4xx_HAL_Driver/Inc -I../Drivers/STM32L4xx_HAL_Driver/Inc/Legacy -I../Middlewares/Third_Party/FreeRTOS/Source/include -I../Middlewares/Third_Party/FreeRTOS/Source/CMSIS_RTOS -I../Middlewares/Third_Party/FreeRTOS/Source/portable/GCC/ARM_CM4F -I../Drivers/CMSIS/Device/ST/STM32L4xx/Include -I../Drivers/CMSIS/Include -O0 -ffunction-sections -fdata-sections -Wall -fstack-usage -fcyclomatic-complexity -MMD -MP -MF"Middlewares/Third_Party/FreeRTOS/Source/portable/GCC/ARM_CM4F/port.d" -MT"Middlewares/Third_Party/FreeRTOS/Source/portable/GCC/ARM_CM4F/port.o" --specs=nano.specs -mfpu=fpv4-sp-d16 -mfloat-abi=hard -mthumb -o "Middlewares/Third_Party/FreeRTOS/Source/portable/GCC/ARM_CM4F/port.o"
arm-none-eabi-gcc "../Middlewares/Third_Party/FreeRTOS/Source/CMSIS_RTOS/cmsis_os.c" -mcpu=cortex-m4 -std=gnu11 -g3 -DDEBUG -DUSE_HAL_DRIVER -DSTM32L475xx -c -I../Core/Inc -I"/Users/jewoolee/STM32CubeIDE/workspace_1.16.0/Lab4/Drivers/Components" -I"/Users/jewoolee/STM32CubeIDE/workspace_1.16.0/Lab4/Drivers/Components/Common" -I"/Users/jewoolee/STM32CubeIDE/workspace_1.16.0/Lab4/Drivers/Components/lsm6dsl" -I../Drivers/STM32L4xx_HAL_Driver/Inc -I../Drivers/STM32L4xx_HAL_Driver/Inc/Legacy -I../Middlewares/Third_Party/FreeRTOS/Source/include -I../Middlewares/Third_Party/FreeRTOS/Source/CMSIS_RTOS -I../Middlewares/Third_Party/FreeRTOS/Source/portable/GCC/ARM_CM4F -I../Drivers/CMSIS/Device/ST/STM32L4xx/Include -I../Drivers/CMSIS/Include -O0 -ffunction-sections -fdata-sections -Wall -fstack-usage -fcyclomatic-complexity -MMD -MP -MF"Middlewares/Third_Party/FreeRTOS/Source/CMSIS_RTOS/cmsis_os.d" -MT"Middlewares/Third_Party/FreeRTOS/Source/CMSIS_RTOS/cmsis_os.o" --specs=nano.specs -mfpu=fpv4-sp-d16 -mfloat-abi=hard -mthumb -o "Middlewares/Third_Party/FreeRTOS/Source/CMSIS_RTOS/cmsis_os.o"
arm-none-eabi-gcc "../Middlewares/Third_Party/FreeRTOS/Source/croutine.c" -mcpu=cortex-m4 -std=gnu11 -g3 -DDEBUG -DUSE_HAL_DRIVER -DSTM32L475xx -c -I../Core/Inc -I"/Users/jewoolee/STM32CubeIDE/workspace_1.16.0/Lab4/Drivers/Components" -I"/Users/jewoolee/STM32CubeIDE/workspace_1.16.0/Lab4/Drivers/Components/Common" -I"/Users/jewoolee/STM32CubeIDE/workspace_1.16.0/Lab4/Drivers/Components/lsm6dsl" -I../Drivers/STM32L4xx_HAL_Driver/Inc -I../Drivers/STM32L4xx_HAL_Driver/Inc/Legacy -I../Middlewares/Third_Party/FreeRTOS/Source/include -I../Middlewares/Third_Party/FreeRTOS/Source/CMSIS_RTOS -I../Middlewares/Third_Party/FreeRTOS/Source/portable/GCC/ARM_CM4F -I../Drivers/CMSIS/Device/ST/STM32L4xx/Include -I../Drivers/CMSIS/Include -O0 -ffunction-sections -fdata-sections -Wall -fstack-usage -fcyclomatic-complexity -MMD -MP -MF"Middlewares/Third_Party/FreeRTOS/Source/croutine.d" -MT"Middlewares/Third_Party/FreeRTOS/Source/croutine.o" --specs=nano.specs -mfpu=fpv4-sp-d16 -mfloat-abi=hard -mthumb -o "Middlewares/Third_Party/FreeRTOS/Source/croutine.o"
arm-none-eabi-gcc "../Middlewares/Third_Party/FreeRTOS/Source/event_groups.c" -mcpu=cortex-m4 -std=gnu11 -g3 -DDEBUG -DUSE_HAL_DRIVER -DSTM32L475xx -c -I../Core/Inc -I"/Users/jewoolee/STM32CubeIDE/workspace_1.16.0/Lab4/Drivers/Components" -I"/Users/jewoolee/STM32CubeIDE/workspace_1.16.0/Lab4/Drivers/Components/Common" -I"/Users/jewoolee/STM32CubeIDE/workspace_1.16.0/Lab4/Drivers/Components/lsm6dsl" -I../Drivers/STM32L4xx_HAL_Driver/Inc -I../Drivers/STM32L4xx_HAL_Driver/Inc/Legacy -I../Middlewares/Third_Party/FreeRTOS/Source/include -I../Middlewares/Third_Party/FreeRTOS/Source/CMSIS_RTOS -I../Middlewares/Third_Party/FreeRTOS/Source/portable/GCC/ARM_CM4F -I../Drivers/CMSIS/Device/ST/STM32L4xx/Include -I../Drivers/CMSIS/Include -O0 -ffunction-sections -fdata-sections -Wall -fstack-usage -fcyclomatic-complexity -MMD -MP -MF"Middlewares/Third_Party/FreeRTOS/Source/event_groups.d" -MT"Middlewares/Third_Party/FreeRTOS/Source/event_groups.o" --specs=nano.specs -mfpu=fpv4-sp-d16 -mfloat-abi=hard -mthumb -o "Middlewares/Third_Party/FreeRTOS/Source/event_groups.o"
arm-none-eabi-gcc "../Middlewares/Third_Party/FreeRTOS/Source/list.c" -mcpu=cortex-m4 -std=gnu11 -g3 -DDEBUG -DUSE_HAL_DRIVER -DSTM32L475xx -c -I../Core/Inc -I"/Users/jewoolee/STM32CubeIDE/workspace_1.16.0/Lab4/Drivers/Components" -I"/Users/jewoolee/STM32CubeIDE/workspace_1.16.0/Lab4/Drivers/Components/Common" -I"/Users/jewoolee/STM32CubeIDE/workspace_1.16.0/Lab4/Drivers/Components/lsm6dsl" -I../Drivers/STM32L4xx_HAL_Driver/Inc -I../Drivers/STM32L4xx_HAL_Driver/Inc/Legacy -I../Middlewares/Third_Party/FreeRTOS/Source/include -I../Middlewares/Third_Party/FreeRTOS/Source/CMSIS_RTOS -I../Middlewares/Third_Party/FreeRTOS/Source/portable/GCC/ARM_CM4F -I../Drivers/CMSIS/Device/ST/STM32L4xx/Include -I../Drivers/CMSIS/Include -O0 -ffunction-sections -fdata-sections -Wall -fstack-usage -fcyclomatic-complexity -MMD -MP -MF"Middlewares/Third_Party/FreeRTOS/Source/list.d" -MT"Middlewares/Third_Party/FreeRTOS/Source/list.o" --specs=nano.specs -mfpu=fpv4-sp-d16 -mfloat-abi=hard -mthumb -o "Middlewares/Third_Party/FreeRTOS/Source/list.o"
arm-none-eabi-gcc "../Middlewares/Third_Party/FreeRTOS/Source/queue.c" -mcpu=cortex-m4 -std=gnu11 -g3 -DDEBUG -DUSE_HAL_DRIVER -DSTM32L475xx -c -I../Core/Inc -I"/Users/jewoolee/STM32CubeIDE/workspace_1.16.0/Lab4/Drivers/Components" -I"/Users/jewoolee/STM32CubeIDE/workspace_1.16.0/Lab4/Drivers/Components/Common" -I"/Users/jewoolee/STM32CubeIDE/workspace_1.16.0/Lab4/Drivers/Components/lsm6dsl" -I../Drivers/STM32L4xx_HAL_Driver/Inc -I../Drivers/STM32L4xx_HAL_Driver/Inc/Legacy -I../Middlewares/Third_Party/FreeRTOS/Source/include -I../Middlewares/Third_Party/FreeRTOS/Source/CMSIS_RTOS -I../Middlewares/Third_Party/FreeRTOS/Source/portable/GCC/ARM_CM4F -I../Drivers/CMSIS/Device/ST/STM32L4xx/Include -I../Drivers/CMSIS/Include -O0 -ffunction-sections -fdata-sections -Wall -fstack-usage -fcyclomatic-complexity -MMD -MP -MF"Middlewares/Third_Party/FreeRTOS/Source/queue.d" -MT"Middlewares/Third_Party/FreeRTOS/Source/queue.o" --specs=nano.specs -mfpu=fpv4-sp-d16 -mfloat-abi=hard -mthumb -o "Middlewares/Third_Party/FreeRTOS/Source/queue.o"
arm-none-eabi-gcc "../Middlewares/Third_Party/FreeRTOS/Source/stream_buffer.c" -mcpu=cortex-m4 -std=gnu11 -g3 -DDEBUG -DUSE_HAL_DRIVER -DSTM32L475xx -c -I../Core/Inc -I"/Users/jewoolee/STM32CubeIDE/workspace_1.16.0/Lab4/Drivers/Components" -I"/Users/jewoolee/STM32CubeIDE/workspace_1.16.0/Lab4/Drivers/Components/Common" -I"/Users/jewoolee/STM32CubeIDE/workspace_1.16.0/Lab4/Drivers/Components/lsm6dsl" -I../Drivers/STM32L4xx_HAL_Driver/Inc -I../Drivers/STM32L4xx_HAL_Driver/Inc/Legacy -I../Middlewares/Third_Party/FreeRTOS/Source/include -I../Middlewares/Third_Party/FreeRTOS/Source/CMSIS_RTOS -I../Middlewares/Third_Party/FreeRTOS/Source/portable/GCC/ARM_CM4F -I../Drivers/CMSIS/Device/ST/STM32L4xx/Include -I../Drivers/CMSIS/Include -O0 -ffunction-sections -fdata-sections -Wall -fstack-usage -fcyclomatic-complexity -MMD -MP -MF"Middlewares/Third_Party/FreeRTOS/Source/stream_buffer.d" -MT"Middlewares/Third_Party/FreeRTOS/Source/stream_buffer.o" --specs=nano.specs -mfpu=fpv4-sp-d16 -mfloat-abi=hard -mthumb -o "Middlewares/Third_Party/FreeRTOS/Source/stream_buffer.o"
arm-none-eabi-gcc "../Middlewares/Third_Party/FreeRTOS/Source/tasks.c" -mcpu=cortex-m4 -std=gnu11 -g3 -DDEBUG -DUSE_HAL_DRIVER -DSTM32L475xx -c -I../Core/Inc -I"/Users/jewoolee/STM32CubeIDE/workspace_1.16.0/Lab4/Drivers/Components" -I"/Users/jewoolee/STM32CubeIDE/workspace_1.16.0/Lab4/Drivers/Components/Common" -I"/Users/jewoolee/STM32CubeIDE/workspace_1.16.0/Lab4/Drivers/Components/lsm6dsl" -I../Drivers/STM32L4xx_HAL_Driver/Inc -I../Drivers/STM32L4xx_HAL_Driver/Inc/Legacy -I../Middlewares/Third_Party/FreeRTOS/Source/include -I../Middlewares/Third_Party/FreeRTOS/Source/CMSIS_RTOS -I../Middlewares/Third_Party/FreeRTOS/Source/portable/GCC/ARM_CM4F -I../Drivers/CMSIS/Device/ST/STM32L4xx/Include -I../Drivers/CMSIS/Include -O0 -ffunction-sections -fdata-sections -Wall -fstack-usage -fcyclomatic-complexity -MMD -MP -MF"Middlewares/Third_Party/FreeRTOS/Source/tasks.d" -MT"Middlewares/Third_Party/FreeRTOS/Source/tasks.o" --specs=nano.specs -mfpu=fpv4-sp-d16 -mfloat-abi=hard -mthumb -o "Middlewares/Third_Party/FreeRTOS/Source/tasks.o"
arm-none-eabi-gcc "../Middlewares/Third_Party/FreeRTOS/Source/timers.c" -mcpu=cortex-m4 -std=gnu11 -g3 -DDEBUG -DUSE_HAL_DRIVER -DSTM32L475xx -c -I../Core/Inc -I"/Users/jewoolee/STM32CubeIDE/workspace_1.16.0/Lab4/Drivers/Components" -I"/Users/jewoolee/STM32CubeIDE/workspace_1.16.0/Lab4/Drivers/Components/Common" -I"/Users/jewoolee/STM32CubeIDE/workspace_1.16.0/Lab4/Drivers/Components/lsm6dsl" -I../Drivers/STM32L4xx_HAL_Driver/Inc -I../Drivers/STM32L4xx_HAL_Driver/Inc/Legacy -I../Middlewares/Third_Party/FreeRTOS/Source/include -I../Middlewares/Third_Party/FreeRTOS/Source/CMSIS_RTOS -I../Middlewares/Third_Party/FreeRTOS/Source/portable/GCC/ARM_CM4F -I../Drivers/CMSIS/Device/ST/STM32L4xx/Include -I../Drivers/CMSIS/Include -O0 -ffunction-sections -fdata-sections -Wall -fstack-usage -fcyclomatic-complexity -MMD -MP -MF"Middlewares/Third_Party/FreeRTOS/Source/timers.d" -MT"Middlewares/Third_Party/FreeRTOS/Source/timers.o" --specs=nano.specs -mfpu=fpv4-sp-d16 -mfloat-abi=hard -mthumb -o "Middlewares/Third_Party/FreeRTOS/Source/timers.o"
arm-none-eabi-gcc "../Drivers/STM32L4xx_HAL_Driver/Src/stm32l4xx_hal.c" -mcpu=cortex-m4 -std=gnu11 -g3 -DDEBUG -DUSE_HAL_DRIVER -DSTM32L475xx -c -I../Core/Inc -I"/Users/jewoolee/STM32CubeIDE/workspace_1.16.0/Lab4/Drivers/Components" -I"/Users/jewoolee/STM32CubeIDE/workspace_1.16.0/Lab4/Drivers/Components/Common" -I"/Users/jewoolee/STM32CubeIDE/workspace_1.16.0/Lab4/Drivers/Components/lsm6dsl" -I../Drivers/STM32L4xx_HAL_Driver/Inc -I../Drivers/STM32L4xx_HAL_Driver/Inc/Legacy -I../Middlewares/Third_Party/FreeRTOS/Source/include -I../Middlewares/Third_Party/FreeRTOS/Source/CMSIS_RTOS -I../Middlewares/Third_Party/FreeRTOS/Source/portable/GCC/ARM_CM4F -I../Drivers/CMSIS/Device/ST/STM32L4xx/Include -I../Drivers/CMSIS/Include -O0 -ffunction-sections -fdata-sections -Wall -fstack-usage -fcyclomatic-complexity -MMD -MP -MF"Drivers/STM32L4xx_HAL_Driver/Src/stm32l4xx_hal.d" -MT"Drivers/STM32L4xx_HAL_Driver/Src/stm32l4xx_hal.o" --specs=nano.specs -mfpu=fpv4-sp-d16 -mfloat-abi=hard -mthumb -o "Drivers/STM32L4xx_HAL_Driver/Src/stm32l4xx_hal.o"
arm-none-eabi-gcc "../Drivers/STM32L4xx_HAL_Driver/Src/stm32l4xx_hal_cortex.c" -mcpu=cortex-m4 -std=gnu11 -g3 -DDEBUG -DUSE_HAL_DRIVER -DSTM32L475xx -c -I../Core/Inc -I"/Users/jewoolee/STM32CubeIDE/workspace_1.16.0/Lab4/Drivers/Components" -I"/Users/jewoolee/STM32CubeIDE/workspace_1.16.0/Lab4/Drivers/Components/Common" -I"/Users/jewoolee/STM32CubeIDE/workspace_1.16.0/Lab4/Drivers/Components/lsm6dsl" -I../Drivers/STM32L4xx_HAL_Driver/Inc -I../Drivers/STM32L4xx_HAL_Driver/Inc/Legacy -I../Middlewares/Third_Party/FreeRTOS/Source/include -I../Middlewares/Third_Party/FreeRTOS/Source/CMSIS_RTOS -I../Middlewares/Third_Party/FreeRTOS/Source/portable/GCC/ARM_CM4F -I../Drivers/CMSIS/Device/ST/STM32L4xx/Include -I../Drivers/CMSIS/Include -O0 -ffunction-sections -fdata-sections -Wall -fstack-usage -fcyclomatic-complexity -MMD -MP -MF"Drivers/STM32L4xx_HAL_Driver/Src/stm32l4xx_hal_cortex.d" -MT"Drivers/STM32L4xx_HAL_Driver/Src/stm32l4xx_hal_cortex.o" --specs=nano.specs -mfpu=fpv4-sp-d16 -mfloat-abi=hard -mthumb -o "Drivers/STM32L4xx_HAL_Driver/Src/stm32l4xx_hal_cortex.o"
arm-none-eabi-gcc "../Drivers/STM32L4xx_HAL_Driver/Src/stm32l4xx_hal_dma.c" -mcpu=cortex-m4 -std=gnu11 -g3 -DDEBUG -DUSE_HAL_DRIVER -DSTM32L475xx -c -I../Core/Inc -I"/Users/jewoolee/STM32CubeIDE/workspace_1.16.0/Lab4/Drivers/Components" -I"/Users/jewoolee/STM32CubeIDE/workspace_1.16.0/Lab4/Drivers/Components/Common" -I"/Users/jewoolee/STM32CubeIDE/workspace_1.16.0/Lab4/Drivers/Components/lsm6dsl" -I../Drivers/STM32L4xx_HAL_Driver/Inc -I../Drivers/STM32L4xx_HAL_Driver/Inc/Legacy -I../Middlewares/Third_Party/FreeRTOS/Source/include -I../Middlewares/Third_Party/FreeRTOS/Source/CMSIS_RTOS -I../Middlewares/Third_Party/FreeRTOS/Source/portable/GCC/ARM_CM4F -I../Drivers/CMSIS/Device/ST/STM32L4xx/Include -I../Drivers/CMSIS/Include -O0 -ffunction-sections -fdata-sections -Wall -fstack-usage -fcyclomatic-complexity -MMD -MP -MF"Drivers/STM32L4xx_HAL_Driver/Src/stm32l4xx_hal_dma.d" -MT"Drivers/STM32L4xx_HAL_Driver/Src/stm32l4xx_hal_dma.o" --specs=nano.specs -mfpu=fpv4-sp-d16 -mfloat-abi=hard -mthumb -o "Drivers/STM32L4xx_HAL_Driver/Src/stm32l4xx_hal_dma.o"
arm-none-eabi-gcc "../Drivers/STM32L4xx_HAL_Driver/Src/stm32l4xx_hal_dma_ex.c" -mcpu=cortex-m4 -std=gnu11 -g3 -DDEBUG -DUSE_HAL_DRIVER -DSTM32L475xx -c -I../Core/Inc -I"/Users/jewoolee/STM32CubeIDE/workspace_1.16.0/Lab4/Drivers/Components" -I"/Users/jewoolee/STM32CubeIDE/workspace_1.16.0/Lab4/Drivers/Components/Common" -I"/Users/jewoolee/STM32CubeIDE/workspace_1.16.0/Lab4/Drivers/Components/lsm6dsl" -I../Drivers/STM32L4xx_HAL_Driver/Inc -I../Drivers/STM32L4xx_HAL_Driver/Inc/Legacy -I../Middlewares/Third_Party/FreeRTOS/Source/include -I../Middlewares/Third_Party/FreeRTOS/Source/CMSIS_RTOS -I../Middlewares/Third_Party/FreeRTOS/Source/portable/GCC/ARM_CM4F -I../Drivers/CMSIS/Device/ST/STM32L4xx/Include -I../Drivers/CMSIS/Include -O0 -ffunction-sections -fdata-sections -Wall -fstack-usage -fcyclomatic-complexity -MMD -MP -MF"Drivers/STM32L4xx_HAL_Driver/Src/stm32l4xx_hal_dma_ex.d" -MT"Drivers/STM32L4xx_HAL_Driver/Src/stm32l4xx_hal_dma_ex.o" --specs=nano.specs -mfpu=fpv4-sp-d16 -mfloat-abi=hard -mthumb -o "Drivers/STM32L4xx_HAL_Driver/Src/stm32l4xx_hal_dma_ex.o"
arm-none-eabi-gcc "../Drivers/STM32L4xx_HAL_Driver/Src/stm32l4xx_hal_exti.c" -mcpu=cortex-m4 -std=gnu11 -g3 -DDEBUG -DUSE_HAL_DRIVER -DSTM32L475xx -c -I../Core/Inc -I"/Users/jewoolee/STM32CubeIDE/workspace_1.16.0/Lab4/Drivers/Components" -I"/Users/jewoolee/STM32CubeIDE/workspace_1.16.0/Lab4/Drivers/Components/Common" -I"/Users/jewoolee/STM32CubeIDE/workspace_1.16.0/Lab4/Drivers/Components/lsm6dsl" -I../Drivers/STM32L4xx_HAL_Driver/Inc -I../Drivers/STM32L4xx_HAL_Driver/Inc/Legacy -I../Middlewares/Third_Party/FreeRTOS/Source/include -I../Middlewares/Third_Party/FreeRTOS/Source/CMSIS_RTOS -I../Middlewares/Third_Party/FreeRTOS/Source/portable/GCC/ARM_CM4F -I../Drivers/CMSIS/Device/ST/STM32L4xx/Include -I../Drivers/CMSIS/Include -O0 -ffunction-sections -fdata-sections -Wall -fstack-usage -fcyclomatic-complexity -MMD -MP -MF"Drivers/STM32L4xx_HAL_Driver/Src/stm32l4xx_hal_exti.d" -MT"Drivers/STM32L4xx_HAL_Driver/Src/stm32l4xx_hal_exti.o" --specs=nano.specs -mfpu=fpv4-sp-d16 -mfloat-abi=hard -mthumb -o "Drivers/STM32L4xx_HAL_Driver/Src/stm32l4xx_hal_exti.o"
arm-none-eabi-gcc "../Drivers/STM32L4xx_HAL_Driver/Src/stm32l4xx_hal_flash.c" -mcpu=cortex-m4 -std=gnu11 -g3 -DDEBUG -DUSE_HAL_DRIVER -DSTM32L475xx -c -I../Core/Inc -I"/Users/jewoolee/STM32CubeIDE/workspace_1.16.0/Lab4/Drivers/Components" -I"/Users/jewoolee/STM32CubeIDE/workspace_1.16.0/Lab4/Drivers/Components/Common" -I"/Users/jewoolee/STM32CubeIDE/workspace_1.16.0/Lab4/Drivers/Components/lsm6dsl" -I../Drivers/STM32L4xx_HAL_Driver/Inc -I../Drivers/STM32L4xx_HAL_Driver/Inc/Legacy -I../Middlewares/Third_Party/FreeRTOS/Source/include -I../Middlewares/Third_Party/FreeRTOS/Source/CMSIS_RTOS -I../Middlewares/Third_Party/FreeRTOS/Source/portable/GCC/ARM_CM4F -I../Drivers/CMSIS/Device/ST/STM32L4xx/Include -I../Drivers/CMSIS/Include -O0 -ffunction-sections -fdata-sections -Wall -fstack-usage -fcyclomatic-complexity -MMD -MP -MF"Drivers/STM32L4xx_HAL_Driver/Src/stm32l4xx_hal_flash.d" -MT"Drivers/STM32L4xx_HAL_Driver/Src/stm32l4xx_hal_flash.o" --specs=nano.specs -mfpu=fpv4-sp-d16 -mfloat-abi=hard -mthumb -o "Drivers/STM32L4xx_HAL_Driver/Src/stm32l4xx_hal_flash.o"
arm-none-eabi-gcc "../Drivers/STM32L4xx_HAL_Driver/Src/stm32l4xx_hal_flash_ex.c" -mcpu=cortex-m4 -std=gnu11 -g3 -DDEBUG -DUSE_HAL_DRIVER -DSTM32L475xx -c -I../Core/Inc -I"/Users/jewoolee/STM32CubeIDE/workspace_1.16.0/Lab4/Drivers/Components" -I"/Users/jewoolee/STM32CubeIDE/workspace_1.16.0/Lab4/Drivers/Components/Common" -I"/Users/jewoolee/STM32CubeIDE/workspace_1.16.0/Lab4/Drivers/Components/lsm6dsl" -I../Drivers/STM32L4xx_HAL_Driver/Inc -I../Drivers/STM32L4xx_HAL_Driver/Inc/Legacy -I../Middlewares/Third_Party/FreeRTOS/Source/include -I../Middlewares/Third_Party/FreeRTOS/Source/CMSIS_RTOS -I../Middlewares/Third_Party/FreeRTOS/Source/portable/GCC/ARM_CM4F -I../Drivers/CMSIS/Device/ST/STM32L4xx/Include -I../Drivers/CMSIS/Include -O0 -ffunction-sections -fdata-sections -Wall -fstack-usage -fcyclomatic-complexity -MMD -MP -MF"Drivers/STM32L4xx_HAL_Driver/Src/stm32l4xx_hal_flash_ex.d" -MT"Drivers/STM32L4xx_HAL_Driver/Src/stm32l4xx_hal_flash_ex.o" --specs=nano.specs -mfpu=fpv4-sp-d16 -mfloat-abi=hard -mthumb -o "Drivers/STM32L4xx_HAL_Driver/Src/stm32l4xx_hal_flash_ex.o"
arm-none-eabi-gcc "../Drivers/STM32L4xx_HAL_Driver/Src/stm32l4xx_hal_flash_ramfunc.c" -mcpu=cortex-m4 -std=gnu11 -g3 -DDEBUG -DUSE_HAL_DRIVER -DSTM32L475xx -c -I../Core/Inc -I"/Users/jewoolee/STM32CubeIDE/workspace_1.16.0/Lab4/Drivers/Components" -I"/Users/jewoolee/STM32CubeIDE/workspace_1.16.0/Lab4/Drivers/Components/Common" -I"/Users/jewoolee/STM32CubeIDE/workspace_1.16.0/Lab4/Drivers/Components/lsm6dsl" -I../Drivers/STM32L4xx_HAL_Driver/Inc -I../Drivers/STM32L4xx_HAL_Driver/Inc/Legacy -I../Middlewares/Third_Party/FreeRTOS/Source/include -I../Middlewares/Third_Party/FreeRTOS/Source/CMSIS_RTOS -I../Middlewares/Third_Party/FreeRTOS/Source/portable/GCC/ARM_CM4F -I../Drivers/CMSIS/Device/ST/STM32L4xx/Include -I../Drivers/CMSIS/Include -O0 -ffunction-sections -fdata-sections -Wall -fstack-usage -fcyclomatic-complexity -MMD -MP -MF"Drivers/STM32L4xx_HAL_Driver/Src/stm32l4xx_hal_flash_ramfunc.d" -MT"Drivers/STM32L4xx_HAL_Driver/Src/stm32l4xx_hal_flash_ramfunc.o" --specs=nano.specs -mfpu=fpv4-sp-d16 -mfloat-abi=hard -mthumb -o "Drivers/STM32L4xx_HAL_Driver/Src/stm32l4xx_hal_flash_ramfunc.o"
arm-none-eabi-gcc "../Drivers/STM32L4xx_HAL_Driver/Src/stm32l4xx_hal_gpio.c" -mcpu=cortex-m4 -std=gnu11 -g3 -DDEBUG -DUSE_HAL_DRIVER -DSTM32L475xx -c -I../Core/Inc -I"/Users/jewoolee/STM32CubeIDE/workspace_1.16.0/Lab4/Drivers/Components" -I"/Users/jewoolee/STM32CubeIDE/workspace_1.16.0/Lab4/Drivers/Components/Common" -I"/Users/jewoolee/STM32CubeIDE/workspace_1.16.0/Lab4/Drivers/Components/lsm6dsl" -I../Drivers/STM32L4xx_HAL_Driver/Inc -I../Drivers/STM32L4xx_HAL_Driver/Inc/Legacy -I../Middlewares/Third_Party/FreeRTOS/Source/include -I../Middlewares/Third_Party/FreeRTOS/Source/CMSIS_RTOS -I../Middlewares/Third_Party/FreeRTOS/Source/portable/GCC/ARM_CM4F -I../Drivers/CMSIS/Device/ST/STM32L4xx/Include -I../Drivers/CMSIS/Include -O0 -ffunction-sections -fdata-sections -Wall -fstack-usage -fcyclomatic-complexity -MMD -MP -MF"Drivers/STM32L4xx_HAL_Driver/Src/stm32l4xx_hal_gpio.d" -MT"Drivers/STM32L4xx_HAL_Driver/Src/stm32l4xx_hal_gpio.o" --specs=nano.specs -mfpu=fpv4-sp-d16 -mfloat-abi=hard -mthumb -o "Drivers/STM32L4xx_HAL_Driver/Src/stm32l4xx_hal_gpio.o"
arm-none-eabi-gcc "../Drivers/STM32L4xx_HAL_Driver/Src/stm32l4xx_hal_i2c.c" -mcpu=cortex-m4 -std=gnu11 -g3 -DDEBUG -DUSE_HAL_DRIVER -DSTM32L475xx -c -I../Core/Inc -I"/Users/jewoolee/STM32CubeIDE/workspace_1.16.0/Lab4/Drivers/Components" -I"/Users/jewoolee/STM32CubeIDE/workspace_1.16.0/Lab4/Drivers/Components/Common" -I"/Users/jewoolee/STM32CubeIDE/workspace_1.16.0/Lab4/Drivers/Components/lsm6dsl" -I../Drivers/STM32L4xx_HAL_Driver/Inc -I../Drivers/STM32L4xx_HAL_Driver/Inc/Legacy -I../Middlewares/Third_Party/FreeRTOS/Source/include -I../Middlewares/Third_Party/FreeRTOS/Source/CMSIS_RTOS -I../Middlewares/Third_Party/FreeRTOS/Source/portable/GCC/ARM_CM4F -I../Drivers/CMSIS/Device/ST/STM32L4xx/Include -I../Drivers/CMSIS/Include -O0 -ffunction-sections -fdata-sections -Wall -fstack-usage -fcyclomatic-complexity -MMD -MP -MF"Drivers/STM32L4xx_HAL_Driver/Src/stm32l4xx_hal_i2c.d" -MT"Drivers/STM32L4xx_HAL_Driver/Src/stm32l4xx_hal_i2c.o" --specs=nano.specs -mfpu=fpv4-sp-d16 -mfloat-abi=hard -mthumb -o "Drivers/STM32L4xx_HAL_Driver/Src/stm32l4xx_hal_i2c.o"
arm-none-eabi-gcc "../Drivers/STM32L4xx_HAL_Driver/Src/stm32l4xx_hal_i2c_ex.c" -mcpu=cortex-m4 -std=gnu11 -g3 -DDEBUG -DUSE_HAL_DRIVER -DSTM32L475xx -c -I../Core/Inc -I"/Users/jewoolee/STM32CubeIDE/workspace_1.16.0/Lab4/Drivers/Components" -I"/Users/jewoolee/STM32CubeIDE/workspace_1.16.0/Lab4/Drivers/Components/Common" -I"/Users/jewoolee/STM32CubeIDE/workspace_1.16.0/Lab4/Drivers/Components/lsm6dsl" -I../Drivers/STM32L4xx_HAL_Driver/Inc -I../Drivers/STM32L4xx_HAL_Driver/Inc/Legacy -I../Middlewares/Third_Party/FreeRTOS/Source/include -I../Middlewares/Third_Party/FreeRTOS/Source/CMSIS_RTOS -I../Middlewares/Third_Party/FreeRTOS/Source/portable/GCC/ARM_CM4F -I../Drivers/CMSIS/Device/ST/STM32L4xx/Include -I../Drivers/CMSIS/Include -O0 -ffunction-sections -fdata-sections -Wall -fstack-usage -fcyclomatic-complexity -MMD -MP -MF"Drivers/STM32L4xx_HAL_Driver/Src/stm32l4xx_hal_i2c_ex.d" -MT"Drivers/STM32L4xx_HAL_Driver/Src/stm32l4xx_hal_i2c_ex.o" --specs=nano.specs -mfpu=fpv4-sp-d16 -mfloat-abi=hard -mthumb -o "Drivers/STM32L4xx_HAL_Driver/Src/stm32l4xx_hal_i2c_ex.o"
arm-none-eabi-gcc "../Drivers/STM32L4xx_HAL_Driver/Src/stm32l4xx_hal_pwr.c" -mcpu=cortex-m4 -std=gnu11 -g3 -DDEBUG -DUSE_HAL_DRIVER -DSTM32L475xx -c -I../Core/Inc -I"/Users/jewoolee/STM32CubeIDE/workspace_1.16.0/Lab4/Drivers/Components" -I"/Users/jewoolee/STM32CubeIDE/workspace_1.16.0/Lab4/Drivers/Components/Common" -I"/Users/jewoolee/STM32CubeIDE/workspace_1.16.0/Lab4/Drivers/Components/lsm6dsl" -I../Drivers/STM32L4xx_HAL_Driver/Inc -I../Drivers/STM32L4xx_HAL_Driver/Inc/Legacy -I../Middlewares/Third_Party/FreeRTOS/Source/include -I../Middlewares/Third_Party/FreeRTOS/Source/CMSIS_RTOS -I../Middlewares/Third_Party/FreeRTOS/Source/portable/GCC/ARM_CM4F -I../Drivers/CMSIS/Device/ST/STM32L4xx/Include -I../Drivers/CMSIS/Include -O0 -ffunction-sections -fdata-sections -Wall -fstack-usage -fcyclomatic-complexity -MMD -MP -MF"Drivers/STM32L4xx_HAL_Driver/Src/stm32l4xx_hal_pwr.d" -MT"Drivers/STM32L4xx_HAL_Driver/Src/stm32l4xx_hal_pwr.o" --specs=nano.specs -mfpu=fpv4-sp-d16 -mfloat-abi=hard -mthumb -o "Drivers/STM32L4xx_HAL_Driver/Src/stm32l4xx_hal_pwr.o"
arm-none-eabi-gcc "../Drivers/STM32L4xx_HAL_Driver/Src/stm32l4xx_hal_pwr_ex.c" -mcpu=cortex-m4 -std=gnu11 -g3 -DDEBUG -DUSE_HAL_DRIVER -DSTM32L475xx -c -I../Core/Inc -I"/Users/jewoolee/STM32CubeIDE/workspace_1.16.0/Lab4/Drivers/Components" -I"/Users/jewoolee/STM32CubeIDE/workspace_1.16.0/Lab4/Drivers/Components/Common" -I"/Users/jewoolee/STM32CubeIDE/workspace_1.16.0/Lab4/Drivers/Components/lsm6dsl" -I../Drivers/STM32L4xx_HAL_Driver/Inc -I../Drivers/STM32L4xx_HAL_Driver/Inc/Legacy -I../Middlewares/Third_Party/FreeRTOS/Source/include -I../Middlewares/Third_Party/FreeRTOS/Source/CMSIS_RTOS -I../Middlewares/Third_Party/FreeRTOS/Source/portable/GCC/ARM_CM4F -I../Drivers/CMSIS/Device/ST/STM32L4xx/Include -I../Drivers/CMSIS/Include -O0 -ffunction-sections -fdata-sections -Wall -fstack-usage -fcyclomatic-complexity -MMD -MP -MF"Drivers/STM32L4xx_HAL_Driver/Src/stm32l4xx_hal_pwr_ex.d" -MT"Drivers/STM32L4xx_HAL_Driver/Src/stm32l4xx_hal_pwr_ex.o" --specs=nano.specs -mfpu=fpv4-sp-d16 -mfloat-abi=hard -mthumb -o "Drivers/STM32L4xx_HAL_Driver/Src/stm32l4xx_hal_pwr_ex.o"
arm-none-eabi-gcc "../Drivers/STM32L4xx_HAL_Driver/Src/stm32l4xx_hal_rcc.c" -mcpu=cortex-m4 -std=gnu11 -g3 -DDEBUG -DUSE_HAL_DRIVER -DSTM32L475xx -c -I../Core/Inc -I"/Users/jewoolee/STM32CubeIDE/workspace_1.16.0/Lab4/Drivers/Components" -I"/Users/jewoolee/STM32CubeIDE/workspace_1.16.0/Lab4/Drivers/Components/Common" -I"/Users/jewoolee/STM32CubeIDE/workspace_1.16.0/Lab4/Drivers/Components/lsm6dsl" -I../Drivers/STM32L4xx_HAL_Driver/Inc -I../Drivers/STM32L4xx_HAL_Driver/Inc/Legacy -I../Middlewares/Third_Party/FreeRTOS/Source/include -I../Middlewares/Third_Party/FreeRTOS/Source/CMSIS_RTOS -I../Middlewares/Third_Party/FreeRTOS/Source/portable/GCC/ARM_CM4F -I../Drivers/CMSIS/Device/ST/STM32L4xx/Include -I../Drivers/CMSIS/Include -O0 -ffunction-sections -fdata-sections -Wall -fstack-usage -fcyclomatic-complexity -MMD -MP -MF"Drivers/STM32L4xx_HAL_Driver/Src/stm32l4xx_hal_rcc.d" -MT"Drivers/STM32L4xx_HAL_Driver/Src/stm32l4xx_hal_rcc.o" --specs=nano.specs -mfpu=fpv4-sp-d16 -mfloat-abi=hard -mthumb -o "Drivers/STM32L4xx_HAL_Driver/Src/stm32l4xx_hal_rcc.o"
arm-none-eabi-gcc "../Drivers/STM32L4xx_HAL_Driver/Src/stm32l4xx_hal_rcc_ex.c" -mcpu=cortex-m4 -std=gnu11 -g3 -DDEBUG -DUSE_HAL_DRIVER -DSTM32L475xx -c -I../Core/Inc -I"/Users/jewoolee/STM32CubeIDE/workspace_1.16.0/Lab4/Drivers/Components" -I"/Users/jewoolee/STM32CubeIDE/workspace_1.16.0/Lab4/Drivers/Components/Common" -I"/Users/jewoolee/STM32CubeIDE/workspace_1.16.0/Lab4/Drivers/Components/lsm6dsl" -I../Drivers/STM32L4xx_HAL_Driver/Inc -I../Drivers/STM32L4xx_HAL_Driver/Inc/Legacy -I../Middlewares/Third_Party/FreeRTOS/Source/include -I../Middlewares/Third_Party/FreeRTOS/Source/CMSIS_RTOS -I../Middlewares/Third_Party/FreeRTOS/Source/portable/GCC/ARM_CM4F -I../Drivers/CMSIS/Device/ST/STM32L4xx/Include -I../Drivers/CMSIS/Include -O0 -ffunction-sections -fdata-sections -Wall -fstack-usage -fcyclomatic-complexity -MMD -MP -MF"Drivers/STM32L4xx_HAL_Driver/Src/stm32l4xx_hal_rcc_ex.d" -MT"Drivers/STM32L4xx_HAL_Driver/Src/stm32l4xx_hal_rcc_ex.o" --specs=nano.specs -mfpu=fpv4-sp-d16 -mfloat-abi=hard -mthumb -o "Drivers/STM32L4xx_HAL_Driver/Src/stm32l4xx_hal_rcc_ex.o"
arm-none-eabi-gcc "../Drivers/STM32L4xx_HAL_Driver/Src/stm32l4xx_hal_tim.c" -mcpu=cortex-m4 -std=gnu11 -g3 -DDEBUG -DUSE_HAL_DRIVER -DSTM32L475xx -c -I../Core/Inc -I"/Users/jewoolee/STM32CubeIDE/workspace_1.16.0/Lab4/Drivers/Components" -I"/Users/jewoolee/STM32CubeIDE/workspace_1.16.0/Lab4/Drivers/Components/Common" -I"/Users/jewoolee/STM32CubeIDE/workspace_1.16.0/Lab4/Drivers/Components/lsm6dsl" -I../Drivers/STM32L4xx_HAL_Driver/Inc -I../Drivers/STM32L4xx_HAL_Driver/Inc/Legacy -I../Middlewares/Third_Party/FreeRTOS/Source/include -I../Middlewares/Third_Party/FreeRTOS/Source/CMSIS_RTOS -I../Middlewares/Third_Party/FreeRTOS/Source/portable/GCC/ARM_CM4F -I../Drivers/CMSIS/Device/ST/STM32L4xx/Include -I../Drivers/CMSIS/Include -O0 -ffunction-sections -fdata-sections -Wall -fstack-usage -fcyclomatic-complexity -MMD -MP -MF"Drivers/STM32L4xx_HAL_Driver/Src/stm32l4xx_hal_tim.d" -MT"Drivers/STM32L4xx_HAL_Driver/Src/stm32l4xx_hal_tim.o" --specs=nano.specs -mfpu=fpv4-sp-d16 -mfloat-abi=hard -mthumb -o "Drivers/STM32L4xx_HAL_Driver/Src/stm32l4xx_hal_tim.o"
arm-none-eabi-gcc "../Drivers/STM32L4xx_HAL_Driver/Src/stm32l4xx_hal_tim_ex.c" -mcpu=cortex-m4 -std=gnu11 -g3 -DDEBUG -DUSE_HAL_DRIVER -DSTM32L475xx -c -I../Core/Inc -I"/Users/jewoolee/STM32CubeIDE/workspace_1.16.0/Lab4/Drivers/Components" -I"/Users/jewoolee/STM32CubeIDE/workspace_1.16.0/Lab4/Drivers/Components/Common" -I"/Users/jewoolee/STM32CubeIDE/workspace_1.16.0/Lab4/Drivers/Components/lsm6dsl" -I../Drivers/STM32L4xx_HAL_Driver/Inc -I../Drivers/STM32L4xx_HAL_Driver/Inc/Legacy -I../Middlewares/Third_Party/FreeRTOS/Source/include -I../Middlewares/Third_Party/FreeRTOS/Source/CMSIS_RTOS -I../Middlewares/Third_Party/FreeRTOS/Source/portable/GCC/ARM_CM4F -I../Drivers/CMSIS/Device/ST/STM32L4xx/Include -I../Drivers/CMSIS/Include -O0 -ffunction-sections -fdata-sections -Wall -fstack-usage -fcyclomatic-complexity -MMD -MP -MF"Drivers/STM32L4xx_HAL_Driver/Src/stm32l4xx_hal_tim_ex.d" -MT"Drivers/STM32L4xx_HAL_Driver/Src/stm32l4xx_hal_tim_ex.o" --specs=nano.specs -mfpu=fpv4-sp-d16 -mfloat-abi=hard -mthumb -o "Drivers/STM32L4xx_HAL_Driver/Src/stm32l4xx_hal_tim_ex.o"
arm-none-eabi-gcc "../Drivers/STM32L4xx_HAL_Driver/Src/stm32l4xx_hal_uart.c" -mcpu=cortex-m4 -std=gnu11 -g3 -DDEBUG -DUSE_HAL_DRIVER -DSTM32L475xx -c -I../Core/Inc -I"/Users/jewoolee/STM32CubeIDE/workspace_1.16.0/Lab4/Drivers/Components" -I"/Users/jewoolee/STM32CubeIDE/workspace_1.16.0/Lab4/Drivers/Components/Common" -I"/Users/jewoolee/STM32CubeIDE/workspace_1.16.0/Lab4/Drivers/Components/lsm6dsl" -I../Drivers/STM32L4xx_HAL_Driver/Inc -I../Drivers/STM32L4xx_HAL_Driver/Inc/Legacy -I../Middlewares/Third_Party/FreeRTOS/Source/include -I../Middlewares/Third_Party/FreeRTOS/Source/CMSIS_RTOS -I../Middlewares/Third_Party/FreeRTOS/Source/portable/GCC/ARM_CM4F -I../Drivers/CMSIS/Device/ST/STM32L4xx/Include -I../Drivers/CMSIS/Include -O0 -ffunction-sections -fdata-sections -Wall -fstack-usage -fcyclomatic-complexity -MMD -MP -MF"Drivers/STM32L4xx_HAL_Driver/Src/stm32l4xx_hal_uart.d" -MT"Drivers/STM32L4xx_HAL_Driver/Src/stm32l4xx_hal_uart.o" --specs=nano.specs -mfpu=fpv4-sp-d16 -mfloat-abi=hard -mthumb -o "Drivers/STM32L4xx_HAL_Driver/Src/stm32l4xx_hal_uart.o"
arm-none-eabi-gcc "../Drivers/STM32L4xx_HAL_Driver/Src/stm32l4xx_hal_uart_ex.c" -mcpu=cortex-m4 -std=gnu11 -g3 -DDEBUG -DUSE_HAL_DRIVER -DSTM32L475xx -c -I../Core/Inc -I"/Users/jewoolee/STM32CubeIDE/workspace_1.16.0/Lab4/Drivers/Components" -I"/Users/jewoolee/STM32CubeIDE/workspace_1.16.0/Lab4/Drivers/Components/Common" -I"/Users/jewoolee/STM32CubeIDE/workspace_1.16.0/Lab4/Drivers/Components/lsm6dsl" -I../Drivers/STM32L4xx_HAL_Driver/Inc -I../Drivers/STM32L4xx_HAL_Driver/Inc/Legacy -I../Middlewares/Third_Party/FreeRTOS/Source/include -I../Middlewares/Third_Party/FreeRTOS/Source/CMSIS_RTOS -I../Middlewares/Third_Party/FreeRTOS/Source/portable/GCC/ARM_CM4F -I../Drivers/CMSIS/Device/ST/STM32L4xx/Include -I../Drivers/CMSIS/Include -O0 -ffunction-sections -fdata-sections -Wall -fstack-usage -fcyclomatic-complexity -MMD -MP -MF"Drivers/STM32L4xx_HAL_Driver/Src/stm32l4xx_hal_uart_ex.d" -MT"Drivers/STM32L4xx_HAL_Driver/Src/stm32l4xx_hal_uart_ex.o" --specs=nano.specs -mfpu=fpv4-sp-d16 -mfloat-abi=hard -mthumb -o "Drivers/STM32L4xx_HAL_Driver/Src/stm32l4xx_hal_uart_ex.o"
arm-none-eabi-gcc "../Drivers/Components/st25dv/st25dv.c" -mcpu=cortex-m4 -std=gnu11 -g3 -DDEBUG -DUSE_HAL_DRIVER -DSTM32L475xx -c -I../Core/Inc -I"/Users/jewoolee/STM32CubeIDE/workspace_1.16.0/Lab4/Drivers/Components" -I"/Users/jewoolee/STM32CubeIDE/workspace_1.16.0/Lab4/Drivers/Components/Common" -I"/Users/jewoolee/STM32CubeIDE/workspace_1.16.0/Lab4/Drivers/Components/lsm6dsl" -I../Drivers/STM32L4xx_HAL_Driver/Inc -I../Drivers/STM32L4xx_HAL_Driver/Inc/Legacy -I../Middlewares/Third_Party/FreeRTOS/Source/include -I../Middlewares/Third_Party/FreeRTOS/Source/CMSIS_RTOS -I../Middlewares/Third_Party/FreeRTOS/Source/portable/GCC/ARM_CM4F -I../Drivers/CMSIS/Device/ST/STM32L4xx/Include -I../Drivers/CMSIS/Include -O0 -ffunction-sections -fdata-sections -Wall -fstack-usage -fcyclomatic-complexity -MMD -MP -MF"Drivers/Components/st25dv/st25dv.d" -MT"Drivers/Components/st25dv/st25dv.o" --specs=nano.specs -mfpu=fpv4-sp-d16 -mfloat-abi=hard -mthumb -o "Drivers/Components/st25dv/st25dv.o"
arm-none-eabi-gcc "../Drivers/Components/st25dv/st25dv_reg.c" -mcpu=cortex-m4 -std=gnu11 -g3 -DDEBUG -DUSE_HAL_DRIVER -DSTM32L475xx -c -I../Core/Inc -I"/Users/jewoolee/STM32CubeIDE/workspace_1.16.0/Lab4/Drivers/Components" -I"/Users/jewoolee/STM32CubeIDE/workspace_1.16.0/Lab4/Drivers/Components/Common" -I"/Users/jewoolee/STM32CubeIDE/workspace_1.16.0/Lab4/Drivers/Components/lsm6dsl" -I../Drivers/STM32L4xx_HAL_Driver/Inc -I../Drivers/STM32L4xx_HAL_Driver/Inc/Legacy -I../Middlewares/Third_Party/FreeRTOS/Source/include -I../Middlewares/Third_Party/FreeRTOS/Source/CMSIS_RTOS -I../Middlewares/Third_Party/FreeRTOS/Source/portable/GCC/ARM_CM4F -I../Drivers/CMSIS/Device/ST/STM32L4xx/Include -I../Drivers/CMSIS/Include -O0 -ffunction-sections -fdata-sections -Wall -fstack-usage -fcyclomatic-complexity -MMD -MP -MF"Drivers/Components/st25dv/st25dv_reg.d" -MT"Drivers/Components/st25dv/st25dv_reg.o" --specs=nano.specs -mfpu=fpv4-sp-d16 -mfloat-abi=hard -mthumb -o "Drivers/Components/st25dv/st25dv_reg.o"
arm-none-eabi-gcc "../Core/Src/freertos.c" -mcpu=cortex-m4 -std=gnu11 -g3 -DDEBUG -DUSE_HAL_DRIVER -DSTM32L475xx -c -I../Core/Inc -I"/Users/jewoolee/STM32CubeIDE/workspace_1.16.0/Lab4/Drivers/Components" -I"/Users/jewoolee/STM32CubeIDE/workspace_1.16.0/Lab4/Drivers/Components/Common" -I"/Users/jewoolee/STM32CubeIDE/workspace_1.16.0/Lab4/Drivers/Components/lsm6dsl" -I../Drivers/STM32L4xx_HAL_Driver/Inc -I../Drivers/STM32L4xx_HAL_Driver/Inc/Legacy -I../Middlewares/Third_Party/FreeRTOS/Source/include -I../Middlewares/Third_Party/FreeRTOS/Source/CMSIS_RTOS -I../Middlewares/Third_Party/FreeRTOS/Source/portable/GCC/ARM_CM4F -I../Drivers/CMSIS/Device/ST/STM32L4xx/Include -I../Drivers/CMSIS/Include -O0 -ffunction-sections -fdata-sections -Wall -fstack-usage -fcyclomatic-complexity -MMD -MP -MF"Core/Src/freertos.d" -MT"Core/Src/freertos.o" --specs=nano.specs -mfpu=fpv4-sp-d16 -mfloat-abi=hard -mthumb -o "Core/Src/freertos.o"
arm-none-eabi-gcc "../Core/Src/main.c" -mcpu=cortex-m4 -std=gnu11 -g3 -DDEBUG -DUSE_HAL_DRIVER -DSTM32L475xx -c -I../Core/Inc -I"/Users/jewoolee/STM32CubeIDE/workspace_1.16.0/Lab4/Drivers/Components" -I"/Users/jewoolee/STM32CubeIDE/workspace_1.16.0/Lab4/Drivers/Components/Common" -I"/Users/jewoolee/STM32CubeIDE/workspace_1.16.0/Lab4/Drivers/Components/lsm6dsl" -I../Drivers/STM32L4xx_HAL_Driver/Inc -I../Drivers/STM32L4xx_HAL_Driver/Inc/Legacy -I../Middlewares/Third_Party/FreeRTOS/Source/include -I../Middlewares/Third_Party/FreeRTOS/Source/CMSIS_RTOS -I../Middlewares/Third_Party/FreeRTOS/Source/portable/GCC/ARM_CM4F -I../Drivers/CMSIS/Device/ST/STM32L4xx/Include -I../Drivers/CMSIS/Include -O0 -ffunction-sections -fdata-sections -Wall -fstack-usage -fcyclomatic-complexity -MMD -MP -MF"Core/Src/main.d" -MT"Core/Src/main.o" --specs=nano.specs -mfpu=fpv4-sp-d16 -mfloat-abi=hard -mthumb -o "Core/Src/main.o"
arm-none-eabi-gcc "../Core/Src/stm32l4s5i_iot01.c" -mcpu=cortex-m4 -std=gnu11 -g3 -DDEBUG -DUSE_HAL_DRIVER -DSTM32L475xx -c -I../Core/Inc -I"/Users/jewoolee/STM32CubeIDE/workspace_1.16.0/Lab4/Drivers/Components" -I"/Users/jewoolee/STM32CubeIDE/workspace_1.16.0/Lab4/Drivers/Components/Common" -I"/Users/jewoolee/STM32CubeIDE/workspace_1.16.0/Lab4/Drivers/Components/lsm6dsl" -I../Drivers/STM32L4xx_HAL_Driver/Inc -I../Drivers/STM32L4xx_HAL_Driver/Inc/Legacy -I../Middlewares/Third_Party/FreeRTOS/Source/include -I../Middlewares/Third_Party/FreeRTOS/Source/CMSIS_RTOS -I../Middlewares/Third_Party/FreeRTOS/Source/portable/GCC/ARM_CM4F -I../Drivers/CMSIS/Device/ST/STM32L4xx/Include -I../Drivers/CMSIS/Include -O0 -ffunction-sections -fdata-sections -Wall -fstack-usage -fcyclomatic-complexity -MMD -MP -MF"Core/Src/stm32l4s5i_iot01.d" -MT"Core/Src/stm32l4s5i_iot01.o" --specs=nano.specs -mfpu=fpv4-sp-d16 -mfloat-abi=hard -mthumb -o "Core/Src/stm32l4s5i_iot01.o"
arm-none-eabi-gcc "../Core/Src/stm32l4s5i_iot01_gyro.c" -mcpu=cortex-m4 -std=gnu11 -g3 -DDEBUG -DUSE_HAL_DRIVER -DSTM32L475xx -c -I../Core/Inc -I"/Users/jewoolee/STM32CubeIDE/workspace_1.16.0/Lab4/Drivers/Components" -I"/Users/jewoolee/STM32CubeIDE/workspace_1.16.0/Lab4/Drivers/Components/Common" -I"/Users/jewoolee/STM32CubeIDE/workspace_1.16.0/Lab4/Drivers/Components/lsm6dsl" -I../Drivers/STM32L4xx_HAL_Driver/Inc -I../Drivers/STM32L4xx_HAL_Driver/Inc/Legacy -I../Middlewares/Third_Party/FreeRTOS/Source/include -I../Middlewares/Third_Party/FreeRTOS/Source/CMSIS_RTOS -I../Middlewares/Third_Party/FreeRTOS/Source/portable/GCC/ARM_CM4F -I../Drivers/CMSIS/Device/ST/STM32L4xx/Include -I../Drivers/CMSIS/Include -O0 -ffunction-sections -fdata-sections -Wall -fstack-usage -fcyclomatic-complexity -MMD -MP -MF"Core/Src/stm32l4s5i_iot01_gyro.d" -MT"Core/Src/stm32l4s5i_iot01_gyro.o" --specs=nano.specs -mfpu=fpv4-sp-d16 -mfloat-abi=hard -mthumb -o "Core/Src/stm32l4s5i_iot01_gyro.o"
arm-none-eabi-gcc "../Core/Src/stm32l4s5i_iot01_magneto.c" -mcpu=cortex-m4 -std=gnu11 -g3 -DDEBUG -DUSE_HAL_DRIVER -DSTM32L475xx -c -I../Core/Inc -I"/Users/jewoolee/STM32CubeIDE/workspace_1.16.0/Lab4/Drivers/Components" -I"/Users/jewoolee/STM32CubeIDE/workspace_1.16.0/Lab4/Drivers/Components/Common" -I"/Users/jewoolee/STM32CubeIDE/workspace_1.16.0/Lab4/Drivers/Components/lsm6dsl" -I../Drivers/STM32L4xx_HAL_Driver/Inc -I../Drivers/STM32L4xx_HAL_Driver/Inc/Legacy -I../Middlewares/Third_Party/FreeRTOS/Source/include -I../Middlewares/Third_Party/FreeRTOS/Source/CMSIS_RTOS -I../Middlewares/Third_Party/FreeRTOS/Source/portable/GCC/ARM_CM4F -I../Drivers/CMSIS/Device/ST/STM32L4xx/Include -I../Drivers/CMSIS/Include -O0 -ffunction-sections -fdata-sections -Wall -fstack-usage -fcyclomatic-complexity -MMD -MP -MF"Core/Src/stm32l4s5i_iot01_magneto.d" -MT"Core/Src/stm32l4s5i_iot01_magneto.o" --specs=nano.specs -mfpu=fpv4-sp-d16 -mfloat-abi=hard -mthumb -o "Core/Src/stm32l4s5i_iot01_magneto.o"
arm-none-eabi-gcc "../Core/Src/stm32l4s5i_iot01_psensor.c" -mcpu=cortex-m4 -std=gnu11 -g3 -DDEBUG -DUSE_HAL_DRIVER -DSTM32L475xx -c -I../Core/Inc -I"/Users/jewoolee/STM32CubeIDE/workspace_1.16.0/Lab4/Drivers/Components" -I"/Users/jewoolee/STM32CubeIDE/workspace_1.16.0/Lab4/Drivers/Components/Common" -I"/Users/jewoolee/STM32CubeIDE/workspace_1.16.0/Lab4/Drivers/Components/lsm6dsl" -I../Drivers/STM32L4xx_HAL_Driver/Inc -I../Drivers/STM32L4xx_HAL_Driver/Inc/Legacy -I../Middlewares/Third_Party/FreeRTOS/Source/include -I../Middlewares/Third_Party/FreeRTOS/Source/CMSIS_RTOS -I../Middlewares/Third_Party/FreeRTOS/Source/portable/GCC/ARM_CM4F -I../Drivers/CMSIS/Device/ST/STM32L4xx/Include -I../Drivers/CMSIS/Include -O0 -ffunction-sections -fdata-sections -Wall -fstack-usage -fcyclomatic-complexity -MMD -MP -MF"Core/Src/stm32l4s5i_iot01_psensor.d" -MT"Core/Src/stm32l4s5i_iot01_psensor.o" --specs=nano.specs -mfpu=fpv4-sp-d16 -mfloat-abi=hard -mthumb -o "Core/Src/stm32l4s5i_iot01_psensor.o"
../Core/Src/main.c: In function 'StartSensorTask':
../Core/Src/main.c:488:25: warning: passing argument 1 of 'BSP_GYRO_GetXYZ' from incompatible pointer type [-Wincompatible-pointer-types]
  488 |         BSP_GYRO_GetXYZ(&gyro);
      |                         ^~~~~
      |                         |
      |                         float (*)[3]
In file included from ../Core/Src/main.c:28:
../Core/Inc/stm32l4s5i_iot01_gyro.h:66:29: note: expected 'float *' but argument is of type 'float (*)[3]'
   66 | void BSP_GYRO_GetXYZ(float* pfData);
      |                      ~~~~~~~^~~~~~
../Core/Src/main.c:497:36: warning: passing argument 1 of 'BSP_MAGNETO_GetXYZ' from incompatible pointer type [-Wincompatible-pointer-types]
  497 |                 BSP_MAGNETO_GetXYZ(&magneto);
      |                                    ^~~~~~~~
      |                                    |
      |                                    int16_t (*)[3] {aka short int (*)[3]}
In file included from ../Core/Src/main.c:29:
../Core/Inc/stm32l4s5i_iot01_magneto.h:66:34: note: expected 'int16_t *' {aka 'short int *'} but argument is of type 'int16_t (*)[3]' {aka 'short int (*)[3]'}
   66 | void BSP_MAGNETO_GetXYZ(int16_t *pDataXYZ);
      |                         ~~~~~~~~~^~~~~~~~
arm-none-eabi-gcc "../Core/Src/stm32l4s5i_iot01_tsensor.c" -mcpu=cortex-m4 -std=gnu11 -g3 -DDEBUG -DUSE_HAL_DRIVER -DSTM32L475xx -c -I../Core/Inc -I"/Users/jewoolee/STM32CubeIDE/workspace_1.16.0/Lab4/Drivers/Components" -I"/Users/jewoolee/STM32CubeIDE/workspace_1.16.0/Lab4/Drivers/Components/Common" -I"/Users/jewoolee/STM32CubeIDE/workspace_1.16.0/Lab4/Drivers/Components/lsm6dsl" -I../Drivers/STM32L4xx_HAL_Driver/Inc -I../Drivers/STM32L4xx_HAL_Driver/Inc/Legacy -I../Middlewares/Third_Party/FreeRTOS/Source/include -I../Middlewares/Third_Party/FreeRTOS/Source/CMSIS_RTOS -I../Middlewares/Third_Party/FreeRTOS/Source/portable/GCC/ARM_CM4F -I../Drivers/CMSIS/Device/ST/STM32L4xx/Include -I../Drivers/CMSIS/Include -O0 -ffunction-sections -fdata-sections -Wall -fstack-usage -fcyclomatic-complexity -MMD -MP -MF"Core/Src/stm32l4s5i_iot01_tsensor.d" -MT"Core/Src/stm32l4s5i_iot01_tsensor.o" --specs=nano.specs -mfpu=fpv4-sp-d16 -mfloat-abi=hard -mthumb -o "Core/Src/stm32l4s5i_iot01_tsensor.o"
arm-none-eabi-gcc "../Core/Src/stm32l4xx_hal_msp.c" -mcpu=cortex-m4 -std=gnu11 -g3 -DDEBUG -DUSE_HAL_DRIVER -DSTM32L475xx -c -I../Core/Inc -I"/Users/jewoolee/STM32CubeIDE/workspace_1.16.0/Lab4/Drivers/Components" -I"/Users/jewoolee/STM32CubeIDE/workspace_1.16.0/Lab4/Drivers/Components/Common" -I"/Users/jewoolee/STM32CubeIDE/workspace_1.16.0/Lab4/Drivers/Components/lsm6dsl" -I../Drivers/STM32L4xx_HAL_Driver/Inc -I../Drivers/STM32L4xx_HAL_Driver/Inc/Legacy -I../Middlewares/Third_Party/FreeRTOS/Source/include -I../Middlewares/Third_Party/FreeRTOS/Source/CMSIS_RTOS -I../Middlewares/Third_Party/FreeRTOS/Source/portable/GCC/ARM_CM4F -I../Drivers/CMSIS/Device/ST/STM32L4xx/Include -I../Drivers/CMSIS/Include -O0 -ffunction-sections -fdata-sections -Wall -fstack-usage -fcyclomatic-complexity -MMD -MP -MF"Core/Src/stm32l4xx_hal_msp.d" -MT"Core/Src/stm32l4xx_hal_msp.o" --specs=nano.specs -mfpu=fpv4-sp-d16 -mfloat-abi=hard -mthumb -o "Core/Src/stm32l4xx_hal_msp.o"
arm-none-eabi-gcc "../Core/Src/stm32l4xx_hal_timebase_tim.c" -mcpu=cortex-m4 -std=gnu11 -g3 -DDEBUG -DUSE_HAL_DRIVER -DSTM32L475xx -c -I../Core/Inc -I"/Users/jewoolee/STM32CubeIDE/workspace_1.16.0/Lab4/Drivers/Components" -I"/Users/jewoolee/STM32CubeIDE/workspace_1.16.0/Lab4/Drivers/Components/Common" -I"/Users/jewoolee/STM32CubeIDE/workspace_1.16.0/Lab4/Drivers/Components/lsm6dsl" -I../Drivers/STM32L4xx_HAL_Driver/Inc -I../Drivers/STM32L4xx_HAL_Driver/Inc/Legacy -I../Middlewares/Third_Party/FreeRTOS/Source/include -I../Middlewares/Third_Party/FreeRTOS/Source/CMSIS_RTOS -I../Middlewares/Third_Party/FreeRTOS/Source/portable/GCC/ARM_CM4F -I../Drivers/CMSIS/Device/ST/STM32L4xx/Include -I../Drivers/CMSIS/Include -O0 -ffunction-sections -fdata-sections -Wall -fstack-usage -fcyclomatic-complexity -MMD -MP -MF"Core/Src/stm32l4xx_hal_timebase_tim.d" -MT"Core/Src/stm32l4xx_hal_timebase_tim.o" --specs=nano.specs -mfpu=fpv4-sp-d16 -mfloat-abi=hard -mthumb -o "Core/Src/stm32l4xx_hal_timebase_tim.o"
arm-none-eabi-gcc "../Core/Src/stm32l4xx_it.c" -mcpu=cortex-m4 -std=gnu11 -g3 -DDEBUG -DUSE_HAL_DRIVER -DSTM32L475xx -c -I../Core/Inc -I"/Users/jewoolee/STM32CubeIDE/workspace_1.16.0/Lab4/Drivers/Components" -I"/Users/jewoolee/STM32CubeIDE/workspace_1.16.0/Lab4/Drivers/Components/Common" -I"/Users/jewoolee/STM32CubeIDE/workspace_1.16.0/Lab4/Drivers/Components/lsm6dsl" -I../Drivers/STM32L4xx_HAL_Driver/Inc -I../Drivers/STM32L4xx_HAL_Driver/Inc/Legacy -I../Middlewares/Third_Party/FreeRTOS/Source/include -I../Middlewares/Third_Party/FreeRTOS/Source/CMSIS_RTOS -I../Middlewares/Third_Party/FreeRTOS/Source/portable/GCC/ARM_CM4F -I../Drivers/CMSIS/Device/ST/STM32L4xx/Include -I../Drivers/CMSIS/Include -O0 -ffunction-sections -fdata-sections -Wall -fstack-usage -fcyclomatic-complexity -MMD -MP -MF"Core/Src/stm32l4xx_it.d" -MT"Core/Src/stm32l4xx_it.o" --specs=nano.specs -mfpu=fpv4-sp-d16 -mfloat-abi=hard -mthumb -o "Core/Src/stm32l4xx_it.o"
arm-none-eabi-gcc "../Core/Src/system_stm32l4xx.c" -mcpu=cortex-m4 -std=gnu11 -g3 -DDEBUG -DUSE_HAL_DRIVER -DSTM32L475xx -c -I../Core/Inc -I"/Users/jewoolee/STM32CubeIDE/workspace_1.16.0/Lab4/Drivers/Components" -I"/Users/jewoolee/STM32CubeIDE/workspace_1.16.0/Lab4/Drivers/Components/Common" -I"/Users/jewoolee/STM32CubeIDE/workspace_1.16.0/Lab4/Drivers/Components/lsm6dsl" -I../Drivers/STM32L4xx_HAL_Driver/Inc -I../Drivers/STM32L4xx_HAL_Driver/Inc/Legacy -I../Middlewares/Third_Party/FreeRTOS/Source/include -I../Middlewares/Third_Party/FreeRTOS/Source/CMSIS_RTOS -I../Middlewares/Third_Party/FreeRTOS/Source/portable/GCC/ARM_CM4F -I../Drivers/CMSIS/Device/ST/STM32L4xx/Include -I../Drivers/CMSIS/Include -O0 -ffunction-sections -fdata-sections -Wall -fstack-usage -fcyclomatic-complexity -MMD -MP -MF"Core/Src/system_stm32l4xx.d" -MT"Core/Src/system_stm32l4xx.o" --specs=nano.specs -mfpu=fpv4-sp-d16 -mfloat-abi=hard -mthumb -o "Core/Src/system_stm32l4xx.o"
arm-none-eabi-gcc -o "Lab4.elf" @"objects.list"  -larm_cortexM4lf_math -mcpu=cortex-m4 -T"/Users/jewoolee/STM32CubeIDE/workspace_1.16.0/Lab4/STM32L475VGTX_FLASH.ld" --specs=nosys.specs -Wl,-Map="Lab4.map" -Wl,--gc-sections -static -L"/Users/jewoolee/STM32CubeIDE/workspace_1.16.0/Lab4/Core/Lib" -u _printf_float --specs=nano.specs -mfpu=fpv4-sp-d16 -mfloat-abi=hard -mthumb -Wl,--start-group -lc -lm -Wl,--end-group
Finished building target: Lab4.elf
 
arm-none-eabi-size  Lab4.elf 
arm-none-eabi-objdump -h -S Lab4.elf  > "Lab4.list"
   text	   data	    bss	    dec	    hex	filename
  43144	    604	   6540	  50288	   c470	Lab4.elf
Finished building: default.size.stdout
 
Finished building: Lab4.list
 
13:11:43 **** Incremental Build of configuration Debug for project Lab4 ****
make -j7 all 
arm-none-eabi-size  Lab4.elf 
   text	   data	    bss	    dec	    hex	filename
  43144	    604	   6540	  50288	   c470	Lab4.elf
Finished building: default.size.stdout
 
13:11:58 **** Incremental Build of configuration Debug for project Lab4 ****
make -j7 all 
arm-none-eabi-size  Lab4.elf 
   text	   data	    bss	    dec	    hex	filename
  43144	    604	   6540	  50288	   c470	Lab4.elf
Finished building: default.size.stdout
 
13:13:59 **** Incremental Build of configuration Debug for project Lab4 ****
make -j7 all 
arm-none-eabi-gcc "../Middlewares/Third_Party/FreeRTOS/Source/portable/MemMang/heap_4.c" -mcpu=cortex-m4 -std=gnu11 -g3 -DDEBUG -DUSE_HAL_DRIVER -DSTM32L475xx -c -I../Core/Inc -I"/Users/jewoolee/STM32CubeIDE/workspace_1.16.0/Lab4/Drivers/Components" -I"/Users/jewoolee/STM32CubeIDE/workspace_1.16.0/Lab4/Drivers/Components/Common" -I"/Users/jewoolee/STM32CubeIDE/workspace_1.16.0/Lab4/Drivers/Components/lsm6dsl" -I../Drivers/STM32L4xx_HAL_Driver/Inc -I../Drivers/STM32L4xx_HAL_Driver/Inc/Legacy -I../Middlewares/Third_Party/FreeRTOS/Source/include -I../Middlewares/Third_Party/FreeRTOS/Source/CMSIS_RTOS -I../Middlewares/Third_Party/FreeRTOS/Source/portable/GCC/ARM_CM4F -I../Drivers/CMSIS/Device/ST/STM32L4xx/Include -I../Drivers/CMSIS/Include -O0 -ffunction-sections -fdata-sections -Wall -fstack-usage -fcyclomatic-complexity -MMD -MP -MF"Middlewares/Third_Party/FreeRTOS/Source/portable/MemMang/heap_4.d" -MT"Middlewares/Third_Party/FreeRTOS/Source/portable/MemMang/heap_4.o" --specs=nano.specs -mfpu=fpv4-sp-d16 -mfloat-abi=hard -mthumb -o "Middlewares/Third_Party/FreeRTOS/Source/portable/MemMang/heap_4.o"
arm-none-eabi-gcc "../Middlewares/Third_Party/FreeRTOS/Source/portable/GCC/ARM_CM4F/port.c" -mcpu=cortex-m4 -std=gnu11 -g3 -DDEBUG -DUSE_HAL_DRIVER -DSTM32L475xx -c -I../Core/Inc -I"/Users/jewoolee/STM32CubeIDE/workspace_1.16.0/Lab4/Drivers/Components" -I"/Users/jewoolee/STM32CubeIDE/workspace_1.16.0/Lab4/Drivers/Components/Common" -I"/Users/jewoolee/STM32CubeIDE/workspace_1.16.0/Lab4/Drivers/Components/lsm6dsl" -I../Drivers/STM32L4xx_HAL_Driver/Inc -I../Drivers/STM32L4xx_HAL_Driver/Inc/Legacy -I../Middlewares/Third_Party/FreeRTOS/Source/include -I../Middlewares/Third_Party/FreeRTOS/Source/CMSIS_RTOS -I../Middlewares/Third_Party/FreeRTOS/Source/portable/GCC/ARM_CM4F -I../Drivers/CMSIS/Device/ST/STM32L4xx/Include -I../Drivers/CMSIS/Include -O0 -ffunction-sections -fdata-sections -Wall -fstack-usage -fcyclomatic-complexity -MMD -MP -MF"Middlewares/Third_Party/FreeRTOS/Source/portable/GCC/ARM_CM4F/port.d" -MT"Middlewares/Third_Party/FreeRTOS/Source/portable/GCC/ARM_CM4F/port.o" --specs=nano.specs -mfpu=fpv4-sp-d16 -mfloat-abi=hard -mthumb -o "Middlewares/Third_Party/FreeRTOS/Source/portable/GCC/ARM_CM4F/port.o"
arm-none-eabi-gcc "../Middlewares/Third_Party/FreeRTOS/Source/CMSIS_RTOS/cmsis_os.c" -mcpu=cortex-m4 -std=gnu11 -g3 -DDEBUG -DUSE_HAL_DRIVER -DSTM32L475xx -c -I../Core/Inc -I"/Users/jewoolee/STM32CubeIDE/workspace_1.16.0/Lab4/Drivers/Components" -I"/Users/jewoolee/STM32CubeIDE/workspace_1.16.0/Lab4/Drivers/Components/Common" -I"/Users/jewoolee/STM32CubeIDE/workspace_1.16.0/Lab4/Drivers/Components/lsm6dsl" -I../Drivers/STM32L4xx_HAL_Driver/Inc -I../Drivers/STM32L4xx_HAL_Driver/Inc/Legacy -I../Middlewares/Third_Party/FreeRTOS/Source/include -I../Middlewares/Third_Party/FreeRTOS/Source/CMSIS_RTOS -I../Middlewares/Third_Party/FreeRTOS/Source/portable/GCC/ARM_CM4F -I../Drivers/CMSIS/Device/ST/STM32L4xx/Include -I../Drivers/CMSIS/Include -O0 -ffunction-sections -fdata-sections -Wall -fstack-usage -fcyclomatic-complexity -MMD -MP -MF"Middlewares/Third_Party/FreeRTOS/Source/CMSIS_RTOS/cmsis_os.d" -MT"Middlewares/Third_Party/FreeRTOS/Source/CMSIS_RTOS/cmsis_os.o" --specs=nano.specs -mfpu=fpv4-sp-d16 -mfloat-abi=hard -mthumb -o "Middlewares/Third_Party/FreeRTOS/Source/CMSIS_RTOS/cmsis_os.o"
arm-none-eabi-gcc "../Middlewares/Third_Party/FreeRTOS/Source/croutine.c" -mcpu=cortex-m4 -std=gnu11 -g3 -DDEBUG -DUSE_HAL_DRIVER -DSTM32L475xx -c -I../Core/Inc -I"/Users/jewoolee/STM32CubeIDE/workspace_1.16.0/Lab4/Drivers/Components" -I"/Users/jewoolee/STM32CubeIDE/workspace_1.16.0/Lab4/Drivers/Components/Common" -I"/Users/jewoolee/STM32CubeIDE/workspace_1.16.0/Lab4/Drivers/Components/lsm6dsl" -I../Drivers/STM32L4xx_HAL_Driver/Inc -I../Drivers/STM32L4xx_HAL_Driver/Inc/Legacy -I../Middlewares/Third_Party/FreeRTOS/Source/include -I../Middlewares/Third_Party/FreeRTOS/Source/CMSIS_RTOS -I../Middlewares/Third_Party/FreeRTOS/Source/portable/GCC/ARM_CM4F -I../Drivers/CMSIS/Device/ST/STM32L4xx/Include -I../Drivers/CMSIS/Include -O0 -ffunction-sections -fdata-sections -Wall -fstack-usage -fcyclomatic-complexity -MMD -MP -MF"Middlewares/Third_Party/FreeRTOS/Source/croutine.d" -MT"Middlewares/Third_Party/FreeRTOS/Source/croutine.o" --specs=nano.specs -mfpu=fpv4-sp-d16 -mfloat-abi=hard -mthumb -o "Middlewares/Third_Party/FreeRTOS/Source/croutine.o"
arm-none-eabi-gcc "../Middlewares/Third_Party/FreeRTOS/Source/event_groups.c" -mcpu=cortex-m4 -std=gnu11 -g3 -DDEBUG -DUSE_HAL_DRIVER -DSTM32L475xx -c -I../Core/Inc -I"/Users/jewoolee/STM32CubeIDE/workspace_1.16.0/Lab4/Drivers/Components" -I"/Users/jewoolee/STM32CubeIDE/workspace_1.16.0/Lab4/Drivers/Components/Common" -I"/Users/jewoolee/STM32CubeIDE/workspace_1.16.0/Lab4/Drivers/Components/lsm6dsl" -I../Drivers/STM32L4xx_HAL_Driver/Inc -I../Drivers/STM32L4xx_HAL_Driver/Inc/Legacy -I../Middlewares/Third_Party/FreeRTOS/Source/include -I../Middlewares/Third_Party/FreeRTOS/Source/CMSIS_RTOS -I../Middlewares/Third_Party/FreeRTOS/Source/portable/GCC/ARM_CM4F -I../Drivers/CMSIS/Device/ST/STM32L4xx/Include -I../Drivers/CMSIS/Include -O0 -ffunction-sections -fdata-sections -Wall -fstack-usage -fcyclomatic-complexity -MMD -MP -MF"Middlewares/Third_Party/FreeRTOS/Source/event_groups.d" -MT"Middlewares/Third_Party/FreeRTOS/Source/event_groups.o" --specs=nano.specs -mfpu=fpv4-sp-d16 -mfloat-abi=hard -mthumb -o "Middlewares/Third_Party/FreeRTOS/Source/event_groups.o"
arm-none-eabi-gcc "../Middlewares/Third_Party/FreeRTOS/Source/list.c" -mcpu=cortex-m4 -std=gnu11 -g3 -DDEBUG -DUSE_HAL_DRIVER -DSTM32L475xx -c -I../Core/Inc -I"/Users/jewoolee/STM32CubeIDE/workspace_1.16.0/Lab4/Drivers/Components" -I"/Users/jewoolee/STM32CubeIDE/workspace_1.16.0/Lab4/Drivers/Components/Common" -I"/Users/jewoolee/STM32CubeIDE/workspace_1.16.0/Lab4/Drivers/Components/lsm6dsl" -I../Drivers/STM32L4xx_HAL_Driver/Inc -I../Drivers/STM32L4xx_HAL_Driver/Inc/Legacy -I../Middlewares/Third_Party/FreeRTOS/Source/include -I../Middlewares/Third_Party/FreeRTOS/Source/CMSIS_RTOS -I../Middlewares/Third_Party/FreeRTOS/Source/portable/GCC/ARM_CM4F -I../Drivers/CMSIS/Device/ST/STM32L4xx/Include -I../Drivers/CMSIS/Include -O0 -ffunction-sections -fdata-sections -Wall -fstack-usage -fcyclomatic-complexity -MMD -MP -MF"Middlewares/Third_Party/FreeRTOS/Source/list.d" -MT"Middlewares/Third_Party/FreeRTOS/Source/list.o" --specs=nano.specs -mfpu=fpv4-sp-d16 -mfloat-abi=hard -mthumb -o "Middlewares/Third_Party/FreeRTOS/Source/list.o"
arm-none-eabi-gcc "../Middlewares/Third_Party/FreeRTOS/Source/queue.c" -mcpu=cortex-m4 -std=gnu11 -g3 -DDEBUG -DUSE_HAL_DRIVER -DSTM32L475xx -c -I../Core/Inc -I"/Users/jewoolee/STM32CubeIDE/workspace_1.16.0/Lab4/Drivers/Components" -I"/Users/jewoolee/STM32CubeIDE/workspace_1.16.0/Lab4/Drivers/Components/Common" -I"/Users/jewoolee/STM32CubeIDE/workspace_1.16.0/Lab4/Drivers/Components/lsm6dsl" -I../Drivers/STM32L4xx_HAL_Driver/Inc -I../Drivers/STM32L4xx_HAL_Driver/Inc/Legacy -I../Middlewares/Third_Party/FreeRTOS/Source/include -I../Middlewares/Third_Party/FreeRTOS/Source/CMSIS_RTOS -I../Middlewares/Third_Party/FreeRTOS/Source/portable/GCC/ARM_CM4F -I../Drivers/CMSIS/Device/ST/STM32L4xx/Include -I../Drivers/CMSIS/Include -O0 -ffunction-sections -fdata-sections -Wall -fstack-usage -fcyclomatic-complexity -MMD -MP -MF"Middlewares/Third_Party/FreeRTOS/Source/queue.d" -MT"Middlewares/Third_Party/FreeRTOS/Source/queue.o" --specs=nano.specs -mfpu=fpv4-sp-d16 -mfloat-abi=hard -mthumb -o "Middlewares/Third_Party/FreeRTOS/Source/queue.o"
arm-none-eabi-gcc "../Middlewares/Third_Party/FreeRTOS/Source/stream_buffer.c" -mcpu=cortex-m4 -std=gnu11 -g3 -DDEBUG -DUSE_HAL_DRIVER -DSTM32L475xx -c -I../Core/Inc -I"/Users/jewoolee/STM32CubeIDE/workspace_1.16.0/Lab4/Drivers/Components" -I"/Users/jewoolee/STM32CubeIDE/workspace_1.16.0/Lab4/Drivers/Components/Common" -I"/Users/jewoolee/STM32CubeIDE/workspace_1.16.0/Lab4/Drivers/Components/lsm6dsl" -I../Drivers/STM32L4xx_HAL_Driver/Inc -I../Drivers/STM32L4xx_HAL_Driver/Inc/Legacy -I../Middlewares/Third_Party/FreeRTOS/Source/include -I../Middlewares/Third_Party/FreeRTOS/Source/CMSIS_RTOS -I../Middlewares/Third_Party/FreeRTOS/Source/portable/GCC/ARM_CM4F -I../Drivers/CMSIS/Device/ST/STM32L4xx/Include -I../Drivers/CMSIS/Include -O0 -ffunction-sections -fdata-sections -Wall -fstack-usage -fcyclomatic-complexity -MMD -MP -MF"Middlewares/Third_Party/FreeRTOS/Source/stream_buffer.d" -MT"Middlewares/Third_Party/FreeRTOS/Source/stream_buffer.o" --specs=nano.specs -mfpu=fpv4-sp-d16 -mfloat-abi=hard -mthumb -o "Middlewares/Third_Party/FreeRTOS/Source/stream_buffer.o"
arm-none-eabi-gcc "../Middlewares/Third_Party/FreeRTOS/Source/tasks.c" -mcpu=cortex-m4 -std=gnu11 -g3 -DDEBUG -DUSE_HAL_DRIVER -DSTM32L475xx -c -I../Core/Inc -I"/Users/jewoolee/STM32CubeIDE/workspace_1.16.0/Lab4/Drivers/Components" -I"/Users/jewoolee/STM32CubeIDE/workspace_1.16.0/Lab4/Drivers/Components/Common" -I"/Users/jewoolee/STM32CubeIDE/workspace_1.16.0/Lab4/Drivers/Components/lsm6dsl" -I../Drivers/STM32L4xx_HAL_Driver/Inc -I../Drivers/STM32L4xx_HAL_Driver/Inc/Legacy -I../Middlewares/Third_Party/FreeRTOS/Source/include -I../Middlewares/Third_Party/FreeRTOS/Source/CMSIS_RTOS -I../Middlewares/Third_Party/FreeRTOS/Source/portable/GCC/ARM_CM4F -I../Drivers/CMSIS/Device/ST/STM32L4xx/Include -I../Drivers/CMSIS/Include -O0 -ffunction-sections -fdata-sections -Wall -fstack-usage -fcyclomatic-complexity -MMD -MP -MF"Middlewares/Third_Party/FreeRTOS/Source/tasks.d" -MT"Middlewares/Third_Party/FreeRTOS/Source/tasks.o" --specs=nano.specs -mfpu=fpv4-sp-d16 -mfloat-abi=hard -mthumb -o "Middlewares/Third_Party/FreeRTOS/Source/tasks.o"
arm-none-eabi-gcc "../Middlewares/Third_Party/FreeRTOS/Source/timers.c" -mcpu=cortex-m4 -std=gnu11 -g3 -DDEBUG -DUSE_HAL_DRIVER -DSTM32L475xx -c -I../Core/Inc -I"/Users/jewoolee/STM32CubeIDE/workspace_1.16.0/Lab4/Drivers/Components" -I"/Users/jewoolee/STM32CubeIDE/workspace_1.16.0/Lab4/Drivers/Components/Common" -I"/Users/jewoolee/STM32CubeIDE/workspace_1.16.0/Lab4/Drivers/Components/lsm6dsl" -I../Drivers/STM32L4xx_HAL_Driver/Inc -I../Drivers/STM32L4xx_HAL_Driver/Inc/Legacy -I../Middlewares/Third_Party/FreeRTOS/Source/include -I../Middlewares/Third_Party/FreeRTOS/Source/CMSIS_RTOS -I../Middlewares/Third_Party/FreeRTOS/Source/portable/GCC/ARM_CM4F -I../Drivers/CMSIS/Device/ST/STM32L4xx/Include -I../Drivers/CMSIS/Include -O0 -ffunction-sections -fdata-sections -Wall -fstack-usage -fcyclomatic-complexity -MMD -MP -MF"Middlewares/Third_Party/FreeRTOS/Source/timers.d" -MT"Middlewares/Third_Party/FreeRTOS/Source/timers.o" --specs=nano.specs -mfpu=fpv4-sp-d16 -mfloat-abi=hard -mthumb -o "Middlewares/Third_Party/FreeRTOS/Source/timers.o"
arm-none-eabi-gcc "../Drivers/STM32L4xx_HAL_Driver/Src/stm32l4xx_hal.c" -mcpu=cortex-m4 -std=gnu11 -g3 -DDEBUG -DUSE_HAL_DRIVER -DSTM32L475xx -c -I../Core/Inc -I"/Users/jewoolee/STM32CubeIDE/workspace_1.16.0/Lab4/Drivers/Components" -I"/Users/jewoolee/STM32CubeIDE/workspace_1.16.0/Lab4/Drivers/Components/Common" -I"/Users/jewoolee/STM32CubeIDE/workspace_1.16.0/Lab4/Drivers/Components/lsm6dsl" -I../Drivers/STM32L4xx_HAL_Driver/Inc -I../Drivers/STM32L4xx_HAL_Driver/Inc/Legacy -I../Middlewares/Third_Party/FreeRTOS/Source/include -I../Middlewares/Third_Party/FreeRTOS/Source/CMSIS_RTOS -I../Middlewares/Third_Party/FreeRTOS/Source/portable/GCC/ARM_CM4F -I../Drivers/CMSIS/Device/ST/STM32L4xx/Include -I../Drivers/CMSIS/Include -O0 -ffunction-sections -fdata-sections -Wall -fstack-usage -fcyclomatic-complexity -MMD -MP -MF"Drivers/STM32L4xx_HAL_Driver/Src/stm32l4xx_hal.d" -MT"Drivers/STM32L4xx_HAL_Driver/Src/stm32l4xx_hal.o" --specs=nano.specs -mfpu=fpv4-sp-d16 -mfloat-abi=hard -mthumb -o "Drivers/STM32L4xx_HAL_Driver/Src/stm32l4xx_hal.o"
arm-none-eabi-gcc "../Drivers/STM32L4xx_HAL_Driver/Src/stm32l4xx_hal_cortex.c" -mcpu=cortex-m4 -std=gnu11 -g3 -DDEBUG -DUSE_HAL_DRIVER -DSTM32L475xx -c -I../Core/Inc -I"/Users/jewoolee/STM32CubeIDE/workspace_1.16.0/Lab4/Drivers/Components" -I"/Users/jewoolee/STM32CubeIDE/workspace_1.16.0/Lab4/Drivers/Components/Common" -I"/Users/jewoolee/STM32CubeIDE/workspace_1.16.0/Lab4/Drivers/Components/lsm6dsl" -I../Drivers/STM32L4xx_HAL_Driver/Inc -I../Drivers/STM32L4xx_HAL_Driver/Inc/Legacy -I../Middlewares/Third_Party/FreeRTOS/Source/include -I../Middlewares/Third_Party/FreeRTOS/Source/CMSIS_RTOS -I../Middlewares/Third_Party/FreeRTOS/Source/portable/GCC/ARM_CM4F -I../Drivers/CMSIS/Device/ST/STM32L4xx/Include -I../Drivers/CMSIS/Include -O0 -ffunction-sections -fdata-sections -Wall -fstack-usage -fcyclomatic-complexity -MMD -MP -MF"Drivers/STM32L4xx_HAL_Driver/Src/stm32l4xx_hal_cortex.d" -MT"Drivers/STM32L4xx_HAL_Driver/Src/stm32l4xx_hal_cortex.o" --specs=nano.specs -mfpu=fpv4-sp-d16 -mfloat-abi=hard -mthumb -o "Drivers/STM32L4xx_HAL_Driver/Src/stm32l4xx_hal_cortex.o"
arm-none-eabi-gcc "../Drivers/STM32L4xx_HAL_Driver/Src/stm32l4xx_hal_dma.c" -mcpu=cortex-m4 -std=gnu11 -g3 -DDEBUG -DUSE_HAL_DRIVER -DSTM32L475xx -c -I../Core/Inc -I"/Users/jewoolee/STM32CubeIDE/workspace_1.16.0/Lab4/Drivers/Components" -I"/Users/jewoolee/STM32CubeIDE/workspace_1.16.0/Lab4/Drivers/Components/Common" -I"/Users/jewoolee/STM32CubeIDE/workspace_1.16.0/Lab4/Drivers/Components/lsm6dsl" -I../Drivers/STM32L4xx_HAL_Driver/Inc -I../Drivers/STM32L4xx_HAL_Driver/Inc/Legacy -I../Middlewares/Third_Party/FreeRTOS/Source/include -I../Middlewares/Third_Party/FreeRTOS/Source/CMSIS_RTOS -I../Middlewares/Third_Party/FreeRTOS/Source/portable/GCC/ARM_CM4F -I../Drivers/CMSIS/Device/ST/STM32L4xx/Include -I../Drivers/CMSIS/Include -O0 -ffunction-sections -fdata-sections -Wall -fstack-usage -fcyclomatic-complexity -MMD -MP -MF"Drivers/STM32L4xx_HAL_Driver/Src/stm32l4xx_hal_dma.d" -MT"Drivers/STM32L4xx_HAL_Driver/Src/stm32l4xx_hal_dma.o" --specs=nano.specs -mfpu=fpv4-sp-d16 -mfloat-abi=hard -mthumb -o "Drivers/STM32L4xx_HAL_Driver/Src/stm32l4xx_hal_dma.o"
arm-none-eabi-gcc "../Drivers/STM32L4xx_HAL_Driver/Src/stm32l4xx_hal_dma_ex.c" -mcpu=cortex-m4 -std=gnu11 -g3 -DDEBUG -DUSE_HAL_DRIVER -DSTM32L475xx -c -I../Core/Inc -I"/Users/jewoolee/STM32CubeIDE/workspace_1.16.0/Lab4/Drivers/Components" -I"/Users/jewoolee/STM32CubeIDE/workspace_1.16.0/Lab4/Drivers/Components/Common" -I"/Users/jewoolee/STM32CubeIDE/workspace_1.16.0/Lab4/Drivers/Components/lsm6dsl" -I../Drivers/STM32L4xx_HAL_Driver/Inc -I../Drivers/STM32L4xx_HAL_Driver/Inc/Legacy -I../Middlewares/Third_Party/FreeRTOS/Source/include -I../Middlewares/Third_Party/FreeRTOS/Source/CMSIS_RTOS -I../Middlewares/Third_Party/FreeRTOS/Source/portable/GCC/ARM_CM4F -I../Drivers/CMSIS/Device/ST/STM32L4xx/Include -I../Drivers/CMSIS/Include -O0 -ffunction-sections -fdata-sections -Wall -fstack-usage -fcyclomatic-complexity -MMD -MP -MF"Drivers/STM32L4xx_HAL_Driver/Src/stm32l4xx_hal_dma_ex.d" -MT"Drivers/STM32L4xx_HAL_Driver/Src/stm32l4xx_hal_dma_ex.o" --specs=nano.specs -mfpu=fpv4-sp-d16 -mfloat-abi=hard -mthumb -o "Drivers/STM32L4xx_HAL_Driver/Src/stm32l4xx_hal_dma_ex.o"
arm-none-eabi-gcc "../Drivers/STM32L4xx_HAL_Driver/Src/stm32l4xx_hal_exti.c" -mcpu=cortex-m4 -std=gnu11 -g3 -DDEBUG -DUSE_HAL_DRIVER -DSTM32L475xx -c -I../Core/Inc -I"/Users/jewoolee/STM32CubeIDE/workspace_1.16.0/Lab4/Drivers/Components" -I"/Users/jewoolee/STM32CubeIDE/workspace_1.16.0/Lab4/Drivers/Components/Common" -I"/Users/jewoolee/STM32CubeIDE/workspace_1.16.0/Lab4/Drivers/Components/lsm6dsl" -I../Drivers/STM32L4xx_HAL_Driver/Inc -I../Drivers/STM32L4xx_HAL_Driver/Inc/Legacy -I../Middlewares/Third_Party/FreeRTOS/Source/include -I../Middlewares/Third_Party/FreeRTOS/Source/CMSIS_RTOS -I../Middlewares/Third_Party/FreeRTOS/Source/portable/GCC/ARM_CM4F -I../Drivers/CMSIS/Device/ST/STM32L4xx/Include -I../Drivers/CMSIS/Include -O0 -ffunction-sections -fdata-sections -Wall -fstack-usage -fcyclomatic-complexity -MMD -MP -MF"Drivers/STM32L4xx_HAL_Driver/Src/stm32l4xx_hal_exti.d" -MT"Drivers/STM32L4xx_HAL_Driver/Src/stm32l4xx_hal_exti.o" --specs=nano.specs -mfpu=fpv4-sp-d16 -mfloat-abi=hard -mthumb -o "Drivers/STM32L4xx_HAL_Driver/Src/stm32l4xx_hal_exti.o"
arm-none-eabi-gcc "../Drivers/STM32L4xx_HAL_Driver/Src/stm32l4xx_hal_flash.c" -mcpu=cortex-m4 -std=gnu11 -g3 -DDEBUG -DUSE_HAL_DRIVER -DSTM32L475xx -c -I../Core/Inc -I"/Users/jewoolee/STM32CubeIDE/workspace_1.16.0/Lab4/Drivers/Components" -I"/Users/jewoolee/STM32CubeIDE/workspace_1.16.0/Lab4/Drivers/Components/Common" -I"/Users/jewoolee/STM32CubeIDE/workspace_1.16.0/Lab4/Drivers/Components/lsm6dsl" -I../Drivers/STM32L4xx_HAL_Driver/Inc -I../Drivers/STM32L4xx_HAL_Driver/Inc/Legacy -I../Middlewares/Third_Party/FreeRTOS/Source/include -I../Middlewares/Third_Party/FreeRTOS/Source/CMSIS_RTOS -I../Middlewares/Third_Party/FreeRTOS/Source/portable/GCC/ARM_CM4F -I../Drivers/CMSIS/Device/ST/STM32L4xx/Include -I../Drivers/CMSIS/Include -O0 -ffunction-sections -fdata-sections -Wall -fstack-usage -fcyclomatic-complexity -MMD -MP -MF"Drivers/STM32L4xx_HAL_Driver/Src/stm32l4xx_hal_flash.d" -MT"Drivers/STM32L4xx_HAL_Driver/Src/stm32l4xx_hal_flash.o" --specs=nano.specs -mfpu=fpv4-sp-d16 -mfloat-abi=hard -mthumb -o "Drivers/STM32L4xx_HAL_Driver/Src/stm32l4xx_hal_flash.o"
arm-none-eabi-gcc "../Drivers/STM32L4xx_HAL_Driver/Src/stm32l4xx_hal_flash_ex.c" -mcpu=cortex-m4 -std=gnu11 -g3 -DDEBUG -DUSE_HAL_DRIVER -DSTM32L475xx -c -I../Core/Inc -I"/Users/jewoolee/STM32CubeIDE/workspace_1.16.0/Lab4/Drivers/Components" -I"/Users/jewoolee/STM32CubeIDE/workspace_1.16.0/Lab4/Drivers/Components/Common" -I"/Users/jewoolee/STM32CubeIDE/workspace_1.16.0/Lab4/Drivers/Components/lsm6dsl" -I../Drivers/STM32L4xx_HAL_Driver/Inc -I../Drivers/STM32L4xx_HAL_Driver/Inc/Legacy -I../Middlewares/Third_Party/FreeRTOS/Source/include -I../Middlewares/Third_Party/FreeRTOS/Source/CMSIS_RTOS -I../Middlewares/Third_Party/FreeRTOS/Source/portable/GCC/ARM_CM4F -I../Drivers/CMSIS/Device/ST/STM32L4xx/Include -I../Drivers/CMSIS/Include -O0 -ffunction-sections -fdata-sections -Wall -fstack-usage -fcyclomatic-complexity -MMD -MP -MF"Drivers/STM32L4xx_HAL_Driver/Src/stm32l4xx_hal_flash_ex.d" -MT"Drivers/STM32L4xx_HAL_Driver/Src/stm32l4xx_hal_flash_ex.o" --specs=nano.specs -mfpu=fpv4-sp-d16 -mfloat-abi=hard -mthumb -o "Drivers/STM32L4xx_HAL_Driver/Src/stm32l4xx_hal_flash_ex.o"
arm-none-eabi-gcc "../Drivers/STM32L4xx_HAL_Driver/Src/stm32l4xx_hal_flash_ramfunc.c" -mcpu=cortex-m4 -std=gnu11 -g3 -DDEBUG -DUSE_HAL_DRIVER -DSTM32L475xx -c -I../Core/Inc -I"/Users/jewoolee/STM32CubeIDE/workspace_1.16.0/Lab4/Drivers/Components" -I"/Users/jewoolee/STM32CubeIDE/workspace_1.16.0/Lab4/Drivers/Components/Common" -I"/Users/jewoolee/STM32CubeIDE/workspace_1.16.0/Lab4/Drivers/Components/lsm6dsl" -I../Drivers/STM32L4xx_HAL_Driver/Inc -I../Drivers/STM32L4xx_HAL_Driver/Inc/Legacy -I../Middlewares/Third_Party/FreeRTOS/Source/include -I../Middlewares/Third_Party/FreeRTOS/Source/CMSIS_RTOS -I../Middlewares/Third_Party/FreeRTOS/Source/portable/GCC/ARM_CM4F -I../Drivers/CMSIS/Device/ST/STM32L4xx/Include -I../Drivers/CMSIS/Include -O0 -ffunction-sections -fdata-sections -Wall -fstack-usage -fcyclomatic-complexity -MMD -MP -MF"Drivers/STM32L4xx_HAL_Driver/Src/stm32l4xx_hal_flash_ramfunc.d" -MT"Drivers/STM32L4xx_HAL_Driver/Src/stm32l4xx_hal_flash_ramfunc.o" --specs=nano.specs -mfpu=fpv4-sp-d16 -mfloat-abi=hard -mthumb -o "Drivers/STM32L4xx_HAL_Driver/Src/stm32l4xx_hal_flash_ramfunc.o"
arm-none-eabi-gcc "../Drivers/STM32L4xx_HAL_Driver/Src/stm32l4xx_hal_gpio.c" -mcpu=cortex-m4 -std=gnu11 -g3 -DDEBUG -DUSE_HAL_DRIVER -DSTM32L475xx -c -I../Core/Inc -I"/Users/jewoolee/STM32CubeIDE/workspace_1.16.0/Lab4/Drivers/Components" -I"/Users/jewoolee/STM32CubeIDE/workspace_1.16.0/Lab4/Drivers/Components/Common" -I"/Users/jewoolee/STM32CubeIDE/workspace_1.16.0/Lab4/Drivers/Components/lsm6dsl" -I../Drivers/STM32L4xx_HAL_Driver/Inc -I../Drivers/STM32L4xx_HAL_Driver/Inc/Legacy -I../Middlewares/Third_Party/FreeRTOS/Source/include -I../Middlewares/Third_Party/FreeRTOS/Source/CMSIS_RTOS -I../Middlewares/Third_Party/FreeRTOS/Source/portable/GCC/ARM_CM4F -I../Drivers/CMSIS/Device/ST/STM32L4xx/Include -I../Drivers/CMSIS/Include -O0 -ffunction-sections -fdata-sections -Wall -fstack-usage -fcyclomatic-complexity -MMD -MP -MF"Drivers/STM32L4xx_HAL_Driver/Src/stm32l4xx_hal_gpio.d" -MT"Drivers/STM32L4xx_HAL_Driver/Src/stm32l4xx_hal_gpio.o" --specs=nano.specs -mfpu=fpv4-sp-d16 -mfloat-abi=hard -mthumb -o "Drivers/STM32L4xx_HAL_Driver/Src/stm32l4xx_hal_gpio.o"
arm-none-eabi-gcc "../Drivers/STM32L4xx_HAL_Driver/Src/stm32l4xx_hal_i2c.c" -mcpu=cortex-m4 -std=gnu11 -g3 -DDEBUG -DUSE_HAL_DRIVER -DSTM32L475xx -c -I../Core/Inc -I"/Users/jewoolee/STM32CubeIDE/workspace_1.16.0/Lab4/Drivers/Components" -I"/Users/jewoolee/STM32CubeIDE/workspace_1.16.0/Lab4/Drivers/Components/Common" -I"/Users/jewoolee/STM32CubeIDE/workspace_1.16.0/Lab4/Drivers/Components/lsm6dsl" -I../Drivers/STM32L4xx_HAL_Driver/Inc -I../Drivers/STM32L4xx_HAL_Driver/Inc/Legacy -I../Middlewares/Third_Party/FreeRTOS/Source/include -I../Middlewares/Third_Party/FreeRTOS/Source/CMSIS_RTOS -I../Middlewares/Third_Party/FreeRTOS/Source/portable/GCC/ARM_CM4F -I../Drivers/CMSIS/Device/ST/STM32L4xx/Include -I../Drivers/CMSIS/Include -O0 -ffunction-sections -fdata-sections -Wall -fstack-usage -fcyclomatic-complexity -MMD -MP -MF"Drivers/STM32L4xx_HAL_Driver/Src/stm32l4xx_hal_i2c.d" -MT"Drivers/STM32L4xx_HAL_Driver/Src/stm32l4xx_hal_i2c.o" --specs=nano.specs -mfpu=fpv4-sp-d16 -mfloat-abi=hard -mthumb -o "Drivers/STM32L4xx_HAL_Driver/Src/stm32l4xx_hal_i2c.o"
arm-none-eabi-gcc "../Drivers/STM32L4xx_HAL_Driver/Src/stm32l4xx_hal_i2c_ex.c" -mcpu=cortex-m4 -std=gnu11 -g3 -DDEBUG -DUSE_HAL_DRIVER -DSTM32L475xx -c -I../Core/Inc -I"/Users/jewoolee/STM32CubeIDE/workspace_1.16.0/Lab4/Drivers/Components" -I"/Users/jewoolee/STM32CubeIDE/workspace_1.16.0/Lab4/Drivers/Components/Common" -I"/Users/jewoolee/STM32CubeIDE/workspace_1.16.0/Lab4/Drivers/Components/lsm6dsl" -I../Drivers/STM32L4xx_HAL_Driver/Inc -I../Drivers/STM32L4xx_HAL_Driver/Inc/Legacy -I../Middlewares/Third_Party/FreeRTOS/Source/include -I../Middlewares/Third_Party/FreeRTOS/Source/CMSIS_RTOS -I../Middlewares/Third_Party/FreeRTOS/Source/portable/GCC/ARM_CM4F -I../Drivers/CMSIS/Device/ST/STM32L4xx/Include -I../Drivers/CMSIS/Include -O0 -ffunction-sections -fdata-sections -Wall -fstack-usage -fcyclomatic-complexity -MMD -MP -MF"Drivers/STM32L4xx_HAL_Driver/Src/stm32l4xx_hal_i2c_ex.d" -MT"Drivers/STM32L4xx_HAL_Driver/Src/stm32l4xx_hal_i2c_ex.o" --specs=nano.specs -mfpu=fpv4-sp-d16 -mfloat-abi=hard -mthumb -o "Drivers/STM32L4xx_HAL_Driver/Src/stm32l4xx_hal_i2c_ex.o"
arm-none-eabi-gcc "../Drivers/STM32L4xx_HAL_Driver/Src/stm32l4xx_hal_pwr.c" -mcpu=cortex-m4 -std=gnu11 -g3 -DDEBUG -DUSE_HAL_DRIVER -DSTM32L475xx -c -I../Core/Inc -I"/Users/jewoolee/STM32CubeIDE/workspace_1.16.0/Lab4/Drivers/Components" -I"/Users/jewoolee/STM32CubeIDE/workspace_1.16.0/Lab4/Drivers/Components/Common" -I"/Users/jewoolee/STM32CubeIDE/workspace_1.16.0/Lab4/Drivers/Components/lsm6dsl" -I../Drivers/STM32L4xx_HAL_Driver/Inc -I../Drivers/STM32L4xx_HAL_Driver/Inc/Legacy -I../Middlewares/Third_Party/FreeRTOS/Source/include -I../Middlewares/Third_Party/FreeRTOS/Source/CMSIS_RTOS -I../Middlewares/Third_Party/FreeRTOS/Source/portable/GCC/ARM_CM4F -I../Drivers/CMSIS/Device/ST/STM32L4xx/Include -I../Drivers/CMSIS/Include -O0 -ffunction-sections -fdata-sections -Wall -fstack-usage -fcyclomatic-complexity -MMD -MP -MF"Drivers/STM32L4xx_HAL_Driver/Src/stm32l4xx_hal_pwr.d" -MT"Drivers/STM32L4xx_HAL_Driver/Src/stm32l4xx_hal_pwr.o" --specs=nano.specs -mfpu=fpv4-sp-d16 -mfloat-abi=hard -mthumb -o "Drivers/STM32L4xx_HAL_Driver/Src/stm32l4xx_hal_pwr.o"
arm-none-eabi-gcc "../Drivers/STM32L4xx_HAL_Driver/Src/stm32l4xx_hal_pwr_ex.c" -mcpu=cortex-m4 -std=gnu11 -g3 -DDEBUG -DUSE_HAL_DRIVER -DSTM32L475xx -c -I../Core/Inc -I"/Users/jewoolee/STM32CubeIDE/workspace_1.16.0/Lab4/Drivers/Components" -I"/Users/jewoolee/STM32CubeIDE/workspace_1.16.0/Lab4/Drivers/Components/Common" -I"/Users/jewoolee/STM32CubeIDE/workspace_1.16.0/Lab4/Drivers/Components/lsm6dsl" -I../Drivers/STM32L4xx_HAL_Driver/Inc -I../Drivers/STM32L4xx_HAL_Driver/Inc/Legacy -I../Middlewares/Third_Party/FreeRTOS/Source/include -I../Middlewares/Third_Party/FreeRTOS/Source/CMSIS_RTOS -I../Middlewares/Third_Party/FreeRTOS/Source/portable/GCC/ARM_CM4F -I../Drivers/CMSIS/Device/ST/STM32L4xx/Include -I../Drivers/CMSIS/Include -O0 -ffunction-sections -fdata-sections -Wall -fstack-usage -fcyclomatic-complexity -MMD -MP -MF"Drivers/STM32L4xx_HAL_Driver/Src/stm32l4xx_hal_pwr_ex.d" -MT"Drivers/STM32L4xx_HAL_Driver/Src/stm32l4xx_hal_pwr_ex.o" --specs=nano.specs -mfpu=fpv4-sp-d16 -mfloat-abi=hard -mthumb -o "Drivers/STM32L4xx_HAL_Driver/Src/stm32l4xx_hal_pwr_ex.o"
arm-none-eabi-gcc "../Drivers/STM32L4xx_HAL_Driver/Src/stm32l4xx_hal_rcc.c" -mcpu=cortex-m4 -std=gnu11 -g3 -DDEBUG -DUSE_HAL_DRIVER -DSTM32L475xx -c -I../Core/Inc -I"/Users/jewoolee/STM32CubeIDE/workspace_1.16.0/Lab4/Drivers/Components" -I"/Users/jewoolee/STM32CubeIDE/workspace_1.16.0/Lab4/Drivers/Components/Common" -I"/Users/jewoolee/STM32CubeIDE/workspace_1.16.0/Lab4/Drivers/Components/lsm6dsl" -I../Drivers/STM32L4xx_HAL_Driver/Inc -I../Drivers/STM32L4xx_HAL_Driver/Inc/Legacy -I../Middlewares/Third_Party/FreeRTOS/Source/include -I../Middlewares/Third_Party/FreeRTOS/Source/CMSIS_RTOS -I../Middlewares/Third_Party/FreeRTOS/Source/portable/GCC/ARM_CM4F -I../Drivers/CMSIS/Device/ST/STM32L4xx/Include -I../Drivers/CMSIS/Include -O0 -ffunction-sections -fdata-sections -Wall -fstack-usage -fcyclomatic-complexity -MMD -MP -MF"Drivers/STM32L4xx_HAL_Driver/Src/stm32l4xx_hal_rcc.d" -MT"Drivers/STM32L4xx_HAL_Driver/Src/stm32l4xx_hal_rcc.o" --specs=nano.specs -mfpu=fpv4-sp-d16 -mfloat-abi=hard -mthumb -o "Drivers/STM32L4xx_HAL_Driver/Src/stm32l4xx_hal_rcc.o"
[...]
../Core/Src/main.c:26:30: warning: extra tokens at end of #include directive
   26 | #include "stm32l4s5i_iot01.h";
      |                              ^
../Core/Src/main.c:27:39: warning: extra tokens at end of #include directive
   27 | #include "stm32l4s5i_iot01_accelero.h";
      |                                       ^
../Core/Src/main.c:28:35: warning: extra tokens at end of #include directive
   28 | #include "stm32l4s5i_iot01_gyro.h";
      |                                   ^
../Core/Src/main.c:29:38: warning: extra tokens at end of #include directive
   29 | #include "stm32l4s5i_iot01_hsensor.h";
      |                                      ^
../Core/Src/main.c:30:38: warning: extra tokens at end of #include directive
   30 | #include "stm32l4s5i_iot01_magneto.h";
      |                                      ^
../Core/Src/main.c:31:38: warning: extra tokens at end of #include directive
   31 | #include "stm32l4s5i_iot01_psensor.h";
      |                                      ^
../Core/Src/main.c:32:38: warning: extra tokens at end of #include directive
   32 | #include "stm32l4s5i_iot01_tsensor.h";
      |                                      ^
../Core/Src/main.c: In function 'buttonPressed':
../Core/Src/main.c:386:15: warning: operation on 'count' may be undefined [-Wsequence-point]
  386 |         count = (++count) % 4;
      |         ~~~~~~^~~~~~~~~~~~~~~
../Core/Src/main.c: In function 'automaticChange':
../Core/Src/main.c:415:23: warning: operation on 'count' may be undefined [-Wsequence-point]
  415 |                 count = (++count) % 4;
      |                 ~~~~~~^~~~~~~~~~~~~~~
../Core/Src/main.c: In function 'readSensor':
../Core/Src/main.c:436:27: warning: passing argument 1 of 'BSP_GYRO_GetXYZ' from incompatible pointer type [-Wincompatible-pointer-types]
  436 |           BSP_GYRO_GetXYZ(&gyro);
      |                           ^~~~~
      |                           |
      |                           float (*)[3]
In file included from ../Core/Src/main.c:28:
../Core/Inc/stm32l4s5i_iot01_gyro.h:66:29: note: expected 'float *' but argument is of type 'float (*)[3]'
   66 | void BSP_GYRO_GetXYZ(float* pfData);
      |                      ~~~~~~~^~~~~~
../Core/Src/main.c:438:30: warning: passing argument 1 of 'BSP_MAGNETO_GetXYZ' from incompatible pointer type [-Wincompatible-pointer-types]
  438 |           BSP_MAGNETO_GetXYZ(&magneto);
      |                              ^~~~~~~~
      |                              |
      |                              int16_t (*)[3] {aka short int (*)[3]}
In file included from ../Core/Src/main.c:30:
../Core/Inc/stm32l4s5i_iot01_magneto.h:66:34: note: expected 'int16_t *' {aka 'short int *'} but argument is of type 'int16_t (*)[3]' {aka 'short int (*)[3]'}
   66 | void BSP_MAGNETO_GetXYZ(int16_t *pDataXYZ);
      |                         ~~~~~~~~~^~~~~~~~
../Core/Src/main.c: In function 'displayData':
../Core/Src/main.c:457:9: warning: implicit declaration of function 'memset' [-Wimplicit-function-declaration]
  457 |         memset(result, ' ', 69);
      |         ^~~~~~
../Core/Src/main.c:33:1: note: include '<string.h>' or provide a declaration of 'memset'
   32 | #include "stm32l4s5i_iot01_tsensor.h";
  +++ |+#include <string.h>
   33 | 
../Core/Src/main.c:457:9: warning: incompatible implicit declaration of built-in function 'memset' [-Wbuiltin-declaration-mismatch]
  457 |         memset(result, ' ', 69);
      |         ^~~~~~
../Core/Src/main.c:457:9: note: include '<string.h>' or provide a declaration of 'memset'
../Core/Src/main.c:461:11: warning: implicit declaration of function 'sprintf' [-Wimplicit-function-declaration]
  461 |           sprintf(result, "\n\rHumidity: %.2d", (int) humidity);
      |           ^~~~~~~
../Core/Src/main.c:33:1: note: include '<stdio.h>' or provide a declaration of 'sprintf'
   32 | #include "stm32l4s5i_iot01_tsensor.h";
  +++ |+#include <stdio.h>
   33 | 
../Core/Src/main.c:461:11: warning: incompatible implicit declaration of built-in function 'sprintf' [-Wbuiltin-declaration-mismatch]
  461 |           sprintf(result, "\n\rHumidity: %.2d", (int) humidity);
      |           ^~~~~~~
../Core/Src/main.c:461:11: note: include '<stdio.h>' or provide a declaration of 'sprintf'
arm-none-eabi-gcc -o "Lab4_final.elf" @"objects.list"   -mcpu=cortex-m4 -T"/Users/jewoolee/STM32CubeIDE/workspace_1.16.0/Lab4_final/STM32L4S5VITX_FLASH.ld" --specs=nosys.specs -Wl,-Map="Lab4_final.map" -Wl,--gc-sections -static -u _printf_float --specs=nano.specs -mfpu=fpv4-sp-d16 -mfloat-abi=hard -mthumb -Wl,--start-group -lc -lm -Wl,--end-group
Finished building target: Lab4_final.elf
 
arm-none-eabi-size  Lab4_final.elf 
arm-none-eabi-objdump -h -S Lab4_final.elf  > "Lab4_final.list"
   text	   data	    bss	    dec	    hex	filename
  44748	    600	   6456	  51804	   ca5c	Lab4_final.elf
Finished building: default.size.stdout
 
Finished building: Lab4_final.list
 
14:52:05 **** Incremental Build of configuration Debug for project Lab4_final ****
make -j7 all 
arm-none-eabi-gcc "../Core/Src/main.c" -mcpu=cortex-m4 -std=gnu11 -g3 -DDEBUG -DUSE_HAL_DRIVER -DSTM32L4S5xx -c -I../Core/Inc -I../Drivers/STM32L4xx_HAL_Driver/Inc -I../Drivers/STM32L4xx_HAL_Driver/Inc/Legacy -I../Middlewares/Third_Party/FreeRTOS/Source/include -I../Middlewares/Third_Party/FreeRTOS/Source/CMSIS_RTOS -I../Middlewares/Third_Party/FreeRTOS/Source/portable/GCC/ARM_CM4F -I../Drivers/CMSIS/Device/ST/STM32L4xx/Include -I../Drivers/CMSIS/Include -O0 -ffunction-sections -fdata-sections -Wall -fstack-usage -fcyclomatic-complexity -MMD -MP -MF"Core/Src/main.d" -MT"Core/Src/main.o" --specs=nano.specs -mfpu=fpv4-sp-d16 -mfloat-abi=hard -mthumb -o "Core/Src/main.o"
../Core/Src/main.c:26:30: warning: extra tokens at end of #include directive
   26 | #include "stm32l4s5i_iot01.h";
      |                              ^
../Core/Src/main.c:27:39: warning: extra tokens at end of #include directive
   27 | #include "stm32l4s5i_iot01_accelero.h";
      |                                       ^
../Core/Src/main.c:28:35: warning: extra tokens at end of #include directive
   28 | #include "stm32l4s5i_iot01_gyro.h";
      |                                   ^
../Core/Src/main.c:29:38: warning: extra tokens at end of #include directive
   29 | #include "stm32l4s5i_iot01_hsensor.h";
      |                                      ^
../Core/Src/main.c:30:38: warning: extra tokens at end of #include directive
   30 | #include "stm32l4s5i_iot01_magneto.h";
      |                                      ^
../Core/Src/main.c:31:38: warning: extra tokens at end of #include directive
   31 | #include "stm32l4s5i_iot01_psensor.h";
      |                                      ^
../Core/Src/main.c:32:38: warning: extra tokens at end of #include directive
   32 | #include "stm32l4s5i_iot01_tsensor.h";
      |                                      ^
../Core/Src/main.c: In function 'buttonPressed':
../Core/Src/main.c:386:15: warning: operation on 'count' may be undefined [-Wsequence-point]
  386 |         count = (++count) % 4;
      |         ~~~~~~^~~~~~~~~~~~~~~
../Core/Src/main.c: In function 'automaticChange':
../Core/Src/main.c:415:23: warning: operation on 'count' may be undefined [-Wsequence-point]
  415 |                 count = (++count) % 4;
      |                 ~~~~~~^~~~~~~~~~~~~~~
../Core/Src/main.c: In function 'readSensor':
../Core/Src/main.c:436:27: warning: passing argument 1 of 'BSP_GYRO_GetXYZ' from incompatible pointer type [-Wincompatible-pointer-types]
  436 |           BSP_GYRO_GetXYZ(&gyro);
      |                           ^~~~~
      |                           |
      |                           float (*)[3]
In file included from ../Core/Src/main.c:28:
../Core/Inc/stm32l4s5i_iot01_gyro.h:66:29: note: expected 'float *' but argument is of type 'float (*)[3]'
   66 | void BSP_GYRO_GetXYZ(float* pfData);
      |                      ~~~~~~~^~~~~~
../Core/Src/main.c:438:30: warning: passing argument 1 of 'BSP_MAGNETO_GetXYZ' from incompatible pointer type [-Wincompatible-pointer-types]
  438 |           BSP_MAGNETO_GetXYZ(&magneto);
      |                              ^~~~~~~~
      |                              |
      |                              int16_t (*)[3] {aka short int (*)[3]}
In file included from ../Core/Src/main.c:30:
../Core/Inc/stm32l4s5i_iot01_magneto.h:66:34: note: expected 'int16_t *' {aka 'short int *'} but argument is of type 'int16_t (*)[3]' {aka 'short int (*)[3]'}
   66 | void BSP_MAGNETO_GetXYZ(int16_t *pDataXYZ);
      |                         ~~~~~~~~~^~~~~~~~
../Core/Src/main.c: In function 'displayData':
../Core/Src/main.c:457:9: warning: implicit declaration of function 'memset' [-Wimplicit-function-declaration]
  457 |         memset(result, ' ', 69);
      |         ^~~~~~
../Core/Src/main.c:33:1: note: include '<string.h>' or provide a declaration of 'memset'
   32 | #include "stm32l4s5i_iot01_tsensor.h";
  +++ |+#include <string.h>
   33 | 
../Core/Src/main.c:457:9: warning: incompatible implicit declaration of built-in function 'memset' [-Wbuiltin-declaration-mismatch]
  457 |         memset(result, ' ', 69);
      |         ^~~~~~
../Core/Src/main.c:457:9: note: include '<string.h>' or provide a declaration of 'memset'
../Core/Src/main.c:461:11: warning: implicit declaration of function 'sprintf' [-Wimplicit-function-declaration]
  461 |           sprintf(result, "\n\rHumidity: %.2d", (uint8_t) humidity);
      |           ^~~~~~~
../Core/Src/main.c:33:1: note: include '<stdio.h>' or provide a declaration of 'sprintf'
   32 | #include "stm32l4s5i_iot01_tsensor.h";
  +++ |+#include <stdio.h>
   33 | 
../Core/Src/main.c:461:11: warning: incompatible implicit declaration of built-in function 'sprintf' [-Wbuiltin-declaration-mismatch]
  461 |           sprintf(result, "\n\rHumidity: %.2d", (uint8_t) humidity);
      |           ^~~~~~~
../Core/Src/main.c:461:11: note: include '<stdio.h>' or provide a declaration of 'sprintf'
arm-none-eabi-gcc -o "Lab4_final.elf" @"objects.list"   -mcpu=cortex-m4 -T"/Users/jewoolee/STM32CubeIDE/workspace_1.16.0/Lab4_final/STM32L4S5VITX_FLASH.ld" --specs=nosys.specs -Wl,-Map="Lab4_final.map" -Wl,--gc-sections -static -u _printf_float --specs=nano.specs -mfpu=fpv4-sp-d16 -mfloat-abi=hard -mthumb -Wl,--start-group -lc -lm -Wl,--end-group
Finished building target: Lab4_final.elf
 
arm-none-eabi-size  Lab4_final.elf 
arm-none-eabi-objdump -h -S Lab4_final.elf  > "Lab4_final.list"
   text	   data	    bss	    dec	    hex	filename
  44764	    600	   6456	  51820	   ca6c	Lab4_final.elf
Finished building: default.size.stdout
 
Finished building: Lab4_final.list
 
15:06:48 **** Incremental Build of configuration Debug for project Lab4_final ****
make -j7 all 
arm-none-eabi-gcc "../Core/Src/main.c" -mcpu=cortex-m4 -std=gnu11 -g3 -DDEBUG -DUSE_HAL_DRIVER -DSTM32L4S5xx -c -I../Core/Inc -I../Drivers/STM32L4xx_HAL_Driver/Inc -I../Drivers/STM32L4xx_HAL_Driver/Inc/Legacy -I../Middlewares/Third_Party/FreeRTOS/Source/include -I../Middlewares/Third_Party/FreeRTOS/Source/CMSIS_RTOS -I../Middlewares/Third_Party/FreeRTOS/Source/portable/GCC/ARM_CM4F -I../Drivers/CMSIS/Device/ST/STM32L4xx/Include -I../Drivers/CMSIS/Include -O0 -ffunction-sections -fdata-sections -Wall -fstack-usage -fcyclomatic-complexity -MMD -MP -MF"Core/Src/main.d" -MT"Core/Src/main.o" --specs=nano.specs -mfpu=fpv4-sp-d16 -mfloat-abi=hard -mthumb -o "Core/Src/main.o"
../Core/Src/main.c: In function 'buttonPressed':
../Core/Src/main.c:386:15: warning: operation on 'count' may be undefined [-Wsequence-point]
  386 |         count = (++count) % 4;
      |         ~~~~~~^~~~~~~~~~~~~~~
../Core/Src/main.c: In function 'automaticChange':
../Core/Src/main.c:415:23: warning: operation on 'count' may be undefined [-Wsequence-point]
  415 |                 count = (++count) % 4;
      |                 ~~~~~~^~~~~~~~~~~~~~~
../Core/Src/main.c: In function 'readSensor':
../Core/Src/main.c:436:27: warning: passing argument 1 of 'BSP_GYRO_GetXYZ' from incompatible pointer type [-Wincompatible-pointer-types]
  436 |           BSP_GYRO_GetXYZ(&gyro);
      |                           ^~~~~
      |                           |
      |                           float (*)[3]
In file included from ../Core/Src/main.c:25:
../Core/Inc/stm32l4s5i_iot01_gyro.h:66:29: note: expected 'float *' but argument is of type 'float (*)[3]'
   66 | void BSP_GYRO_GetXYZ(float* pfData);
      |                      ~~~~~~~^~~~~~
../Core/Src/main.c:438:30: warning: passing argument 1 of 'BSP_MAGNETO_GetXYZ' from incompatible pointer type [-Wincompatible-pointer-types]
  438 |           BSP_MAGNETO_GetXYZ(&magneto);
      |                              ^~~~~~~~
      |                              |
      |                              int16_t (*)[3] {aka short int (*)[3]}
In file included from ../Core/Src/main.c:27:
../Core/Inc/stm32l4s5i_iot01_magneto.h:66:34: note: expected 'int16_t *' {aka 'short int *'} but argument is of type 'int16_t (*)[3]' {aka 'short int (*)[3]'}
   66 | void BSP_MAGNETO_GetXYZ(int16_t *pDataXYZ);
      |                         ~~~~~~~~~^~~~~~~~
../Core/Src/main.c: In function 'displayData':
../Core/Src/main.c:457:9: warning: implicit declaration of function 'memset' [-Wimplicit-function-declaration]
  457 |         memset(result, ' ', 69);
      |         ^~~~~~
../Core/Src/main.c:30:1: note: include '<string.h>' or provide a declaration of 'memset'
   29 | #include "stm32l4s5i_iot01_tsensor.h"
  +++ |+#include <string.h>
   30 | 
../Core/Src/main.c:457:9: warning: incompatible implicit declaration of built-in function 'memset' [-Wbuiltin-declaration-mismatch]
  457 |         memset(result, ' ', 69);
      |         ^~~~~~
../Core/Src/main.c:457:9: note: include '<string.h>' or provide a declaration of 'memset'
../Core/Src/main.c:461:11: warning: implicit declaration of function 'sprintf' [-Wimplicit-function-declaration]
  461 |           sprintf(result, "\n\rHumidity: %.2d", (uint8_t) humidity);
      |           ^~~~~~~
../Core/Src/main.c:30:1: note: include '<stdio.h>' or provide a declaration of 'sprintf'
   29 | #include "stm32l4s5i_iot01_tsensor.h"
  +++ |+#include <stdio.h>
   30 | 
../Core/Src/main.c:461:11: warning: incompatible implicit declaration of built-in function 'sprintf' [-Wbuiltin-declaration-mismatch]
  461 |           sprintf(result, "\n\rHumidity: %.2d", (uint8_t) humidity);
      |           ^~~~~~~
../Core/Src/main.c:461:11: note: include '<stdio.h>' or provide a declaration of 'sprintf'
arm-none-eabi-gcc -o "Lab4_final.elf" @"objects.list"   -mcpu=cortex-m4 -T"/Users/jewoolee/STM32CubeIDE/workspace_1.16.0/Lab4_final/STM32L4S5VITX_FLASH.ld" --specs=nosys.specs -Wl,-Map="Lab4_final.map" -Wl,--gc-sections -static -u _printf_float --specs=nano.specs -mfpu=fpv4-sp-d16 -mfloat-abi=hard -mthumb -Wl,--start-group -lc -lm -Wl,--end-group
Finished building target: Lab4_final.elf
 
arm-none-eabi-size  Lab4_final.elf 
arm-none-eabi-objdump -h -S Lab4_final.elf  > "Lab4_final.list"
   text	   data	    bss	    dec	    hex	filename
  44764	    600	   6456	  51820	   ca6c	Lab4_final.elf
Finished building: default.size.stdout
 
Finished building: Lab4_final.list
 
15:08:17 **** Incremental Build of configuration Debug for project Lab4_final ****
make -j7 all 
arm-none-eabi-gcc "../Core/Src/main.c" -mcpu=cortex-m4 -std=gnu11 -g3 -DDEBUG -DUSE_HAL_DRIVER -DSTM32L4S5xx -c -I../Core/Inc -I../Drivers/STM32L4xx_HAL_Driver/Inc -I../Drivers/STM32L4xx_HAL_Driver/Inc/Legacy -I../Middlewares/Third_Party/FreeRTOS/Source/include -I../Middlewares/Third_Party/FreeRTOS/Source/CMSIS_RTOS -I../Middlewares/Third_Party/FreeRTOS/Source/portable/GCC/ARM_CM4F -I../Drivers/CMSIS/Device/ST/STM32L4xx/Include -I../Drivers/CMSIS/Include -O0 -ffunction-sections -fdata-sections -Wall -fstack-usage -fcyclomatic-complexity -MMD -MP -MF"Core/Src/main.d" -MT"Core/Src/main.o" --specs=nano.specs -mfpu=fpv4-sp-d16 -mfloat-abi=hard -mthumb -o "Core/Src/main.o"
../Core/Src/main.c: In function 'buttonPressed':
../Core/Src/main.c:386:15: warning: operation on 'count' may be undefined [-Wsequence-point]
  386 |         count = (count++) % 4;
      |         ~~~~~~^~~~~~~~~~~~~~~
../Core/Src/main.c: In function 'automaticChange':
../Core/Src/main.c:415:23: warning: operation on 'count' may be undefined [-Wsequence-point]
  415 |                 count = (++count) % 4;
      |                 ~~~~~~^~~~~~~~~~~~~~~
../Core/Src/main.c: In function 'readSensor':
../Core/Src/main.c:436:27: warning: passing argument 1 of 'BSP_GYRO_GetXYZ' from incompatible pointer type [-Wincompatible-pointer-types]
  436 |           BSP_GYRO_GetXYZ(&gyro);
      |                           ^~~~~
      |                           |
      |                           float (*)[3]
In file included from ../Core/Src/main.c:25:
../Core/Inc/stm32l4s5i_iot01_gyro.h:66:29: note: expected 'float *' but argument is of type 'float (*)[3]'
   66 | void BSP_GYRO_GetXYZ(float* pfData);
      |                      ~~~~~~~^~~~~~
../Core/Src/main.c:438:30: warning: passing argument 1 of 'BSP_MAGNETO_GetXYZ' from incompatible pointer type [-Wincompatible-pointer-types]
  438 |           BSP_MAGNETO_GetXYZ(&magneto);
      |                              ^~~~~~~~
      |                              |
      |                              int16_t (*)[3] {aka short int (*)[3]}
In file included from ../Core/Src/main.c:27:
../Core/Inc/stm32l4s5i_iot01_magneto.h:66:34: note: expected 'int16_t *' {aka 'short int *'} but argument is of type 'int16_t (*)[3]' {aka 'short int (*)[3]'}
   66 | void BSP_MAGNETO_GetXYZ(int16_t *pDataXYZ);
      |                         ~~~~~~~~~^~~~~~~~
../Core/Src/main.c: In function 'displayData':
../Core/Src/main.c:457:9: warning: implicit declaration of function 'memset' [-Wimplicit-function-declaration]
  457 |         memset(result, ' ', 69);
      |         ^~~~~~
../Core/Src/main.c:30:1: note: include '<string.h>' or provide a declaration of 'memset'
   29 | #include "stm32l4s5i_iot01_tsensor.h"
  +++ |+#include <string.h>
   30 | 
../Core/Src/main.c:457:9: warning: incompatible implicit declaration of built-in function 'memset' [-Wbuiltin-declaration-mismatch]
  457 |         memset(result, ' ', 69);
      |         ^~~~~~
../Core/Src/main.c:457:9: note: include '<string.h>' or provide a declaration of 'memset'
../Core/Src/main.c:461:11: warning: implicit declaration of function 'sprintf' [-Wimplicit-function-declaration]
  461 |           sprintf(result, "\n\rHumidity: %.2d", (uint8_t) humidity);
      |           ^~~~~~~
../Core/Src/main.c:30:1: note: include '<stdio.h>' or provide a declaration of 'sprintf'
   29 | #include "stm32l4s5i_iot01_tsensor.h"
  +++ |+#include <stdio.h>
   30 | 
../Core/Src/main.c:461:11: warning: incompatible implicit declaration of built-in function 'sprintf' [-Wbuiltin-declaration-mismatch]
  461 |           sprintf(result, "\n\rHumidity: %.2d", (uint8_t) humidity);
      |           ^~~~~~~
../Core/Src/main.c:461:11: note: include '<stdio.h>' or provide a declaration of 'sprintf'
arm-none-eabi-gcc -o "Lab4_final.elf" @"objects.list"   -mcpu=cortex-m4 -T"/Users/jewoolee/STM32CubeIDE/workspace_1.16.0/Lab4_final/STM32L4S5VITX_FLASH.ld" --specs=nosys.specs -Wl,-Map="Lab4_final.map" -Wl,--gc-sections -static -u _printf_float --specs=nano.specs -mfpu=fpv4-sp-d16 -mfloat-abi=hard -mthumb -Wl,--start-group -lc -lm -Wl,--end-group
Finished building target: Lab4_final.elf
 
arm-none-eabi-size  Lab4_final.elf 
arm-none-eabi-objdump -h -S Lab4_final.elf  > "Lab4_final.list"
   text	   data	    bss	    dec	    hex	filename
  44748	    600	   6456	  51804	   ca5c	Lab4_final.elf
Finished building: default.size.stdout
 
Finished building: Lab4_final.list
 
