18:01:02 **** Incremental Build of configuration Debug for project Tutorial1 ****
make -j7 all 
arm-none-eabi-gcc "../Core/Src/main.c" -mcpu=cortex-m4 -std=gnu11 -g3 -DDEBUG -DUSE_HAL_DRIVER -DSTM32L4S5xx -c -I../Core/Inc -I../Drivers/STM32L4xx_HAL_Driver/Inc -I../Drivers/STM32L4xx_HAL_Driver/Inc/Legacy -I../Drivers/CMSIS/Device/ST/STM32L4xx/Include -I../Drivers/CMSIS/Include -O0 -ffunction-sections -fdata-sections -Wall -fstack-usage -fcyclomatic-complexity -MMD -MP -MF"Core/Src/main.d" -MT"Core/Src/main.o" --specs=nano.specs -mfpu=fpv4-sp-d16 -mfloat-abi=hard -mthumb -o "Core/Src/main.o"
arm-none-eabi-gcc -o "Tutorial1.elf" @"objects.list"   -mcpu=cortex-m4 -T"/Users/jewoolee/STM32CubeIDE/workspace_1.16.0/Tutorial1/STM32L4S5VITX_FLASH.ld" --specs=nosys.specs -Wl,-Map="Tutorial1.map" -Wl,--gc-sections -static --specs=nano.specs -mfpu=fpv4-sp-d16 -mfloat-abi=hard -mthumb -Wl,--start-group -lc -lm -Wl,--end-group
Finished building target: Tutorial1.elf
 
arm-none-eabi-size  Tutorial1.elf 
arm-none-eabi-objdump -h -S Tutorial1.elf  > "Tutorial1.list"
   text	   data	    bss	    dec	    hex	filename
   6772	     12	   1572	   8356	   20a4	Tutorial1.elf
Finished building: default.size.stdout
 
Finished building: Tutorial1.list
 

18:01:02 Build Finished. 0 errors, 0 warnings. (took 512ms)

